Archive member included to satisfy reference by file (symbol)

C:/PROGRA~2/ARMGNU~1/14EFD8~1.2RE/bin/../lib/gcc/arm-none-eabi/14.2.1/thumb/v6-m/nofp\libgcc.a(_dvmd_tls.o)
                              CMakeFiles/adc_self_test.dir/C_/Users/peter/Documents/GitHub/pico-sdk/src/rp2_common/pico_divider/divider_hardware.S.obj (__aeabi_idiv0)
C:/PROGRA~2/ARMGNU~1/14EFD8~1.2RE/bin/../lib/gcc/arm-none-eabi/14.2.1/thumb/v6-m/nofp\libg.a(libc_a-calloc.o)
                              CMakeFiles/adc_self_test.dir/C_/Users/peter/Documents/GitHub/pico-sdk/src/rp2_common/pico_malloc/malloc.c.obj (calloc)
C:/PROGRA~2/ARMGNU~1/14EFD8~1.2RE/bin/../lib/gcc/arm-none-eabi/14.2.1/thumb/v6-m/nofp\libg.a(libc_a-callocr.o)
                              C:/PROGRA~2/ARMGNU~1/14EFD8~1.2RE/bin/../lib/gcc/arm-none-eabi/14.2.1/thumb/v6-m/nofp\libg.a(libc_a-calloc.o) (_calloc_r)
C:/PROGRA~2/ARMGNU~1/14EFD8~1.2RE/bin/../lib/gcc/arm-none-eabi/14.2.1/thumb/v6-m/nofp\libg.a(libc_a-malloc.o)
                              CMakeFiles/adc_self_test.dir/C_/Users/peter/Documents/GitHub/pico-sdk/src/rp2_common/pico_malloc/malloc.c.obj (malloc)
C:/PROGRA~2/ARMGNU~1/14EFD8~1.2RE/bin/../lib/gcc/arm-none-eabi/14.2.1/thumb/v6-m/nofp\libg.a(libc_a-mallocr.o)
                              C:/PROGRA~2/ARMGNU~1/14EFD8~1.2RE/bin/../lib/gcc/arm-none-eabi/14.2.1/thumb/v6-m/nofp\libg.a(libc_a-callocr.o) (_malloc_r)
C:/PROGRA~2/ARMGNU~1/14EFD8~1.2RE/bin/../lib/gcc/arm-none-eabi/14.2.1/thumb/v6-m/nofp\libg.a(libc_a-mlock.o)
                              C:/PROGRA~2/ARMGNU~1/14EFD8~1.2RE/bin/../lib/gcc/arm-none-eabi/14.2.1/thumb/v6-m/nofp\libg.a(libc_a-mallocr.o) (__malloc_lock)
C:/PROGRA~2/ARMGNU~1/14EFD8~1.2RE/bin/../lib/gcc/arm-none-eabi/14.2.1/thumb/v6-m/nofp\libg.a(libc_a-realloc.o)
                              CMakeFiles/adc_self_test.dir/C_/Users/peter/Documents/GitHub/pico-sdk/src/rp2_common/pico_malloc/malloc.c.obj (realloc)
C:/PROGRA~2/ARMGNU~1/14EFD8~1.2RE/bin/../lib/gcc/arm-none-eabi/14.2.1/thumb/v6-m/nofp\libg.a(libc_a-reallocr.o)
                              C:/PROGRA~2/ARMGNU~1/14EFD8~1.2RE/bin/../lib/gcc/arm-none-eabi/14.2.1/thumb/v6-m/nofp\libg.a(libc_a-realloc.o) (_realloc_r)
C:/PROGRA~2/ARMGNU~1/14EFD8~1.2RE/bin/../lib/gcc/arm-none-eabi/14.2.1/thumb/v6-m/nofp\libg.a(libc_a-memcmp.o)
                              CMakeFiles/adc_self_test.dir/C_/Users/peter/Documents/GitHub/pico-sdk/src/rp2_common/pico_atomic/atomic.c.obj (memcmp)
C:/PROGRA~2/ARMGNU~1/14EFD8~1.2RE/bin/../lib/gcc/arm-none-eabi/14.2.1/thumb/v6-m/nofp\libg.a(libc_a-memmove.o)
                              C:/PROGRA~2/ARMGNU~1/14EFD8~1.2RE/bin/../lib/gcc/arm-none-eabi/14.2.1/thumb/v6-m/nofp\libg.a(libc_a-reallocr.o) (memmove)
C:/PROGRA~2/ARMGNU~1/14EFD8~1.2RE/bin/../lib/gcc/arm-none-eabi/14.2.1/thumb/v6-m/nofp\libg.a(libc_a-lcltime_r.o)
                              CMakeFiles/adc_self_test.dir/C_/Users/peter/Documents/GitHub/pico-sdk/src/common/pico_util/datetime.c.obj (localtime_r)
C:/PROGRA~2/ARMGNU~1/14EFD8~1.2RE/bin/../lib/gcc/arm-none-eabi/14.2.1/thumb/v6-m/nofp\libg.a(libc_a-mktime.o)
                              CMakeFiles/adc_self_test.dir/C_/Users/peter/Documents/GitHub/pico-sdk/src/common/pico_util/datetime.c.obj (mktime)
C:/PROGRA~2/ARMGNU~1/14EFD8~1.2RE/bin/../lib/gcc/arm-none-eabi/14.2.1/thumb/v6-m/nofp\libg.a(libc_a-month_lengths.o)
                              C:/PROGRA~2/ARMGNU~1/14EFD8~1.2RE/bin/../lib/gcc/arm-none-eabi/14.2.1/thumb/v6-m/nofp\libg.a(libc_a-lcltime_r.o) (__month_lengths)
C:/PROGRA~2/ARMGNU~1/14EFD8~1.2RE/bin/../lib/gcc/arm-none-eabi/14.2.1/thumb/v6-m/nofp\libg.a(libc_a-tzcalc_limits.o)
                              C:/PROGRA~2/ARMGNU~1/14EFD8~1.2RE/bin/../lib/gcc/arm-none-eabi/14.2.1/thumb/v6-m/nofp\libg.a(libc_a-lcltime_r.o) (__tzcalc_limits)
C:/PROGRA~2/ARMGNU~1/14EFD8~1.2RE/bin/../lib/gcc/arm-none-eabi/14.2.1/thumb/v6-m/nofp\libg.a(libc_a-tzlock.o)
                              C:/PROGRA~2/ARMGNU~1/14EFD8~1.2RE/bin/../lib/gcc/arm-none-eabi/14.2.1/thumb/v6-m/nofp\libg.a(libc_a-lcltime_r.o) (__tz_lock)
C:/PROGRA~2/ARMGNU~1/14EFD8~1.2RE/bin/../lib/gcc/arm-none-eabi/14.2.1/thumb/v6-m/nofp\libg.a(libc_a-tzset.o)
                              C:/PROGRA~2/ARMGNU~1/14EFD8~1.2RE/bin/../lib/gcc/arm-none-eabi/14.2.1/thumb/v6-m/nofp\libg.a(libc_a-lcltime_r.o) (_tzset_unlocked)
C:/PROGRA~2/ARMGNU~1/14EFD8~1.2RE/bin/../lib/gcc/arm-none-eabi/14.2.1/thumb/v6-m/nofp\libg.a(libc_a-tzset_r.o)
                              C:/PROGRA~2/ARMGNU~1/14EFD8~1.2RE/bin/../lib/gcc/arm-none-eabi/14.2.1/thumb/v6-m/nofp\libg.a(libc_a-tzset.o) (_tzset_unlocked_r)
C:/PROGRA~2/ARMGNU~1/14EFD8~1.2RE/bin/../lib/gcc/arm-none-eabi/14.2.1/thumb/v6-m/nofp\libg.a(libc_a-tzvars.o)
                              C:/PROGRA~2/ARMGNU~1/14EFD8~1.2RE/bin/../lib/gcc/arm-none-eabi/14.2.1/thumb/v6-m/nofp\libg.a(libc_a-tzset_r.o) (_timezone)
C:/PROGRA~2/ARMGNU~1/14EFD8~1.2RE/bin/../lib/gcc/arm-none-eabi/14.2.1/thumb/v6-m/nofp\libg.a(libc_a-impure.o)
[...]
Memory Configuration

Name             Origin             Length             Attributes
FLASH            0x10000000         0x00200000         xr
RAM              0x20000000         0x00040000         xrw
SCRATCH_X        0x20040000         0x00001000         xrw
SCRATCH_Y        0x20041000         0x00001000         xrw
*default*        0x00000000         0xffffffff

Linker script and memory map

LOAD C:/PROGRA~2/ARMGNU~1/14EFD8~1.2RE/bin/../lib/gcc/arm-none-eabi/14.2.1/thumb/v6-m/nofp/crti.o
LOAD C:/PROGRA~2/ARMGNU~1/14EFD8~1.2RE/bin/../lib/gcc/arm-none-eabi/14.2.1/thumb/v6-m/nofp/crtbegin.o
LOAD C:/PROGRA~2/ARMGNU~1/14EFD8~1.2RE/bin/../lib/gcc/arm-none-eabi/14.2.1/thumb/v6-m/nofp/crt0.o

.flash_begin    0x10000000        0x0
                0x10000000                        __flash_binary_start = .

.boot2          0x10000000      0x100
                0x10000000                        __boot2_start__ = .
 *(.boot2)
 .boot2         0x10000000      0x100 pico-sdk/src/rp2040/boot_stage2/CMakeFiles/bs2_default_library.dir/./bs2_default_padded_checksummed.S.obj
                0x10000100                        __boot2_end__ = .
                0x00000001                        ASSERT (((__boot2_end__ - __boot2_start__) == 0x100), ERROR: Pico second stage bootloader must be 256 bytes in size)

.text           0x10000100     0x70ac
                0x10000100                        __logical_binary_start = .
 *(.vectors)
 .vectors       0x10000100       0xd4 CMakeFiles/adc_self_test.dir/C_/Users/peter/Documents/GitHub/pico-sdk/src/rp2_common/pico_crt0/crt0.S.obj
                0x10000100                __VECTOR_TABLE
                0x10000100                __vectors
                0x100001c0                isr_irq13
                0x100001c0                isr_irq27
                0x100001c0                isr_irq31
                0x100001c0                isr_irq12
                0x100001c0                isr_irq5
                0x100001c0                isr_irq11
                0x100001c0                isr_irq3
                0x100001c0                isr_irq23
                0x100001c0                __unhandled_user_irq
                0x100001c0                isr_irq26
                0x100001c0                isr_irq28
                0x100001c0                isr_irq19
                0x100001c0                isr_irq0
                0x100001c0                isr_irq6
                0x100001c0                isr_irq29
                0x100001c0                isr_irq16
                0x100001c0                isr_irq22
                0x100001c0                isr_irq18
                0x100001c0                isr_irq17
                0x100001c0                isr_irq14
                0x100001c0                __vectors_end
                0x100001c0                __default_isrs_start
                0x100001c0                isr_irq2
                0x100001c0                isr_irq10
                0x100001c0                isr_irq8
                0x100001c0                isr_irq24
                0x100001c0                isr_irq1
                0x100001c0                isr_irq7
                0x100001c0                isr_irq21
                0x100001c0                isr_irq20
                0x100001c0                isr_irq15
                0x100001c0                isr_irq25
                0x100001c0                isr_irq4
                0x100001c0                isr_irq30
                0x100001c0                isr_irq9
                0x100001c6                unhandled_user_irq_num_in_r0
                0x100001c8                isr_invalid
                0x100001ca                isr_nmi
                0x100001cc                isr_hardfault
                0x100001ce                isr_svcall
                0x100001d0                isr_pendsv
                0x100001d2                isr_systick
                0x100001d4                __default_isrs_end
 *(.binary_info_header)
 .binary_info_header
                0x100001d4       0x14 CMakeFiles/adc_self_test.dir/C_/Users/peter/Documents/GitHub/pico-sdk/src/rp2_common/pico_crt0/crt0.S.obj
                0x100001e8                        __binary_info_header_end = .
 *(.embedded_block)
                0x100001e8                        __embedded_block_end = .
 *(.reset)
 .reset         0x100001e8       0x9c CMakeFiles/adc_self_test.dir/C_/Users/peter/Documents/GitHub/pico-sdk/src/rp2_common/pico_crt0/crt0.S.obj
                0x100001e8                _entry_point
 *(.init)
 .init          0x10000284        0x4 C:/PROGRA~2/ARMGNU~1/14EFD8~1.2RE/bin/../lib/gcc/arm-none-eabi/14.2.1/thumb/v6-m/nofp/crti.o
                0x10000284                _init
 *(EXCLUDE_FILE(*libm.a: *libc.a:*lib_a-mem*.o *libgcc.a:) .text*)
 .text.register_tm_clones
                0x10000288       0x28 C:/PROGRA~2/ARMGNU~1/14EFD8~1.2RE/bin/../lib/gcc/arm-none-eabi/14.2.1/thumb/v6-m/nofp/crtbegin.o
 .text.frame_dummy
                0x100002b0       0x24 C:/PROGRA~2/ARMGNU~1/14EFD8~1.2RE/bin/../lib/gcc/arm-none-eabi/14.2.1/thumb/v6-m/nofp/crtbegin.o
 .text.startup.main
                0x100002d4      0x328 CMakeFiles/adc_self_test.dir/src/adc_tx/adc_self_test.c.obj
                0x100002d4                main
 .text.gpio_set_function
                0x100005fc       0x34 CMakeFiles/adc_self_test.dir/C_/Users/peter/Documents/GitHub/pico-sdk/src/rp2_common/hardware_gpio/gpio.c.obj
                0x100005fc                gpio_set_function
 .text.gpio_set_pulls
                0x10000630       0x28 CMakeFiles/adc_self_test.dir/C_/Users/peter/Documents/GitHub/pico-sdk/src/rp2_common/hardware_gpio/gpio.c.obj
                0x10000630                gpio_set_pulls
 .text.rp2040_chip_version
                0x10000658        0xc CMakeFiles/adc_self_test.dir/C_/Users/peter/Documents/GitHub/pico-sdk/src/rp2040/pico_platform/platform.c.obj
                0x10000658                rp2040_chip_version
 .text.panic    0x10000664       0x30 CMakeFiles/adc_self_test.dir/C_/Users/peter/Documents/GitHub/pico-sdk/src/rp2_common/pico_platform_panic/panic.c.obj
                0x10000664                panic
 .text.hw_claim_lock
                0x10000694       0x18 CMakeFiles/adc_self_test.dir/C_/Users/peter/Documents/GitHub/pico-sdk/src/common/hardware_claim/claim.c.obj
                0x10000694                hw_claim_lock
 .text.hw_claim_unlock
                0x100006ac       0x14 CMakeFiles/adc_self_test.dir/C_/Users/peter/Documents/GitHub/pico-sdk/src/common/hardware_claim/claim.c.obj
                0x100006ac                hw_claim_unlock
 .text.hw_claim_or_assert
                0x100006c0       0x44 CMakeFiles/adc_self_test.dir/C_/Users/peter/Documents/GitHub/pico-sdk/src/common/hardware_claim/claim.c.obj
                0x100006c0                hw_claim_or_assert
 .text.hw_claim_unused_from_range
                0x10000704       0x88 CMakeFiles/adc_self_test.dir/C_/Users/peter/Documents/GitHub/pico-sdk/src/common/hardware_claim/claim.c.obj
                0x10000704                hw_claim_unused_from_range
 .text.next_striped_spin_lock_num
                0x1000078c       0x18 CMakeFiles/adc_self_test.dir/C_/Users/peter/Documents/GitHub/pico-sdk/src/rp2_common/hardware_sync/sync.c.obj
                0x1000078c                next_striped_spin_lock_num
 .text.spin_lock_claim_unused
                0x100007a4       0x24 CMakeFiles/adc_self_test.dir/C_/Users/peter/Documents/GitHub/pico-sdk/src/rp2_common/hardware_sync/sync.c.obj
                0x100007a4                spin_lock_claim_unused
 .text.spin_locks_reset
                0x100007c8       0x1c CMakeFiles/adc_self_test.dir/C_/Users/peter/Documents/GitHub/pico-sdk/src/rp2_common/hardware_sync_spin_lock/sync_spin_lock.c.obj
                0x100007c8                spin_locks_reset
 .text.runtime_init_per_core_irq_priorities
                0x100007e4       0x24 CMakeFiles/adc_self_test.dir/C_/Users/peter/Documents/GitHub/pico-sdk/src/rp2_common/hardware_irq/irq.c.obj
                0x100007e4                runtime_init_per_core_irq_priorities
 .text.irq_set_enabled
                0x10000808       0x24 CMakeFiles/adc_self_test.dir/C_/Users/peter/Documents/GitHub/pico-sdk/src/rp2_common/hardware_irq/irq.c.obj
                0x10000808                irq_set_enabled
 .text.irq_is_enabled
                0x1000082c       0x18 CMakeFiles/adc_self_test.dir/C_/Users/peter/Documents/GitHub/pico-sdk/src/rp2_common/hardware_irq/irq.c.obj
                0x1000082c                irq_is_enabled
 .text.irq_set_pending
                0x10000844       0x10 CMakeFiles/adc_self_test.dir/C_/Users/peter/Documents/GitHub/pico-sdk/src/rp2_common/hardware_irq/irq.c.obj
                0x10000844                irq_set_pending
 .text.irq_has_shared_handler
                0x10000854       0x24 CMakeFiles/adc_self_test.dir/C_/Users/peter/Documents/GitHub/pico-sdk/src/rp2_common/hardware_irq/irq.c.obj
                0x10000854                irq_has_shared_handler
 .text.irq_set_exclusive_handler
                0x10000878       0x54 CMakeFiles/adc_self_test.dir/C_/Users/peter/Documents/GitHub/pico-sdk/src/rp2_common/hardware_irq/irq.c.obj
                0x10000878                irq_set_exclusive_handler
 .text.irq_add_shared_handler
                0x100008cc      0x1f4 CMakeFiles/adc_self_test.dir/C_/Users/peter/Documents/GitHub/pico-sdk/src/rp2_common/hardware_irq/irq.c.obj
                0x100008cc                irq_add_shared_handler
 .text.irq_add_tail_to_free_list
                0x10000ac0       0xb4 CMakeFiles/adc_self_test.dir/C_/Users/peter/Documents/GitHub/pico-sdk/src/rp2_common/hardware_irq/irq.c.obj
                0x10000ac0                irq_add_tail_to_free_list
 .text.user_irq_claim_unused
                0x10000b74       0x2c CMakeFiles/adc_self_test.dir/C_/Users/peter/Documents/GitHub/pico-sdk/src/rp2_common/hardware_irq/irq.c.obj
                0x10000b74                user_irq_claim_unused
 .text.lock_init
                0x10000ba0       0x10 CMakeFiles/adc_self_test.dir/C_/Users/peter/Documents/GitHub/pico-sdk/src/common/pico_sync/lock_core.c.obj
                0x10000ba0                lock_init
 .text.runtime_init_mutex
                0x10000bb0       0x50 CMakeFiles/adc_self_test.dir/C_/Users/peter/Documents/GitHub/pico-sdk/src/common/pico_sync/mutex.c.obj
                0x10000bb0                runtime_init_mutex
 .text.mutex_init
                0x10000c00       0x1c CMakeFiles/adc_self_test.dir/C_/Users/peter/Documents/GitHub/pico-sdk/src/common/pico_sync/mutex.c.obj
                0x10000c00                mutex_init
 .text.critical_section_init
                0x10000c1c       0x1c CMakeFiles/adc_self_test.dir/C_/Users/peter/Documents/GitHub/pico-sdk/src/common/pico_sync/critical_section.c.obj
                0x10000c1c                critical_section_init
 .text.critical_section_init_with_lock_num
                0x10000c38       0x14 CMakeFiles/adc_self_test.dir/C_/Users/peter/Documents/GitHub/pico-sdk/src/common/pico_sync/critical_section.c.obj
                0x10000c38                critical_section_init_with_lock_num
 .text.sleep_until_callback
                0x10000c4c       0x30 CMakeFiles/adc_self_test.dir/C_/Users/peter/Documents/GitHub/pico-sdk/src/common/pico_time/time.c.obj
 .text.alarm_pool_irq_handler
                0x10000c7c      0x300 CMakeFiles/adc_self_test.dir/C_/Users/peter/Documents/GitHub/pico-sdk/src/common/pico_time/time.c.obj
 .text.runtime_init_default_alarm_pool
                0x10000f7c       0xdc CMakeFiles/adc_self_test.dir/C_/Users/peter/Documents/GitHub/pico-sdk/src/common/pico_time/time.c.obj
                0x10000f7c                runtime_init_default_alarm_pool
 .text.alarm_pool_get_default
                0x10001058        0x8 CMakeFiles/adc_self_test.dir/C_/Users/peter/Documents/GitHub/pico-sdk/src/common/pico_time/time.c.obj
                0x10001058                alarm_pool_get_default
 .text.alarm_pool_add_alarm_at
                0x10001060       0xd0 CMakeFiles/adc_self_test.dir/C_/Users/peter/Documents/GitHub/pico-sdk/src/common/pico_time/time.c.obj
                0x10001060                alarm_pool_add_alarm_at
 .text.alarm_pool_add_alarm_at_force_in_context
                0x10001130       0xb0 CMakeFiles/adc_self_test.dir/C_/Users/peter/Documents/GitHub/pico-sdk/src/common/pico_time/time.c.obj
                0x10001130                alarm_pool_add_alarm_at_force_in_context
 .text.alarm_pool_cancel_alarm
                0x100011e0       0x74 CMakeFiles/adc_self_test.dir/C_/Users/peter/Documents/GitHub/pico-sdk/src/common/pico_time/time.c.obj
                0x100011e0                alarm_pool_cancel_alarm
 .text.alarm_pool_core_num
                0x10001254        0x4 CMakeFiles/adc_self_test.dir/C_/Users/peter/Documents/GitHub/pico-sdk/src/common/pico_time/time.c.obj
                0x10001254                alarm_pool_core_num
 .text.sleep_ms
                0x10001258       0xfc CMakeFiles/adc_self_test.dir/C_/Users/peter/Documents/GitHub/pico-sdk/src/common/pico_time/time.c.obj
                0x10001258                sleep_ms
 .text.best_effort_wfe_or_timeout
                0x10001354      0x10c CMakeFiles/adc_self_test.dir/C_/Users/peter/Documents/GitHub/pico-sdk/src/common/pico_time/time.c.obj
                0x10001354                best_effort_wfe_or_timeout
 .text.timer_hardware_alarm_claim
                0x10001460       0x14 CMakeFiles/adc_self_test.dir/C_/Users/peter/Documents/GitHub/pico-sdk/src/rp2_common/hardware_timer/timer.c.obj
                0x10001460                timer_hardware_alarm_claim
 .text.timer_time_us_64
                0x10001474       0x10 CMakeFiles/adc_self_test.dir/C_/Users/peter/Documents/GitHub/pico-sdk/src/rp2_common/hardware_timer/timer.c.obj
                0x10001474                timer_time_us_64
 .text.time_us_64
                0x10001484       0x14 CMakeFiles/adc_self_test.dir/C_/Users/peter/Documents/GitHub/pico-sdk/src/rp2_common/hardware_timer/timer.c.obj
                0x10001484                time_us_64
 .text.busy_wait_until
                0x10001498       0x20 CMakeFiles/adc_self_test.dir/C_/Users/peter/Documents/GitHub/pico-sdk/src/rp2_common/hardware_timer/timer.c.obj
                0x10001498                busy_wait_until
 .text.clock_configure_int_divider
                0x100014b8       0xf4 CMakeFiles/adc_self_test.dir/C_/Users/peter/Documents/GitHub/pico-sdk/src/rp2_common/hardware_clocks/clocks.c.obj
                0x100014b8                clock_configure_int_divider
 .text.clock_configure_undivided
                0x100015ac       0xe8 CMakeFiles/adc_self_test.dir/C_/Users/peter/Documents/GitHub/pico-sdk/src/rp2_common/hardware_clocks/clocks.c.obj
                0x100015ac                clock_configure_undivided
 .text.clock_get_hz
                0x10001694        0xc CMakeFiles/adc_self_test.dir/C_/Users/peter/Documents/GitHub/pico-sdk/src/rp2_common/hardware_clocks/clocks.c.obj
                0x10001694                clock_get_hz
 .text.pll_init
                0x100016a0       0xa4 CMakeFiles/adc_self_test.dir/C_/Users/peter/Documents/GitHub/pico-sdk/src/rp2_common/hardware_pll/pll.c.obj
                0x100016a0                pll_init
 .text.watchdog_reboot
                0x10001744       0x9c CMakeFiles/adc_self_test.dir/C_/Users/peter/Documents/GitHub/pico-sdk/src/rp2_common/hardware_watchdog/watchdog.c.obj
                0x10001744                watchdog_reboot
 .text.tick_start
                0x100017e0       0x10 CMakeFiles/adc_self_test.dir/C_/Users/peter/Documents/GitHub/pico-sdk/src/rp2_common/hardware_ticks/ticks.c.obj
                0x100017e0                tick_start
 .text.rom_func_lookup
                0x100017f0       0x10 CMakeFiles/adc_self_test.dir/C_/Users/peter/Documents/GitHub/pico-sdk/src/rp2_common/pico_bootrom/bootrom.c.obj
                0x100017f0                rom_func_lookup
 .text.rom_data_lookup
                0x10001800       0x10 CMakeFiles/adc_self_test.dir/C_/Users/peter/Documents/GitHub/pico-sdk/src/rp2_common/pico_bootrom/bootrom.c.obj
                0x10001800                rom_data_lookup
 .text.rom_funcs_lookup
                0x10001810       0x44 CMakeFiles/adc_self_test.dir/C_/Users/peter/Documents/GitHub/pico-sdk/src/rp2_common/pico_bootrom/bootrom.c.obj
                0x10001810                rom_funcs_lookup
 .text.rom_reset_usb_boot_extra
                0x10001854       0x24 CMakeFiles/adc_self_test.dir/C_/Users/peter/Documents/GitHub/pico-sdk/src/rp2_common/pico_bootrom/bootrom.c.obj
                0x10001854                rom_reset_usb_boot_extra
 .text.xosc_init
                0x10001878       0x28 CMakeFiles/adc_self_test.dir/C_/Users/peter/Documents/GitHub/pico-sdk/src/rp2_common/hardware_xosc/xosc.c.obj
                0x10001878                xosc_init
 .text.first_per_core_initializer
                0x100018a0        0x4 CMakeFiles/adc_self_test.dir/C_/Users/peter/Documents/GitHub/pico-sdk/src/rp2_common/pico_runtime/runtime.c.obj
 .text.hard_assertion_failure
                0x100018a4        0xc CMakeFiles/adc_self_test.dir/C_/Users/peter/Documents/GitHub/pico-sdk/src/rp2_common/pico_runtime/runtime.c.obj
                0x100018a4                hard_assertion_failure
 .text.runtime_run_initializers
                0x100018b0       0x28 CMakeFiles/adc_self_test.dir/C_/Users/peter/Documents/GitHub/pico-sdk/src/rp2_common/pico_runtime/runtime.c.obj
                0x100018b0                runtime_run_initializers
 .text.runtime_init_early_resets
                0x100018d8       0x2c CMakeFiles/adc_self_test.dir/C_/Users/peter/Documents/GitHub/pico-sdk/src/rp2_common/pico_runtime_init/runtime_init.c.obj
                0x100018d8                runtime_init_early_resets
 .text.runtime_init_usb_power_down
                0x10001904       0x1c CMakeFiles/adc_self_test.dir/C_/Users/peter/Documents/GitHub/pico-sdk/src/rp2_common/pico_runtime_init/runtime_init.c.obj
                0x10001904                runtime_init_usb_power_down
 .text.runtime_init_post_clock_resets
                0x10001920       0x20 CMakeFiles/adc_self_test.dir/C_/Users/peter/Documents/GitHub/pico-sdk/src/rp2_common/pico_runtime_init/runtime_init.c.obj
                0x10001920                runtime_init_post_clock_resets
 .text.runtime_init_rp2040_gpio_ie_disable
                0x10001940       0x14 CMakeFiles/adc_self_test.dir/C_/Users/peter/Documents/GitHub/pico-sdk/src/rp2_common/pico_runtime_init/runtime_init.c.obj
                0x10001940                runtime_init_rp2040_gpio_ie_disable
 .text.runtime_init_spin_locks_reset
                0x10001954        0x8 CMakeFiles/adc_self_test.dir/C_/Users/peter/Documents/GitHub/pico-sdk/src/rp2_common/pico_runtime_init/runtime_init.c.obj
                0x10001954                runtime_init_spin_locks_reset
 .text.runtime_init_install_ram_vector_table
                0x1000195c       0xb4 CMakeFiles/adc_self_test.dir/C_/Users/peter/Documents/GitHub/pico-sdk/src/rp2_common/pico_runtime_init/runtime_init.c.obj
                0x1000195c                runtime_init_install_ram_vector_table
 .text.runtime_init_clocks
                0x10001a10       0xd8 CMakeFiles/adc_self_test.dir/C_/Users/peter/Documents/GitHub/pico-sdk/src/rp2_common/pico_runtime_init/runtime_init_clocks.c.obj
                0x10001a10                runtime_init_clocks
 .text          0x10001ae8       0x10 CMakeFiles/adc_self_test.dir/C_/Users/peter/Documents/GitHub/pico-sdk/src/rp2_common/pico_bit_ops/bit_ops_aeabi.S.obj
 .text.__wrap___aeabi_idiv
                0x10001af8       0x50 CMakeFiles/adc_self_test.dir/C_/Users/peter/Documents/GitHub/pico-sdk/src/rp2_common/pico_divider/divider_hardware.S.obj
                0x10001af8                __wrap___aeabi_idivmod
                0x10001af8                divmod_s32s32
                0x10001af8                div_s32s32
                0x10001af8                __wrap___aeabi_idiv
                0x10001b00                divmod_s32s32_unsafe
                0x10001b2c                divmod_s32s32_savestate
 .text.__wrap___aeabi_uidiv
                0x10001b48       0x4c CMakeFiles/adc_self_test.dir/C_/Users/peter/Documents/GitHub/pico-sdk/src/rp2_common/pico_divider/divider_hardware.S.obj
                0x10001b48                __wrap___aeabi_uidiv
                0x10001b48                __wrap___aeabi_uidivmod
                0x10001b48                div_u32u32
                0x10001b48                divmod_u32u32
                0x10001b50                divmod_u32u32_unsafe
                0x10001b78                divmod_u32u32_savestate
 .text.__wrap___aeabi_ldiv
                0x10001b94      0x424 CMakeFiles/adc_self_test.dir/C_/Users/peter/Documents/GitHub/pico-sdk/src/rp2_common/pico_divider/divider_hardware.S.obj
                0x10001b94                div_s64s64
                0x10001b94                divmod_s64s64
                0x10001b94                __wrap___aeabi_ldivmod
                0x10001bc4                divmod_u64u64
                0x10001bc4                div_u64u64
                0x10001bc4                __wrap___aeabi_uldivmod
                0x10001bd4                divmod_u64u64_savestate
                0x10001bf4                divmod_s64s64_unsafe
                0x10001c7c                divmod_u64u64_unsafe
 .text.__wrap___aeabi_darithmetic
                0x10001fb8       0x80 CMakeFiles/adc_self_test.dir/C_/Users/peter/Documents/GitHub/pico-sdk/src/rp2_common/pico_double/double_aeabi_rp2040.S.obj
                0x10001fb8                __wrap___aeabi_drsub
                0x10001fbe                __wrap___aeabi_dsub
                0x10001fd0                __wrap___aeabi_dadd
                0x10001fe2                __wrap___aeabi_ddiv
                0x1000201e                __wrap___aeabi_dmul
 .text.__wrap___aeabi_cdcmple
                0x10002038       0x6c CMakeFiles/adc_self_test.dir/C_/Users/peter/Documents/GitHub/pico-sdk/src/rp2_common/pico_double/double_aeabi_rp2040.S.obj
                0x10002038                __wrap___aeabi_cdrcmple
                0x10002048                __wrap___aeabi_cdcmpeq
                0x10002048                __wrap___aeabi_cdcmple
 .text.__wrap___aeabi_dcmplt
                0x100020a4        0xc CMakeFiles/adc_self_test.dir/C_/Users/peter/Documents/GitHub/pico-sdk/src/rp2_common/pico_double/double_aeabi_rp2040.S.obj
                0x100020a4                __wrap___aeabi_dcmplt
 .text.__wrap___aeabi_dcmple
                0x100020b0       0x10 CMakeFiles/adc_self_test.dir/C_/Users/peter/Documents/GitHub/pico-sdk/src/rp2_common/pico_double/double_aeabi_rp2040.S.obj
                0x100020b0                __wrap___aeabi_dcmple
 .text.__wrap___aeabi_dcmpge
                0x100020c0       0x10 CMakeFiles/adc_self_test.dir/C_/Users/peter/Documents/GitHub/pico-sdk/src/rp2_common/pico_double/double_aeabi_rp2040.S.obj
                0x100020c0                __wrap___aeabi_dcmpge
 .text.__wrap___aeabi_dcmpgt
                0x100020d0        0xa CMakeFiles/adc_self_test.dir/C_/Users/peter/Documents/GitHub/pico-sdk/src/rp2_common/pico_double/double_aeabi_rp2040.S.obj
                0x100020d0                __wrap___aeabi_dcmpgt
 .text.__wrap___aeabi_dcmpun
                0x100020da       0x18 CMakeFiles/adc_self_test.dir/C_/Users/peter/Documents/GitHub/pico-sdk/src/rp2_common/pico_double/double_aeabi_rp2040.S.obj
                0x100020da                __wrap___aeabi_dcmpun
 *fill*         0x100020f2        0x2 
 .text.__wrap___aeabi_i2d
                0x100020f4       0x38 CMakeFiles/adc_self_test.dir/C_/Users/peter/Documents/GitHub/pico-sdk/src/rp2_common/pico_double/double_aeabi_rp2040.S.obj
                0x100020f4                uint2double
                0x100020f4                __wrap___aeabi_ui2d
                0x100020fc                int2double
                0x100020fc                __wrap___aeabi_i2d
 .text.__wrap___aeabi_d2iz
                0x1000212c       0x48 CMakeFiles/adc_self_test.dir/C_/Users/peter/Documents/GitHub/pico-sdk/src/rp2_common/pico_double/double_aeabi_rp2040.S.obj
                0x1000212c                double2int_z
                0x1000212c                __wrap___aeabi_d2iz
 .text.__wrap___aeabi_d2uiz
                0x10002174       0x18 CMakeFiles/adc_self_test.dir/C_/Users/peter/Documents/GitHub/pico-sdk/src/rp2_common/pico_double/double_aeabi_rp2040.S.obj
                0x10002174                double2uint
                0x10002174                __wrap___aeabi_d2uiz
                0x10002174                double2uint_z
 .text.__aeabi_double_init
                0x1000218c       0xa4 CMakeFiles/adc_self_test.dir/C_/Users/peter/Documents/GitHub/pico-sdk/src/rp2_common/pico_double/double_init_rom_rp2040.c.obj
                0x1000218c                __aeabi_double_init
 .text.double_table_shim_on_use_helper
                0x10002230       0x2c CMakeFiles/adc_self_test.dir/C_/Users/peter/Documents/GitHub/pico-sdk/src/rp2_common/pico_double/double_v1_rom_shim_rp2040.S.obj
                0x10002230                double_table_shim_on_use_helper
 .text.__wrap___aeabi_dsub
                0x1000225c       0x10 CMakeFiles/adc_self_test.dir/C_/Users/peter/Documents/GitHub/pico-sdk/src/rp2_common/pico_double/double_v1_rom_shim_rp2040.S.obj
                0x1000225c                drsub_shim
                0x10002262                dsub_shim
 .text.dadd_shim
                0x1000226c      0x15c CMakeFiles/adc_self_test.dir/C_/Users/peter/Documents/GitHub/pico-sdk/src/rp2_common/pico_double/double_v1_rom_shim_rp2040.S.obj
                0x1000226c                dadd_shim
 .text.dmul_shim
                0x100023c8      0x15c CMakeFiles/adc_self_test.dir/C_/Users/peter/Documents/GitHub/pico-sdk/src/rp2_common/pico_double/double_v1_rom_shim_rp2040.S.obj
                0x100023c8                dmul_shim
 .text.ddiv_shim
                0x10002524      0x1b0 CMakeFiles/adc_self_test.dir/C_/Users/peter/Documents/GitHub/pico-sdk/src/rp2_common/pico_double/double_v1_rom_shim_rp2040.S.obj
                0x10002524                ddiv_shim
 .text.double2uint_shim
                0x100026d4        0xe CMakeFiles/adc_self_test.dir/C_/Users/peter/Documents/GitHub/pico-sdk/src/rp2_common/pico_double/double_v1_rom_shim_rp2040.S.obj
                0x100026d4                double2uint_shim
                0x100026d6                double2ufix_shim
 *fill*         0x100026e2        0x2 
 .text.double2uint64_shim
                0x100026e4       0x70 CMakeFiles/adc_self_test.dir/C_/Users/peter/Documents/GitHub/pico-sdk/src/rp2_common/pico_double/double_v1_rom_shim_rp2040.S.obj
                0x100026e4                double2uint64_shim
                0x100026e6                double2ufix64_shim
                0x10002706                d2fix_a
 .text.dunpacks
                0x10002754       0x3c CMakeFiles/adc_self_test.dir/C_/Users/peter/Documents/GitHub/pico-sdk/src/rp2_common/pico_double/double_v1_rom_shim_rp2040.S.obj
                0x10002754                dunpacks
 .text.__aeabi_lmul
                0x10002790       0x32 CMakeFiles/adc_self_test.dir/C_/Users/peter/Documents/GitHub/pico-sdk/src/rp2_common/pico_int64_ops/pico_int64_ops_aeabi.S.obj
                0x10002790                __wrap___aeabi_lmul
 *fill*         0x100027c2        0x2 
 .text.__wrap___aeabi_farithmetic
                0x100027c4       0x48 CMakeFiles/adc_self_test.dir/C_/Users/peter/Documents/GitHub/pico-sdk/src/rp2_common/pico_float/float_aeabi_rp2040.S.obj
                0x100027c4                __wrap___aeabi_frsub
                0x100027ca                __wrap___aeabi_fsub
                0x100027d0                __wrap___aeabi_fadd
                0x100027d6                __wrap___aeabi_fdiv
                0x100027fe                __wrap___aeabi_fmul
 .text.__wrap___aeabi_ui2f
                0x1000280c        0xa CMakeFiles/adc_self_test.dir/C_/Users/peter/Documents/GitHub/pico-sdk/src/rp2_common/pico_float/float_aeabi_rp2040.S.obj
                0x1000280c                __wrap___aeabi_ui2f
                0x1000280c                uint2float
 *fill*         0x10002816        0x2 
 .text.__wrap___aeabi_i2f
                0x10002818       0x44 CMakeFiles/adc_self_test.dir/C_/Users/peter/Documents/GitHub/pico-sdk/src/rp2_common/pico_float/float_aeabi_rp2040.S.obj
                0x10002818                __wrap___aeabi_i2f
                0x10002818                int2float
 .text.__wrap___aeabi_f2uiz
                0x1000285c        0xc CMakeFiles/adc_self_test.dir/C_/Users/peter/Documents/GitHub/pico-sdk/src/rp2_common/pico_float/float_aeabi_rp2040.S.obj
                0x1000285c                float2uint_z
                0x1000285c                __wrap___aeabi_f2uiz
                0x1000285c                float2uint
 .text.__aeabi_float_init
                0x10002868       0x64 CMakeFiles/adc_self_test.dir/C_/Users/peter/Documents/GitHub/pico-sdk/src/rp2_common/pico_float/float_init_rom_rp2040.c.obj
                0x10002868                __aeabi_float_init
 .text.float_table_shim_on_use_helper
                0x100028cc       0x2c CMakeFiles/adc_self_test.dir/C_/Users/peter/Documents/GitHub/pico-sdk/src/rp2_common/pico_float/float_v1_rom_shim_rp2040.S.obj
                0x100028cc                float_table_shim_on_use_helper
 .text          0x100028f8       0x10 CMakeFiles/adc_self_test.dir/C_/Users/peter/Documents/GitHub/pico-sdk/src/rp2_common/pico_mem_ops/mem_ops_aeabi.S.obj
                0x100028f8                __aeabi_mem_init
 .text.memset   0x10002908        0xc CMakeFiles/adc_self_test.dir/C_/Users/peter/Documents/GitHub/pico-sdk/src/rp2_common/pico_mem_ops/mem_ops_aeabi.S.obj
                0x10002908                __wrap_memset
 .text.memcpy   0x10002914        0xc CMakeFiles/adc_self_test.dir/C_/Users/peter/Documents/GitHub/pico-sdk/src/rp2_common/pico_mem_ops/mem_ops_aeabi.S.obj
                0x10002914                __wrap_memcpy
                0x10002914                __wrap___aeabi_memcpy
 .text._out_null
                0x10002920        0x4 CMakeFiles/adc_self_test.dir/C_/Users/peter/Documents/GitHub/pico-sdk/src/rp2_common/pico_printf/printf.c.obj
 .text._out_rev
                0x10002924       0xac CMakeFiles/adc_self_test.dir/C_/Users/peter/Documents/GitHub/pico-sdk/src/rp2_common/pico_printf/printf.c.obj
 .text._ntoa_format
                0x100029d0      0x1cc CMakeFiles/adc_self_test.dir/C_/Users/peter/Documents/GitHub/pico-sdk/src/rp2_common/pico_printf/printf.c.obj
 .text._out_char
                0x10002b9c       0x10 CMakeFiles/adc_self_test.dir/C_/Users/peter/Documents/GitHub/pico-sdk/src/rp2_common/pico_printf/printf.c.obj
 .text._out_fct
                0x10002bac       0x10 CMakeFiles/adc_self_test.dir/C_/Users/peter/Documents/GitHub/pico-sdk/src/rp2_common/pico_printf/printf.c.obj
 .text._ftoa    0x10002bbc      0x4a8 CMakeFiles/adc_self_test.dir/C_/Users/peter/Documents/GitHub/pico-sdk/src/rp2_common/pico_printf/printf.c.obj
 .text._etoa    0x10003064      0x57c CMakeFiles/adc_self_test.dir/C_/Users/peter/Documents/GitHub/pico-sdk/src/rp2_common/pico_printf/printf.c.obj
 .text._vsnprintf
                0x100035e0      0xbe0 CMakeFiles/adc_self_test.dir/C_/Users/peter/Documents/GitHub/pico-sdk/src/rp2_common/pico_printf/printf.c.obj
 .text.vfctprintf
                0x100041c0       0x24 CMakeFiles/adc_self_test.dir/C_/Users/peter/Documents/GitHub/pico-sdk/src/rp2_common/pico_printf/printf.c.obj
                0x100041c0                vfctprintf
 .text.weak_raw_vprintf
                0x100041e4       0x30 CMakeFiles/adc_self_test.dir/C_/Users/peter/Documents/GitHub/pico-sdk/src/rp2_common/pico_printf/printf.c.obj
                0x100041e4                weak_raw_vprintf
 .text._exit    0x10004214        0x4 CMakeFiles/adc_self_test.dir/C_/Users/peter/Documents/GitHub/pico-sdk/src/rp2_common/pico_clib_interface/newlib_interface.c.obj
                0x10004214                _exit
 .text.exit     0x10004218        0x8 CMakeFiles/adc_self_test.dir/C_/Users/peter/Documents/GitHub/pico-sdk/src/rp2_common/pico_clib_interface/newlib_interface.c.obj
                0x10004218                exit
 .text.runtime_init
                0x10004220       0x2c CMakeFiles/adc_self_test.dir/C_/Users/peter/Documents/GitHub/pico-sdk/src/rp2_common/pico_clib_interface/newlib_interface.c.obj
                0x10004220                runtime_init
 .text.stdio_out_chars_no_crlf
                0x1000424c       0x10 CMakeFiles/adc_self_test.dir/C_/Users/peter/Documents/GitHub/pico-sdk/src/rp2_common/pico_stdio/stdio.c.obj
 .text.stdio_out_chars_crlf
                0x1000425c       0xb0 CMakeFiles/adc_self_test.dir/C_/Users/peter/Documents/GitHub/pico-sdk/src/rp2_common/pico_stdio/stdio.c.obj
 .text.stdio_buffered_printer
                0x1000430c       0x64 CMakeFiles/adc_self_test.dir/C_/Users/peter/Documents/GitHub/pico-sdk/src/rp2_common/pico_stdio/stdio.c.obj
 .text.stdio_put_string
                0x10004370       0xfc CMakeFiles/adc_self_test.dir/C_/Users/peter/Documents/GitHub/pico-sdk/src/rp2_common/pico_stdio/stdio.c.obj
                0x10004370                stdio_put_string
 .text.stdio_set_driver_enabled
                0x1000446c       0x30 CMakeFiles/adc_self_test.dir/C_/Users/peter/Documents/GitHub/pico-sdk/src/rp2_common/pico_stdio/stdio.c.obj
                0x1000446c                stdio_set_driver_enabled
 .text.stdio_init_all
                0x1000449c        0x8 CMakeFiles/adc_self_test.dir/C_/Users/peter/Documents/GitHub/pico-sdk/src/rp2_common/pico_stdio/stdio.c.obj
                0x1000449c                stdio_init_all
 .text.__wrap_putchar
                0x100044a4       0x94 CMakeFiles/adc_self_test.dir/C_/Users/peter/Documents/GitHub/pico-sdk/src/rp2_common/pico_stdio/stdio.c.obj
                0x100044a4                __wrap_putchar
                0x100044a4                stdio_putchar
 .text.__wrap_puts
                0x10004538       0x3c CMakeFiles/adc_self_test.dir/C_/Users/peter/Documents/GitHub/pico-sdk/src/rp2_common/pico_stdio/stdio.c.obj
                0x10004538                stdio_puts
                0x10004538                __wrap_puts
 .text.__wrap_vprintf
                0x10004574       0xcc CMakeFiles/adc_self_test.dir/C_/Users/peter/Documents/GitHub/pico-sdk/src/rp2_common/pico_stdio/stdio.c.obj
                0x10004574                stdio_vprintf
                0x10004574                __wrap_vprintf
 .text.__wrap_printf
                0x10004640       0x18 CMakeFiles/adc_self_test.dir/C_/Users/peter/Documents/GitHub/pico-sdk/src/rp2_common/pico_stdio/stdio.c.obj
                0x10004640                __wrap_printf
                0x10004640                stdio_printf
 .text.resetd_init
                0x10004658        0x4 CMakeFiles/adc_self_test.dir/C_/Users/peter/Documents/GitHub/pico-sdk/src/rp2_common/pico_stdio_usb/reset_interface.c.obj
 .text.resetd_reset
                0x1000465c        0xc CMakeFiles/adc_self_test.dir/C_/Users/peter/Documents/GitHub/pico-sdk/src/rp2_common/pico_stdio_usb/reset_interface.c.obj
 .text.resetd_open
                0x10004668       0x28 CMakeFiles/adc_self_test.dir/C_/Users/peter/Documents/GitHub/pico-sdk/src/rp2_common/pico_stdio_usb/reset_interface.c.obj
 .text.resetd_xfer_cb
                0x10004690        0x4 CMakeFiles/adc_self_test.dir/C_/Users/peter/Documents/GitHub/pico-sdk/src/rp2_common/pico_stdio_usb/reset_interface.c.obj
 .text.resetd_control_xfer_cb
                0x10004694       0x54 CMakeFiles/adc_self_test.dir/C_/Users/peter/Documents/GitHub/pico-sdk/src/rp2_common/pico_stdio_usb/reset_interface.c.obj
 .text.tud_descriptor_bos_cb
                0x100046e8        0x8 CMakeFiles/adc_self_test.dir/C_/Users/peter/Documents/GitHub/pico-sdk/src/rp2_common/pico_stdio_usb/reset_interface.c.obj
                0x100046e8                tud_descriptor_bos_cb
 .text.tud_vendor_control_xfer_cb
                0x100046f0       0x34 CMakeFiles/adc_self_test.dir/C_/Users/peter/Documents/GitHub/pico-sdk/src/rp2_common/pico_stdio_usb/reset_interface.c.obj
                0x100046f0                tud_vendor_control_xfer_cb
 .text.usbd_app_driver_get_cb
                0x10004724        0xc CMakeFiles/adc_self_test.dir/C_/Users/peter/Documents/GitHub/pico-sdk/src/rp2_common/pico_stdio_usb/reset_interface.c.obj
                0x10004724                usbd_app_driver_get_cb
 .text.tud_cdc_line_coding_cb
                0x10004730       0x2c CMakeFiles/adc_self_test.dir/C_/Users/peter/Documents/GitHub/pico-sdk/src/rp2_common/pico_stdio_usb/reset_interface.c.obj
                0x10004730                tud_cdc_line_coding_cb
 .text.stdio_usb_set_chars_available_callback
                0x1000475c       0x14 CMakeFiles/adc_self_test.dir/C_/Users/peter/Documents/GitHub/pico-sdk/src/rp2_common/pico_stdio_usb/stdio_usb.c.obj
                0x1000475c                stdio_usb_set_chars_available_callback
 .text.usb_irq  0x10004770       0x10 CMakeFiles/adc_self_test.dir/C_/Users/peter/Documents/GitHub/pico-sdk/src/rp2_common/pico_stdio_usb/stdio_usb.c.obj
 .text.timer_task
                0x10004780       0x64 CMakeFiles/adc_self_test.dir/C_/Users/peter/Documents/GitHub/pico-sdk/src/rp2_common/pico_stdio_usb/stdio_usb.c.obj
 .text.stdio_usb_in_chars
                0x100047e4       0x8c CMakeFiles/adc_self_test.dir/C_/Users/peter/Documents/GitHub/pico-sdk/src/rp2_common/pico_stdio_usb/stdio_usb.c.obj
                0x100047e4                stdio_usb_in_chars
 .text.stdio_usb_out_flush
                0x10004870       0x4c CMakeFiles/adc_self_test.dir/C_/Users/peter/Documents/GitHub/pico-sdk/src/rp2_common/pico_stdio_usb/stdio_usb.c.obj
 .text.stdio_usb_out_chars
                0x100048bc      0x100 CMakeFiles/adc_self_test.dir/C_/Users/peter/Documents/GitHub/pico-sdk/src/rp2_common/pico_stdio_usb/stdio_usb.c.obj
 .text.low_priority_worker_irq
                0x100049bc       0xc8 CMakeFiles/adc_self_test.dir/C_/Users/peter/Documents/GitHub/pico-sdk/src/rp2_common/pico_stdio_usb/stdio_usb.c.obj
 .text.stdio_usb_init
                0x10004a84       0xe8 CMakeFiles/adc_self_test.dir/C_/Users/peter/Documents/GitHub/pico-sdk/src/rp2_common/pico_stdio_usb/stdio_usb.c.obj
                0x10004a84                stdio_usb_init
 .text.tud_descriptor_device_cb
                0x10004b6c        0x8 CMakeFiles/adc_self_test.dir/C_/Users/peter/Documents/GitHub/pico-sdk/src/rp2_common/pico_stdio_usb/stdio_usb_descriptors.c.obj
                0x10004b6c                tud_descriptor_device_cb
 .text.tud_descriptor_configuration_cb
                0x10004b74        0x8 CMakeFiles/adc_self_test.dir/C_/Users/peter/Documents/GitHub/pico-sdk/src/rp2_common/pico_stdio_usb/stdio_usb_descriptors.c.obj
                0x10004b74                tud_descriptor_configuration_cb
 .text.tud_descriptor_string_cb
                0x10004b7c       0x78 CMakeFiles/adc_self_test.dir/C_/Users/peter/Documents/GitHub/pico-sdk/src/rp2_common/pico_stdio_usb/stdio_usb_descriptors.c.obj
                0x10004b7c                tud_descriptor_string_cb
 .text.startup._retrieve_unique_id_on_boot
                0x10004bf4       0x10 CMakeFiles/adc_self_test.dir/C_/Users/peter/Documents/GitHub/pico-sdk/src/rp2_common/pico_unique_id/unique_id.c.obj
 .text.pico_get_unique_board_id_string
                0x10004c04      0x1a8 CMakeFiles/adc_self_test.dir/C_/Users/peter/Documents/GitHub/pico-sdk/src/rp2_common/pico_unique_id/unique_id.c.obj
                0x10004c04                pico_get_unique_board_id_string
 .text.flash_get_unique_id
                0x10004dac       0x3c CMakeFiles/adc_self_test.dir/C_/Users/peter/Documents/GitHub/pico-sdk/src/rp2_common/hardware_flash/flash.c.obj
                0x10004dac                flash_get_unique_id
 .text.dcd_init
                0x10004de8       0x90 CMakeFiles/adc_self_test.dir/C_/Users/peter/Documents/GitHub/pico-sdk/lib/tinyusb/src/portable/raspberrypi/rp2040/dcd_rp2040.c.obj
                0x10004de8                dcd_init
 .text.dcd_int_enable
                0x10004e78        0xc CMakeFiles/adc_self_test.dir/C_/Users/peter/Documents/GitHub/pico-sdk/lib/tinyusb/src/portable/raspberrypi/rp2040/dcd_rp2040.c.obj
                0x10004e78                dcd_int_enable
 .text.dcd_set_address
                0x10004e84       0x14 CMakeFiles/adc_self_test.dir/C_/Users/peter/Documents/GitHub/pico-sdk/lib/tinyusb/src/portable/raspberrypi/rp2040/dcd_rp2040.c.obj
                0x10004e84                dcd_set_address
 .text.dcd_sof_enable
                0x10004e98       0x1c CMakeFiles/adc_self_test.dir/C_/Users/peter/Documents/GitHub/pico-sdk/lib/tinyusb/src/portable/raspberrypi/rp2040/dcd_rp2040.c.obj
                0x10004e98                dcd_sof_enable
 .text.dcd_edpt0_status_complete
                0x10004eb4       0x1c CMakeFiles/adc_self_test.dir/C_/Users/peter/Documents/GitHub/pico-sdk/lib/tinyusb/src/portable/raspberrypi/rp2040/dcd_rp2040.c.obj
                0x10004eb4                dcd_edpt0_status_complete
 .text.dcd_edpt_open
                0x10004ed0      0x114 CMakeFiles/adc_self_test.dir/C_/Users/peter/Documents/GitHub/pico-sdk/lib/tinyusb/src/portable/raspberrypi/rp2040/dcd_rp2040.c.obj
                0x10004ed0                dcd_edpt_open
 .text.dcd_edpt_close_all
                0x10004fe4        0x8 CMakeFiles/adc_self_test.dir/C_/Users/peter/Documents/GitHub/pico-sdk/lib/tinyusb/src/portable/raspberrypi/rp2040/dcd_rp2040.c.obj
                0x10004fe4                dcd_edpt_close_all
 .text.dcd_edpt_xfer
                0x10004fec       0x24 CMakeFiles/adc_self_test.dir/C_/Users/peter/Documents/GitHub/pico-sdk/lib/tinyusb/src/portable/raspberrypi/rp2040/dcd_rp2040.c.obj
                0x10004fec                dcd_edpt_xfer
 .text.dcd_edpt_stall
                0x10005010       0x3c CMakeFiles/adc_self_test.dir/C_/Users/peter/Documents/GitHub/pico-sdk/lib/tinyusb/src/portable/raspberrypi/rp2040/dcd_rp2040.c.obj
                0x10005010                dcd_edpt_stall
 .text.dcd_edpt_clear_stall
                0x1000504c       0x30 CMakeFiles/adc_self_test.dir/C_/Users/peter/Documents/GitHub/pico-sdk/lib/tinyusb/src/portable/raspberrypi/rp2040/dcd_rp2040.c.obj
                0x1000504c                dcd_edpt_clear_stall
 .text.rp2040_usb_init
                0x1000507c       0x40 CMakeFiles/adc_self_test.dir/C_/Users/peter/Documents/GitHub/pico-sdk/lib/tinyusb/src/portable/raspberrypi/rp2040/rp2040_usb.c.obj
                0x1000507c                rp2040_usb_init
 .text.hw_endpoint_xfer_start
                0x100050bc       0x40 CMakeFiles/adc_self_test.dir/C_/Users/peter/Documents/GitHub/pico-sdk/lib/tinyusb/src/portable/raspberrypi/rp2040/rp2040_usb.c.obj
                0x100050bc                hw_endpoint_xfer_start
 .text.tud_event_hook_cb
                0x100050fc        0x4 CMakeFiles/adc_self_test.dir/C_/Users/peter/Documents/GitHub/pico-sdk/lib/tinyusb/src/device/usbd.c.obj
                0x100050fc                tud_event_hook_cb
 .text.tud_sof_cb
                0x10005100        0x4 CMakeFiles/adc_self_test.dir/C_/Users/peter/Documents/GitHub/pico-sdk/lib/tinyusb/src/device/usbd.c.obj
                0x10005100                tud_sof_cb
 .text.tud_descriptor_device_qualifier_cb
                0x10005104        0x4 CMakeFiles/adc_self_test.dir/C_/Users/peter/Documents/GitHub/pico-sdk/lib/tinyusb/src/device/usbd.c.obj
                0x10005104                tud_descriptor_device_qualifier_cb
 .text.tud_descriptor_other_speed_configuration_cb
                0x10005108        0x4 CMakeFiles/adc_self_test.dir/C_/Users/peter/Documents/GitHub/pico-sdk/lib/tinyusb/src/device/usbd.c.obj
                0x10005108                tud_descriptor_other_speed_configuration_cb
 .text.tud_mount_cb
                0x1000510c        0x4 CMakeFiles/adc_self_test.dir/C_/Users/peter/Documents/GitHub/pico-sdk/lib/tinyusb/src/device/usbd.c.obj
                0x1000510c                tud_mount_cb
 .text.tud_umount_cb
                0x10005110        0x4 CMakeFiles/adc_self_test.dir/C_/Users/peter/Documents/GitHub/pico-sdk/lib/tinyusb/src/device/usbd.c.obj
                0x10005110                tud_umount_cb
 .text.tud_suspend_cb
                0x10005114        0x4 CMakeFiles/adc_self_test.dir/C_/Users/peter/Documents/GitHub/pico-sdk/lib/tinyusb/src/device/usbd.c.obj
                0x10005114                tud_suspend_cb
 .text.tud_resume_cb
                0x10005118        0x4 CMakeFiles/adc_self_test.dir/C_/Users/peter/Documents/GitHub/pico-sdk/lib/tinyusb/src/device/usbd.c.obj
                0x10005118                tud_resume_cb
 .text.tud_mounted
                0x1000511c       0x10 CMakeFiles/adc_self_test.dir/C_/Users/peter/Documents/GitHub/pico-sdk/lib/tinyusb/src/device/usbd.c.obj
                0x1000511c                tud_mounted
 .text.tud_suspended
                0x1000512c       0x10 CMakeFiles/adc_self_test.dir/C_/Users/peter/Documents/GitHub/pico-sdk/lib/tinyusb/src/device/usbd.c.obj
                0x1000512c                tud_suspended
 .text.tud_rhport_init
                0x1000513c       0xf4 CMakeFiles/adc_self_test.dir/C_/Users/peter/Documents/GitHub/pico-sdk/lib/tinyusb/src/device/usbd.c.obj
                0x1000513c                tud_rhport_init
 .text.tud_task_ext
                0x10005230      0x800 CMakeFiles/adc_self_test.dir/C_/Users/peter/Documents/GitHub/pico-sdk/lib/tinyusb/src/device/usbd.c.obj
                0x10005230                tud_task_ext
 .text.usbd_open_edpt_pair
                0x10005a30       0x9c CMakeFiles/adc_self_test.dir/C_/Users/peter/Documents/GitHub/pico-sdk/lib/tinyusb/src/device/usbd.c.obj
                0x10005a30                usbd_open_edpt_pair
 .text.usbd_edpt_open
                0x10005acc       0x34 CMakeFiles/adc_self_test.dir/C_/Users/peter/Documents/GitHub/pico-sdk/lib/tinyusb/src/device/usbd.c.obj
                0x10005acc                usbd_edpt_open
 .text.usbd_edpt_claim
                0x10005b00       0x28 CMakeFiles/adc_self_test.dir/C_/Users/peter/Documents/GitHub/pico-sdk/lib/tinyusb/src/device/usbd.c.obj
                0x10005b00                usbd_edpt_claim
 .text.usbd_edpt_release
                0x10005b28       0x28 CMakeFiles/adc_self_test.dir/C_/Users/peter/Documents/GitHub/pico-sdk/lib/tinyusb/src/device/usbd.c.obj
                0x10005b28                usbd_edpt_release
 .text.usbd_edpt_xfer
                0x10005b50       0x4c CMakeFiles/adc_self_test.dir/C_/Users/peter/Documents/GitHub/pico-sdk/lib/tinyusb/src/device/usbd.c.obj
                0x10005b50                usbd_edpt_xfer
 .text.tud_control_status
                0x10005b9c       0x2c CMakeFiles/adc_self_test.dir/C_/Users/peter/Documents/GitHub/pico-sdk/lib/tinyusb/src/device/usbd_control.c.obj
                0x10005b9c                tud_control_status
 .text.tud_control_xfer
                0x10005bc8       0xa8 CMakeFiles/adc_self_test.dir/C_/Users/peter/Documents/GitHub/pico-sdk/lib/tinyusb/src/device/usbd_control.c.obj
                0x10005bc8                tud_control_xfer
 .text.usbd_control_reset
                0x10005c70       0x14 CMakeFiles/adc_self_test.dir/C_/Users/peter/Documents/GitHub/pico-sdk/lib/tinyusb/src/device/usbd_control.c.obj
                0x10005c70                usbd_control_reset
 .text.usbd_control_set_complete_callback
                0x10005c84        0xc CMakeFiles/adc_self_test.dir/C_/Users/peter/Documents/GitHub/pico-sdk/lib/tinyusb/src/device/usbd_control.c.obj
                0x10005c84                usbd_control_set_complete_callback
 .text.usbd_control_set_request
                0x10005c90       0x1c CMakeFiles/adc_self_test.dir/C_/Users/peter/Documents/GitHub/pico-sdk/lib/tinyusb/src/device/usbd_control.c.obj
                0x10005c90                usbd_control_set_request
 .text.usbd_control_xfer_cb
                0x10005cac       0xec CMakeFiles/adc_self_test.dir/C_/Users/peter/Documents/GitHub/pico-sdk/lib/tinyusb/src/device/usbd_control.c.obj
                0x10005cac                usbd_control_xfer_cb
 .text._prep_out_transaction.isra.0
                0x10005d98       0x6c CMakeFiles/adc_self_test.dir/C_/Users/peter/Documents/GitHub/pico-sdk/lib/tinyusb/src/class/cdc/cdc_device.c.obj
 .text.tud_cdc_n_connected
                0x10005e04       0x2c CMakeFiles/adc_self_test.dir/C_/Users/peter/Documents/GitHub/pico-sdk/lib/tinyusb/src/class/cdc/cdc_device.c.obj
                0x10005e04                tud_cdc_n_connected
 .text.tud_cdc_n_available
                0x10005e30       0x14 CMakeFiles/adc_self_test.dir/C_/Users/peter/Documents/GitHub/pico-sdk/lib/tinyusb/src/class/cdc/cdc_device.c.obj
                0x10005e30                tud_cdc_n_available
 .text.tud_cdc_n_read
                0x10005e44       0x88 CMakeFiles/adc_self_test.dir/C_/Users/peter/Documents/GitHub/pico-sdk/lib/tinyusb/src/class/cdc/cdc_device.c.obj
                0x10005e44                tud_cdc_n_read
 .text.tud_cdc_n_write_flush
                0x10005ecc       0x74 CMakeFiles/adc_self_test.dir/C_/Users/peter/Documents/GitHub/pico-sdk/lib/tinyusb/src/class/cdc/cdc_device.c.obj
                0x10005ecc                tud_cdc_n_write_flush
 .text.tud_cdc_n_write
                0x10005f40       0x40 CMakeFiles/adc_self_test.dir/C_/Users/peter/Documents/GitHub/pico-sdk/lib/tinyusb/src/class/cdc/cdc_device.c.obj
                0x10005f40                tud_cdc_n_write
 .text.tud_cdc_n_write_available
                0x10005f80       0x14 CMakeFiles/adc_self_test.dir/C_/Users/peter/Documents/GitHub/pico-sdk/lib/tinyusb/src/class/cdc/cdc_device.c.obj
                0x10005f80                tud_cdc_n_write_available
 .text.cdcd_init
                0x10005f94       0x70 CMakeFiles/adc_self_test.dir/C_/Users/peter/Documents/GitHub/pico-sdk/lib/tinyusb/src/class/cdc/cdc_device.c.obj
                0x10005f94                cdcd_init
 .text.cdcd_deinit
                0x10006004       0x30 CMakeFiles/adc_self_test.dir/C_/Users/peter/Documents/GitHub/pico-sdk/lib/tinyusb/src/class/cdc/cdc_device.c.obj
                0x10006004                cdcd_deinit
 .text.cdcd_reset
                0x10006034       0x4c CMakeFiles/adc_self_test.dir/C_/Users/peter/Documents/GitHub/pico-sdk/lib/tinyusb/src/class/cdc/cdc_device.c.obj
                0x10006034                cdcd_reset
 .text.cdcd_open
                0x10006080       0xa4 CMakeFiles/adc_self_test.dir/C_/Users/peter/Documents/GitHub/pico-sdk/lib/tinyusb/src/class/cdc/cdc_device.c.obj
                0x10006080                cdcd_open
 .text.cdcd_control_xfer_cb
                0x10006124       0xe8 CMakeFiles/adc_self_test.dir/C_/Users/peter/Documents/GitHub/pico-sdk/lib/tinyusb/src/class/cdc/cdc_device.c.obj
                0x10006124                cdcd_control_xfer_cb
 .text.cdcd_xfer_cb
                0x1000620c      0x100 CMakeFiles/adc_self_test.dir/C_/Users/peter/Documents/GitHub/pico-sdk/lib/tinyusb/src/class/cdc/cdc_device.c.obj
                0x1000620c                cdcd_xfer_cb
 .text.vendord_init
                0x1000630c       0x5c CMakeFiles/adc_self_test.dir/C_/Users/peter/Documents/GitHub/pico-sdk/lib/tinyusb/src/class/vendor/vendor_device.c.obj
                0x1000630c                vendord_init
 .text.vendord_deinit
                0x10006368       0x1c CMakeFiles/adc_self_test.dir/C_/Users/peter/Documents/GitHub/pico-sdk/lib/tinyusb/src/class/vendor/vendor_device.c.obj
                0x10006368                vendord_deinit
 .text.vendord_reset
                0x10006384       0x28 CMakeFiles/adc_self_test.dir/C_/Users/peter/Documents/GitHub/pico-sdk/lib/tinyusb/src/class/vendor/vendor_device.c.obj
                0x10006384                vendord_reset
 .text.vendord_open
                0x100063ac      0x120 CMakeFiles/adc_self_test.dir/C_/Users/peter/Documents/GitHub/pico-sdk/lib/tinyusb/src/class/vendor/vendor_device.c.obj
                0x100063ac                vendord_open
 .text.vendord_xfer_cb
                0x100064cc       0x9c CMakeFiles/adc_self_test.dir/C_/Users/peter/Documents/GitHub/pico-sdk/lib/tinyusb/src/class/vendor/vendor_device.c.obj
                0x100064cc                vendord_xfer_cb
 .text.tusb_rhport_init
                0x10006568       0x4c CMakeFiles/adc_self_test.dir/C_/Users/peter/Documents/GitHub/pico-sdk/lib/tinyusb/src/tusb.c.obj
                0x10006568                tusb_rhport_init
 .text.tu_edpt_claim
                0x100065b4       0x50 CMakeFiles/adc_self_test.dir/C_/Users/peter/Documents/GitHub/pico-sdk/lib/tinyusb/src/tusb.c.obj
                0x100065b4                tu_edpt_claim
 .text.tu_edpt_release
                0x10006604       0x38 CMakeFiles/adc_self_test.dir/C_/Users/peter/Documents/GitHub/pico-sdk/lib/tinyusb/src/tusb.c.obj
                0x10006604                tu_edpt_release
 .text.tu_edpt_validate
                0x1000663c       0x7c CMakeFiles/adc_self_test.dir/C_/Users/peter/Documents/GitHub/pico-sdk/lib/tinyusb/src/tusb.c.obj
                0x1000663c                tu_edpt_validate
 .text.tu_edpt_bind_driver
                0x100066b8       0x34 CMakeFiles/adc_self_test.dir/C_/Users/peter/Documents/GitHub/pico-sdk/lib/tinyusb/src/tusb.c.obj
                0x100066b8                tu_edpt_bind_driver
 .text.tu_edpt_stream_init
                0x100066ec       0x6c CMakeFiles/adc_self_test.dir/C_/Users/peter/Documents/GitHub/pico-sdk/lib/tinyusb/src/tusb.c.obj
                0x100066ec                tu_edpt_stream_init
 .text.tu_edpt_stream_deinit
                0x10006758        0x4 CMakeFiles/adc_self_test.dir/C_/Users/peter/Documents/GitHub/pico-sdk/lib/tinyusb/src/tusb.c.obj
                0x10006758                tu_edpt_stream_deinit
 .text.tu_edpt_stream_write_zlp_if_needed
                0x1000675c       0x68 CMakeFiles/adc_self_test.dir/C_/Users/peter/Documents/GitHub/pico-sdk/lib/tinyusb/src/tusb.c.obj
                0x1000675c                tu_edpt_stream_write_zlp_if_needed
 .text.tu_edpt_stream_write_xfer
                0x100067c4       0x68 CMakeFiles/adc_self_test.dir/C_/Users/peter/Documents/GitHub/pico-sdk/lib/tinyusb/src/tusb.c.obj
                0x100067c4                tu_edpt_stream_write_xfer
 .text.tu_edpt_stream_read_xfer
                0x1000682c       0xd8 CMakeFiles/adc_self_test.dir/C_/Users/peter/Documents/GitHub/pico-sdk/lib/tinyusb/src/tusb.c.obj
                0x1000682c                tu_edpt_stream_read_xfer
 .text.tu_fifo_config
                0x10006904       0x6c CMakeFiles/adc_self_test.dir/C_/Users/peter/Documents/GitHub/pico-sdk/lib/tinyusb/src/common/tusb_fifo.c.obj
                0x10006904                tu_fifo_config
 .text.tu_fifo_count
                0x10006970       0x2c CMakeFiles/adc_self_test.dir/C_/Users/peter/Documents/GitHub/pico-sdk/lib/tinyusb/src/common/tusb_fifo.c.obj
                0x10006970                tu_fifo_count
 .text.tu_fifo_empty
                0x1000699c       0x10 CMakeFiles/adc_self_test.dir/C_/Users/peter/Documents/GitHub/pico-sdk/lib/tinyusb/src/common/tusb_fifo.c.obj
                0x1000699c                tu_fifo_empty
 .text.tu_fifo_remaining
                0x100069ac       0x2c CMakeFiles/adc_self_test.dir/C_/Users/peter/Documents/GitHub/pico-sdk/lib/tinyusb/src/common/tusb_fifo.c.obj
                0x100069ac                tu_fifo_remaining
 .text.tu_fifo_read
                0x100069d8       0x9c CMakeFiles/adc_self_test.dir/C_/Users/peter/Documents/GitHub/pico-sdk/lib/tinyusb/src/common/tusb_fifo.c.obj
                0x100069d8                tu_fifo_read
 .text.tu_fifo_read_n
                0x10006a74       0xe8 CMakeFiles/adc_self_test.dir/C_/Users/peter/Documents/GitHub/pico-sdk/lib/tinyusb/src/common/tusb_fifo.c.obj
                0x10006a74                tu_fifo_read_n
 .text.tu_fifo_write
                0x10006b5c       0xa4 CMakeFiles/adc_self_test.dir/C_/Users/peter/Documents/GitHub/pico-sdk/lib/tinyusb/src/common/tusb_fifo.c.obj
                0x10006b5c                tu_fifo_write
 .text.tu_fifo_write_n
                0x10006c00      0x178 CMakeFiles/adc_self_test.dir/C_/Users/peter/Documents/GitHub/pico-sdk/lib/tinyusb/src/common/tusb_fifo.c.obj
                0x10006c00                tu_fifo_write_n
 .text.tu_fifo_clear
                0x10006d78       0x40 CMakeFiles/adc_self_test.dir/C_/Users/peter/Documents/GitHub/pico-sdk/lib/tinyusb/src/common/tusb_fifo.c.obj
                0x10006d78                tu_fifo_clear
 .text.tu_fifo_set_overwritable
                0x10006db8       0x48 CMakeFiles/adc_self_test.dir/C_/Users/peter/Documents/GitHub/pico-sdk/lib/tinyusb/src/common/tusb_fifo.c.obj
                0x10006db8                tu_fifo_set_overwritable
 .text.pio_add_program
                0x10006e00       0xf8 CMakeFiles/adc_self_test.dir/C_/Users/peter/Documents/GitHub/pico-sdk/src/rp2_common/hardware_pio/pio.c.obj
                0x10006e00                pio_add_program
 .text.pio_sm_set_consecutive_pindirs
                0x10006ef8       0xb4 CMakeFiles/adc_self_test.dir/C_/Users/peter/Documents/GitHub/pico-sdk/src/rp2_common/hardware_pio/pio.c.obj
                0x10006ef8                pio_sm_set_consecutive_pindirs
 .text.pio_sm_init
                0x10006fac       0x9c CMakeFiles/adc_self_test.dir/C_/Users/peter/Documents/GitHub/pico-sdk/src/rp2_common/hardware_pio/pio.c.obj
                0x10006fac                pio_sm_init
 .text.strlen   0x10007048       0x5c C:/PROGRA~2/ARMGNU~1/14EFD8~1.2RE/bin/../lib/gcc/arm-none-eabi/14.2.1/thumb/v6-m/nofp\libg.a(libc_a-strlen-stub.o)
                0x10007048                strlen
 *(.fini)
 .fini          0x100070a4        0x4 C:/PROGRA~2/ARMGNU~1/14EFD8~1.2RE/bin/../lib/gcc/arm-none-eabi/14.2.1/thumb/v6-m/nofp/crti.o
                0x100070a4                _fini
 .fini.__stub   0x100070a8       0xc0 linker stubs
 *crtbegin.o(.ctors)
 *crtbegin?.o(.ctors)
 *(EXCLUDE_FILE(*crtend.o *crtend?.o) .ctors)
 *(SORT_BY_NAME(.ctors.*))
 *(.ctors)
 *crtbegin.o(.dtors)
 *crtbegin?.o(.dtors)
 *(EXCLUDE_FILE(*crtend.o *crtend?.o) .dtors)
 *(SORT_BY_NAME(.dtors.*))
 *(.dtors)
                0x10007168                        . = ALIGN (0x4)
                0x10007168                        PROVIDE (__preinit_array_start = .)
 *(SORT_BY_NAME(.preinit_array.*))
 .preinit_array.00100
                0x10007168        0x4 CMakeFiles/adc_self_test.dir/C_/Users/peter/Documents/GitHub/pico-sdk/src/rp2_common/pico_runtime_init/runtime_init.c.obj
                0x10007168                __pre_init_runtime_init_early_resets
 .preinit_array.00101
                0x1000716c        0x4 CMakeFiles/adc_self_test.dir/C_/Users/peter/Documents/GitHub/pico-sdk/src/rp2_common/pico_runtime_init/runtime_init.c.obj
                0x1000716c                __pre_init_runtime_init_usb_power_down
 .preinit_array.00275
                0x10007170        0x4 CMakeFiles/adc_self_test.dir/C_/Users/peter/Documents/GitHub/pico-sdk/src/rp2_common/pico_bit_ops/bit_ops_aeabi.S.obj
 .preinit_array.00300
                0x10007174        0x4 CMakeFiles/adc_self_test.dir/C_/Users/peter/Documents/GitHub/pico-sdk/src/rp2_common/pico_mem_ops/mem_ops_aeabi.S.obj
 .preinit_array.00350
                0x10007178        0x4 CMakeFiles/adc_self_test.dir/C_/Users/peter/Documents/GitHub/pico-sdk/src/rp2_common/pico_double/double_aeabi_rp2040.S.obj
 .preinit_array.00350
                0x1000717c        0x4 CMakeFiles/adc_self_test.dir/C_/Users/peter/Documents/GitHub/pico-sdk/src/rp2_common/pico_float/float_aeabi_rp2040.S.obj
 .preinit_array.00500
                0x10007180        0x4 CMakeFiles/adc_self_test.dir/C_/Users/peter/Documents/GitHub/pico-sdk/src/rp2_common/pico_runtime_init/runtime_init.c.obj
                0x10007180                __pre_init_runtime_init_clocks
 .preinit_array.00600
                0x10007184        0x4 CMakeFiles/adc_self_test.dir/C_/Users/peter/Documents/GitHub/pico-sdk/src/rp2_common/pico_runtime_init/runtime_init.c.obj
                0x10007184                __pre_init_runtime_init_post_clock_resets
 .preinit_array.00700
                0x10007188        0x4 CMakeFiles/adc_self_test.dir/C_/Users/peter/Documents/GitHub/pico-sdk/src/rp2_common/pico_runtime_init/runtime_init.c.obj
                0x10007188                __pre_init_runtime_init_rp2040_gpio_ie_disable
 .preinit_array.01000
                0x1000718c        0x4 CMakeFiles/adc_self_test.dir/C_/Users/peter/Documents/GitHub/pico-sdk/src/rp2_common/pico_runtime_init/runtime_init.c.obj
                0x1000718c                __pre_init_runtime_init_spin_locks_reset
 .preinit_array.01100
                0x10007190        0x4 CMakeFiles/adc_self_test.dir/C_/Users/peter/Documents/GitHub/pico-sdk/src/common/pico_sync/mutex.c.obj
                0x10007190                __pre_init_runtime_init_mutex
 .preinit_array.10080
                0x10007194        0x4 CMakeFiles/adc_self_test.dir/C_/Users/peter/Documents/GitHub/pico-sdk/src/rp2_common/pico_runtime_init/runtime_init.c.obj
                0x10007194                __pre_init_runtime_init_install_ram_vector_table
 .preinit_array.11000
                0x10007198        0x4 CMakeFiles/adc_self_test.dir/C_/Users/peter/Documents/GitHub/pico-sdk/src/common/pico_time/time.c.obj
                0x10007198                __pre_init_runtime_init_default_alarm_pool
 .preinit_array.YYYYY
                0x1000719c        0x4 CMakeFiles/adc_self_test.dir/C_/Users/peter/Documents/GitHub/pico-sdk/src/rp2_common/pico_runtime/runtime.c.obj
                0x1000719c                __pre_init_first_per_core_initializer
 .preinit_array.ZZZZZ.01200
                0x100071a0        0x4 CMakeFiles/adc_self_test.dir/C_/Users/peter/Documents/GitHub/pico-sdk/src/rp2_common/hardware_irq/irq.c.obj
                0x100071a0                __pre_init_runtime_init_per_core_irq_priorities
 *(.preinit_array)
                0x100071a4                        PROVIDE (__preinit_array_end = .)
                0x100071a4                        . = ALIGN (0x4)
                0x100071a4                        PROVIDE (__init_array_start = .)
 *(SORT_BY_NAME(.init_array.*))
 .init_array.01000
                0x100071a4        0x4 CMakeFiles/adc_self_test.dir/C_/Users/peter/Documents/GitHub/pico-sdk/src/rp2_common/pico_unique_id/unique_id.c.obj
 *(.init_array)
 .init_array    0x100071a8        0x4 C:/PROGRA~2/ARMGNU~1/14EFD8~1.2RE/bin/../lib/gcc/arm-none-eabi/14.2.1/thumb/v6-m/nofp/crtbegin.o
                0x100071ac                        PROVIDE (__init_array_end = .)
                0x100071ac                        . = ALIGN (0x4)
                [!provide]                        PROVIDE (__fini_array_start = .)
 *(SORT_BY_NAME(.fini_array.*))
 *(.fini_array)
                [!provide]                        PROVIDE (__fini_array_end = .)
 *(.eh_frame*)
 .eh_frame      0x100071ac        0x0 C:/PROGRA~2/ARMGNU~1/14EFD8~1.2RE/bin/../lib/gcc/arm-none-eabi/14.2.1/thumb/v6-m/nofp/crtbegin.o
                0x100071ac                        . = ALIGN (0x4)

.glue_7         0x100071ac        0x0
 .glue_7        0x100071ac        0x0 linker stubs

.glue_7t        0x100071ac        0x0
 .glue_7t       0x100071ac        0x0 linker stubs

.vfp11_veneer   0x100071ac        0x0
 .vfp11_veneer  0x100071ac        0x0 linker stubs

.v4_bx          0x100071ac        0x0
 .v4_bx         0x100071ac        0x0 linker stubs

.iplt           0x100071ac        0x0
 .iplt          0x100071ac        0x0 C:/PROGRA~2/ARMGNU~1/14EFD8~1.2RE/bin/../lib/gcc/arm-none-eabi/14.2.1/thumb/v6-m/nofp/crtbegin.o

.rodata         0x100071b0      0x784
 *(EXCLUDE_FILE(*libm.a: *libc.a:*lib_a-mem*.o *libgcc.a:) .rodata*)
 .rodata.main.str1.4
                0x100071b0      0x2b8 CMakeFiles/adc_self_test.dir/src/adc_tx/adc_self_test.c.obj
                                0x143 (size before relaxing)
 .rodata.i2s_adc_in_program
                0x10007468        0x8 CMakeFiles/adc_self_test.dir/src/adc_tx/adc_self_test.c.obj
 .rodata.i2s_adc_in_program_instructions
                0x10007470       0x20 CMakeFiles/adc_self_test.dir/src/adc_tx/adc_self_test.c.obj
 .rodata.panic.str1.4
                0x10007490       0x12 CMakeFiles/adc_self_test.dir/C_/Users/peter/Documents/GitHub/pico-sdk/src/rp2_common/pico_platform_panic/panic.c.obj
 .rodata.spin_lock_claim_unused.str1.4
                0x10007490       0x1b CMakeFiles/adc_self_test.dir/C_/Users/peter/Documents/GitHub/pico-sdk/src/rp2_common/hardware_sync/sync.c.obj
 .rodata.user_irq_claim_unused.str1.4
                0x10007490       0x1b CMakeFiles/adc_self_test.dir/C_/Users/peter/Documents/GitHub/pico-sdk/src/rp2_common/hardware_irq/irq.c.obj
 .rodata.timer_hardware_alarm_claim.str1.4
                0x10007490       0x22 CMakeFiles/adc_self_test.dir/C_/Users/peter/Documents/GitHub/pico-sdk/src/rp2_common/hardware_timer/timer.c.obj
 .rodata.hard_assertion_failure.str1.4
                0x10007490        0xc CMakeFiles/adc_self_test.dir/C_/Users/peter/Documents/GitHub/pico-sdk/src/rp2_common/pico_runtime/runtime.c.obj
 .rodata.str1.4
                0x10007490       0x44 CMakeFiles/adc_self_test.dir/C_/Users/peter/Documents/GitHub/pico-sdk/src/rp2_common/pico_standard_binary_info/standard_binary_info.c.obj
 .rodata.__bi_84
                0x10007490        0xc CMakeFiles/adc_self_test.dir/C_/Users/peter/Documents/GitHub/pico-sdk/src/rp2_common/pico_standard_binary_info/standard_binary_info.c.obj
 .rodata.__bi_78
                0x1000749c        0xc CMakeFiles/adc_self_test.dir/C_/Users/peter/Documents/GitHub/pico-sdk/src/rp2_common/pico_standard_binary_info/standard_binary_info.c.obj
 .rodata.__bi_54
                0x100074a8        0xc CMakeFiles/adc_self_test.dir/C_/Users/peter/Documents/GitHub/pico-sdk/src/rp2_common/pico_standard_binary_info/standard_binary_info.c.obj
 .rodata.__bi_48
                0x100074b4        0xc CMakeFiles/adc_self_test.dir/C_/Users/peter/Documents/GitHub/pico-sdk/src/rp2_common/pico_standard_binary_info/standard_binary_info.c.obj
 .rodata.__bi_42
                0x100074c0        0xc CMakeFiles/adc_self_test.dir/C_/Users/peter/Documents/GitHub/pico-sdk/src/rp2_common/pico_standard_binary_info/standard_binary_info.c.obj
 .rodata.__bi_34
                0x100074cc        0xc CMakeFiles/adc_self_test.dir/C_/Users/peter/Documents/GitHub/pico-sdk/src/rp2_common/pico_standard_binary_info/standard_binary_info.c.obj
 .rodata.__bi_26
                0x100074d8        0xc CMakeFiles/adc_self_test.dir/C_/Users/peter/Documents/GitHub/pico-sdk/src/rp2_common/pico_standard_binary_info/standard_binary_info.c.obj
 .rodata._ftoa.str1.4
                0x100074e4       0x15 CMakeFiles/adc_self_test.dir/C_/Users/peter/Documents/GitHub/pico-sdk/src/rp2_common/pico_printf/printf.c.obj
 .rodata._vsnprintf
                0x100074e4      0x19c CMakeFiles/adc_self_test.dir/C_/Users/peter/Documents/GitHub/pico-sdk/src/rp2_common/pico_printf/printf.c.obj
 .rodata.pow10.0
                0x10007680       0x50 CMakeFiles/adc_self_test.dir/C_/Users/peter/Documents/GitHub/pico-sdk/src/rp2_common/pico_printf/printf.c.obj
 .rodata.crlf_str.0
                0x100076d0        0x2 CMakeFiles/adc_self_test.dir/C_/Users/peter/Documents/GitHub/pico-sdk/src/rp2_common/pico_stdio/stdio.c.obj
 *fill*         0x100076d2        0x2 
 .rodata._resetd_driver
                0x100076d4       0x20 CMakeFiles/adc_self_test.dir/C_/Users/peter/Documents/GitHub/pico-sdk/src/rp2_common/pico_stdio_usb/reset_interface.c.obj
 .rodata.desc_ms_os_20
                0x100076f4       0xa6 CMakeFiles/adc_self_test.dir/C_/Users/peter/Documents/GitHub/pico-sdk/src/rp2_common/pico_stdio_usb/reset_interface.c.obj
 *fill*         0x1000779a        0x2 
 .rodata.desc_bos
                0x1000779c       0x21 CMakeFiles/adc_self_test.dir/C_/Users/peter/Documents/GitHub/pico-sdk/src/rp2_common/pico_stdio_usb/reset_interface.c.obj
                0x1000779c                desc_bos
 .rodata.str1.4
                0x100077bd       0x13 CMakeFiles/adc_self_test.dir/C_/Users/peter/Documents/GitHub/pico-sdk/src/rp2_common/pico_stdio_usb/stdio_usb.c.obj
 *fill*         0x100077bd        0x3 
 .rodata.__bi_202.0
                0x100077c0        0xc CMakeFiles/adc_self_test.dir/C_/Users/peter/Documents/GitHub/pico-sdk/src/rp2_common/pico_stdio_usb/stdio_usb.c.obj
 .rodata.str1.4
                0x100077cc       0x2a CMakeFiles/adc_self_test.dir/C_/Users/peter/Documents/GitHub/pico-sdk/src/rp2_common/pico_stdio_usb/stdio_usb_descriptors.c.obj
 .rodata.usbd_desc_str
                0x100077cc       0x18 CMakeFiles/adc_self_test.dir/C_/Users/peter/Documents/GitHub/pico-sdk/src/rp2_common/pico_stdio_usb/stdio_usb_descriptors.c.obj
 .rodata.usbd_desc_cfg
                0x100077e4       0x54 CMakeFiles/adc_self_test.dir/C_/Users/peter/Documents/GitHub/pico-sdk/src/rp2_common/pico_stdio_usb/stdio_usb_descriptors.c.obj
 .rodata.usbd_desc_device
                0x10007838       0x12 CMakeFiles/adc_self_test.dir/C_/Users/peter/Documents/GitHub/pico-sdk/src/rp2_common/pico_stdio_usb/stdio_usb_descriptors.c.obj
 .rodata.str1.4
                0x1000784a       0x14 CMakeFiles/adc_self_test.dir/C_/Users/peter/Documents/GitHub/pico-sdk/lib/tinyusb/src/portable/raspberrypi/rp2040/dcd_rp2040.c.obj
 .rodata.str1.4
                0x1000784a       0x48 CMakeFiles/adc_self_test.dir/C_/Users/peter/Documents/GitHub/pico-sdk/lib/tinyusb/src/portable/raspberrypi/rp2040/rp2040_usb.c.obj
 *fill*         0x1000784a        0x2 
 .rodata.tud_task_ext
                0x1000784c       0x8c CMakeFiles/adc_self_test.dir/C_/Users/peter/Documents/GitHub/pico-sdk/lib/tinyusb/src/device/usbd.c.obj
 .rodata        0x100078d8       0x1c CMakeFiles/adc_self_test.dir/C_/Users/peter/Documents/GitHub/pico-sdk/lib/tinyusb/src/device/usbd.c.obj
 .rodata._usbd_driver
                0x100078f4       0x40 CMakeFiles/adc_self_test.dir/C_/Users/peter/Documents/GitHub/pico-sdk/lib/tinyusb/src/device/usbd.c.obj
                0x10007934                        . = ALIGN (0x4)
 *(SORT_BY_ALIGNMENT(SORT_BY_NAME(.flashdata*)))
                0x10007934                        . = ALIGN (0x4)

.ARM.extab
 *(.ARM.extab* .gnu.linkonce.armextab.*)
                0x10007934                        __exidx_start = .

.ARM.exidx
 *(.ARM.exidx* .gnu.linkonce.armexidx.*)
                0x10007934                        __exidx_end = .
                0x10007934                        . = ALIGN (0x4)
                0x10007934                        __binary_info_start = .

.binary_info    0x10007934       0x20
 *(.binary_info.keep.*)
 .binary_info.keep.__bi_ptr84
                0x10007934        0x4 CMakeFiles/adc_self_test.dir/C_/Users/peter/Documents/GitHub/pico-sdk/src/rp2_common/pico_standard_binary_info/standard_binary_info.c.obj
 .binary_info.keep.__bi_ptr78
                0x10007938        0x4 CMakeFiles/adc_self_test.dir/C_/Users/peter/Documents/GitHub/pico-sdk/src/rp2_common/pico_standard_binary_info/standard_binary_info.c.obj
 .binary_info.keep.__bi_ptr54
                0x1000793c        0x4 CMakeFiles/adc_self_test.dir/C_/Users/peter/Documents/GitHub/pico-sdk/src/rp2_common/pico_standard_binary_info/standard_binary_info.c.obj
 .binary_info.keep.__bi_ptr48
                0x10007940        0x4 CMakeFiles/adc_self_test.dir/C_/Users/peter/Documents/GitHub/pico-sdk/src/rp2_common/pico_standard_binary_info/standard_binary_info.c.obj
 .binary_info.keep.__bi_ptr42
                0x10007944        0x4 CMakeFiles/adc_self_test.dir/C_/Users/peter/Documents/GitHub/pico-sdk/src/rp2_common/pico_standard_binary_info/standard_binary_info.c.obj
 .binary_info.keep.__bi_ptr34
                0x10007948        0x4 CMakeFiles/adc_self_test.dir/C_/Users/peter/Documents/GitHub/pico-sdk/src/rp2_common/pico_standard_binary_info/standard_binary_info.c.obj
 .binary_info.keep.__bi_ptr26
                0x1000794c        0x4 CMakeFiles/adc_self_test.dir/C_/Users/peter/Documents/GitHub/pico-sdk/src/rp2_common/pico_standard_binary_info/standard_binary_info.c.obj
 *(.binary_info.*)
 .binary_info.__bi_ptr202
                0x10007950        0x4 CMakeFiles/adc_self_test.dir/C_/Users/peter/Documents/GitHub/pico-sdk/src/rp2_common/pico_stdio_usb/stdio_usb.c.obj
                0x10007954                        __binary_info_end = .
                0x10007954                        . = ALIGN (0x4)

.ram_vector_table
                0x20000000       0xc0
 *(.ram_vector_table)
 .ram_vector_table
                0x20000000       0xc0 CMakeFiles/adc_self_test.dir/C_/Users/peter/Documents/GitHub/pico-sdk/src/rp2_common/pico_runtime_init/runtime_init.c.obj
                0x20000000                ram_vector_table

.uninitialized_data
                0x200000c0        0x0
                0x200000c0                        . = ALIGN (0x4)
 *(.uninitialized_data*)

.data           0x200000c0      0xff0 load address 0x10007954
                0x200000c0                        __data_start__ = .
 *(vtable)
 *(.time_critical*)
 .time_critical.mutex_try_enter
                0x200000c0       0x40 CMakeFiles/adc_self_test.dir/C_/Users/peter/Documents/GitHub/pico-sdk/src/common/pico_sync/mutex.c.obj
                0x200000c0                mutex_try_enter
 .time_critical.mutex_try_enter_block_until
                0x20000100       0x98 CMakeFiles/adc_self_test.dir/C_/Users/peter/Documents/GitHub/pico-sdk/src/common/pico_sync/mutex.c.obj
                0x20000100                mutex_try_enter_block_until
 .time_critical.mutex_enter_timeout_ms
                0x20000198       0x8c CMakeFiles/adc_self_test.dir/C_/Users/peter/Documents/GitHub/pico-sdk/src/common/pico_sync/mutex.c.obj
                0x20000198                mutex_enter_timeout_ms
 .time_critical.mutex_exit
                0x20000224       0x28 CMakeFiles/adc_self_test.dir/C_/Users/peter/Documents/GitHub/pico-sdk/src/common/pico_sync/mutex.c.obj
                0x20000224                mutex_exit
 .time_critical.flash_init_boot2_copyout
                0x2000024c       0x30 CMakeFiles/adc_self_test.dir/C_/Users/peter/Documents/GitHub/pico-sdk/src/rp2_common/hardware_flash/flash.c.obj
 .time_critical.flash_enable_xip_via_boot2
                0x2000027c        0xc CMakeFiles/adc_self_test.dir/C_/Users/peter/Documents/GitHub/pico-sdk/src/rp2_common/hardware_flash/flash.c.obj
 .time_critical.flash_save_hardware_state
                0x20000288       0x20 CMakeFiles/adc_self_test.dir/C_/Users/peter/Documents/GitHub/pico-sdk/src/rp2_common/hardware_flash/flash.c.obj
 .time_critical.flash_restore_hardware_state
                0x200002a8       0x20 CMakeFiles/adc_self_test.dir/C_/Users/peter/Documents/GitHub/pico-sdk/src/rp2_common/hardware_flash/flash.c.obj
 .time_critical.flash_cs_force
                0x200002c8       0x38 CMakeFiles/adc_self_test.dir/C_/Users/peter/Documents/GitHub/pico-sdk/src/rp2_common/hardware_flash/flash.c.obj
 .time_critical.flash_do_cmd
                0x20000300      0x13c CMakeFiles/adc_self_test.dir/C_/Users/peter/Documents/GitHub/pico-sdk/src/rp2_common/hardware_flash/flash.c.obj
                0x20000300                flash_do_cmd
 .time_critical.reset_non_control_endpoints
                0x2000043c       0x68 CMakeFiles/adc_self_test.dir/C_/Users/peter/Documents/GitHub/pico-sdk/lib/tinyusb/src/portable/raspberrypi/rp2040/dcd_rp2040.c.obj
 .time_critical.hw_handle_buff_status
                0x200004a4       0xa0 CMakeFiles/adc_self_test.dir/C_/Users/peter/Documents/GitHub/pico-sdk/lib/tinyusb/src/portable/raspberrypi/rp2040/dcd_rp2040.c.obj
 .time_critical.dcd_rp2040_irq
                0x20000544      0x548 CMakeFiles/adc_self_test.dir/C_/Users/peter/Documents/GitHub/pico-sdk/lib/tinyusb/src/portable/raspberrypi/rp2040/dcd_rp2040.c.obj
 .time_critical.prepare_ep_buffer
                0x20000a8c       0xc8 CMakeFiles/adc_self_test.dir/C_/Users/peter/Documents/GitHub/pico-sdk/lib/tinyusb/src/portable/raspberrypi/rp2040/rp2040_usb.c.obj
 .time_critical.sync_ep_buffer
                0x20000b54       0x9c CMakeFiles/adc_self_test.dir/C_/Users/peter/Documents/GitHub/pico-sdk/lib/tinyusb/src/portable/raspberrypi/rp2040/rp2040_usb.c.obj
 .time_critical._hw_endpoint_xfer_sync
                0x20000bf0       0x28 CMakeFiles/adc_self_test.dir/C_/Users/peter/Documents/GitHub/pico-sdk/lib/tinyusb/src/portable/raspberrypi/rp2040/rp2040_usb.c.obj
 .time_critical.e15_is_bulkin_ep
                0x20000c18       0x28 CMakeFiles/adc_self_test.dir/C_/Users/peter/Documents/GitHub/pico-sdk/lib/tinyusb/src/portable/raspberrypi/rp2040/rp2040_usb.c.obj
 .time_critical.e15_is_critical_frame_period
                0x20000c40       0x34 CMakeFiles/adc_self_test.dir/C_/Users/peter/Documents/GitHub/pico-sdk/lib/tinyusb/src/portable/raspberrypi/rp2040/rp2040_usb.c.obj
 .time_critical.hw_endpoint_reset_transfer
                0x20000c74        0xc CMakeFiles/adc_self_test.dir/C_/Users/peter/Documents/GitHub/pico-sdk/lib/tinyusb/src/portable/raspberrypi/rp2040/rp2040_usb.c.obj
                0x20000c74                hw_endpoint_reset_transfer
 .time_critical._hw_endpoint_buffer_control_update32
                0x20000c80       0x50 CMakeFiles/adc_self_test.dir/C_/Users/peter/Documents/GitHub/pico-sdk/lib/tinyusb/src/portable/raspberrypi/rp2040/rp2040_usb.c.obj
                0x20000c80                _hw_endpoint_buffer_control_update32
 .time_critical.hw_endpoint_start_next_buffer
                0x20000cd0       0x68 CMakeFiles/adc_self_test.dir/C_/Users/peter/Documents/GitHub/pico-sdk/lib/tinyusb/src/portable/raspberrypi/rp2040/rp2040_usb.c.obj
                0x20000cd0                hw_endpoint_start_next_buffer
 .time_critical.hw_endpoint_xfer_continue
                0x20000d38       0x40 CMakeFiles/adc_self_test.dir/C_/Users/peter/Documents/GitHub/pico-sdk/lib/tinyusb/src/portable/raspberrypi/rp2040/rp2040_usb.c.obj
                0x20000d38                hw_endpoint_xfer_continue
 .time_critical.tinyusb
                0x20000d78      0x1e4 CMakeFiles/adc_self_test.dir/C_/Users/peter/Documents/GitHub/pico-sdk/lib/tinyusb/src/device/usbd.c.obj
                0x20000d78                dcd_event_handler
 *(.text*)
 .text          0x20000f5c        0x4 C:/PROGRA~2/ARMGNU~1/14EFD8~1.2RE/bin/../lib/gcc/arm-none-eabi/14.2.1/thumb/v6-m/nofp\libgcc.a(_dvmd_tls.o)
                0x20000f5c                __aeabi_idiv0
                0x20000f5c                __aeabi_ldiv0
 .text.__stub   0x20000f60       0x80 linker stubs
                0x20000fe0                        . = ALIGN (0x4)
 *(.rodata*)
                0x20000fe0                        . = ALIGN (0x4)
 *(.data*)
 .data.striped_spin_lock_num
                0x20000fe0        0x1 CMakeFiles/adc_self_test.dir/C_/Users/peter/Documents/GitHub/pico-sdk/src/rp2_common/hardware_sync/sync.c.obj
 *fill*         0x20000fe1        0x3 
 .data          0x20000fe4       0x48 CMakeFiles/adc_self_test.dir/C_/Users/peter/Documents/GitHub/pico-sdk/src/rp2_common/hardware_irq/irq_handler_chain.S.obj
                0x20000fe4                irq_handler_chain_slots
                0x20001014                irq_handler_chain_first_slot
                0x2000101e                irq_handler_chain_remove_tail
 .data.default_alarm_pool
                0x2000102c       0x18 CMakeFiles/adc_self_test.dir/C_/Users/peter/Documents/GitHub/pico-sdk/src/common/pico_time/time.c.obj
 *fill*         0x20001044        0xc 
 .data.aeabi_bits_funcs
                0x20001050       0x10 CMakeFiles/adc_self_test.dir/C_/Users/peter/Documents/GitHub/pico-sdk/src/rp2_common/pico_bit_ops/bit_ops_aeabi.S.obj
                0x20001050                aeabi_bits_funcs
                0x20001060                aeabi_bits_funcs_end
 .data.aeabi_mem_funcs
                0x20001060       0x10 CMakeFiles/adc_self_test.dir/C_/Users/peter/Documents/GitHub/pico-sdk/src/rp2_common/pico_mem_ops/mem_ops_aeabi.S.obj
                0x20001060                aeabi_mem_funcs
                0x20001070                aeabi_mem_funcs_end
 .data.stdio_usb
                0x20001070       0x18 CMakeFiles/adc_self_test.dir/C_/Users/peter/Documents/GitHub/pico-sdk/src/rp2_common/pico_stdio_usb/stdio_usb.c.obj
                0x20001070                stdio_usb
 .data._usbd_qdef
                0x20001088       0x1c CMakeFiles/adc_self_test.dir/C_/Users/peter/Documents/GitHub/pico-sdk/lib/tinyusb/src/device/usbd.c.obj
                0x20001088                _usbd_qdef
 .data._usbd_rhport
                0x200010a4        0x1 CMakeFiles/adc_self_test.dir/C_/Users/peter/Documents/GitHub/pico-sdk/lib/tinyusb/src/device/usbd.c.obj
                0x200010a8                        . = ALIGN (0x4)
 *fill*         0x200010a5        0x3 
 *(.after_data.*)
                0x200010a8                        . = ALIGN (0x4)
                0x200010a8                        PROVIDE (__mutex_array_start = .)
 *(SORT_BY_NAME(.mutex_array.*))
 *(.mutex_array)
 .mutex_array   0x200010a8        0x8 CMakeFiles/adc_self_test.dir/C_/Users/peter/Documents/GitHub/pico-sdk/src/rp2_common/pico_stdio/stdio.c.obj
                0x200010b0                        PROVIDE (__mutex_array_end = .)
                0x200010b0                        . = ALIGN (0x4)
 *(.jcr)
                0x200010b0                        . = ALIGN (0x4)

.tm_clone_table
                0x200010b0        0x0 load address 0x10008944
 .tm_clone_table
                0x200010b0        0x0 C:/PROGRA~2/ARMGNU~1/14EFD8~1.2RE/bin/../lib/gcc/arm-none-eabi/14.2.1/thumb/v6-m/nofp/crtbegin.o
 .tm_clone_table
                0x200010b0        0x0 C:/PROGRA~2/ARMGNU~1/14EFD8~1.2RE/bin/../lib/gcc/arm-none-eabi/14.2.1/thumb/v6-m/nofp/crtend.o

.igot.plt       0x200010b0        0x0 load address 0x10008944
 .igot.plt      0x200010b0        0x0 C:/PROGRA~2/ARMGNU~1/14EFD8~1.2RE/bin/../lib/gcc/arm-none-eabi/14.2.1/thumb/v6-m/nofp/crtbegin.o

.tdata          0x200010b0        0x0 load address 0x10008944
                0x200010b0                        . = ALIGN (0x4)
 *(.tdata .tdata.* .gnu.linkonce.td.*)
                0x200010b0                        __tdata_end = .
                0x200010b0                        PROVIDE (__data_end__ = .)
                0x10007954                        __etext = LOADADDR (.data)

.tbss           0x200010b0        0x0 load address 0x10008944
                0x200010b0                        . = ALIGN (0x4)
                0x200010b0                        __bss_start__ = .
                0x200010b0                        __tls_base = .
 *(.tbss .tbss.* .gnu.linkonce.tb.*)
 *(.tcommon)
                0x200010b0                        __tls_end = .

.bss            0x200010b0      0xf04 load address 0x10008944
                0x200010b0                        . = ALIGN (0x4)
                0x200010b0                        __tbss_end = .
 *(SORT_BY_ALIGNMENT(SORT_BY_NAME(.bss*)))
 .bss.default_alarm_pool_entries
                0x200010b0      0x180 CMakeFiles/adc_self_test.dir/C_/Users/peter/Documents/GitHub/pico-sdk/src/common/pico_time/time.c.obj
 .bss.last_avail_time.1
                0x20001230        0x8 CMakeFiles/adc_self_test.dir/C_/Users/peter/Documents/GitHub/pico-sdk/src/rp2_common/pico_stdio_usb/stdio_usb.c.obj
 .bss.sd_table  0x20001238      0x100 CMakeFiles/adc_self_test.dir/C_/Users/peter/Documents/GitHub/pico-sdk/src/rp2_common/pico_double/double_init_rom_rp2040.c.obj
                0x20001238                sd_table
 .bss.sf_table  0x20001338      0x100 CMakeFiles/adc_self_test.dir/C_/Users/peter/Documents/GitHub/pico-sdk/src/rp2_common/pico_float/float_init_rom_rp2040.c.obj
                0x20001338                sf_table
 .bss._app_driver
                0x20001438        0x4 CMakeFiles/adc_self_test.dir/C_/Users/peter/Documents/GitHub/pico-sdk/lib/tinyusb/src/device/usbd.c.obj
 .bss._cdcd_epbuf
                0x2000143c       0x80 CMakeFiles/adc_self_test.dir/C_/Users/peter/Documents/GitHub/pico-sdk/lib/tinyusb/src/class/cdc/cdc_device.c.obj
 .bss._cdcd_fifo_cfg
                0x200014bc        0x1 CMakeFiles/adc_self_test.dir/C_/Users/peter/Documents/GitHub/pico-sdk/lib/tinyusb/src/class/cdc/cdc_device.c.obj
 *fill*         0x200014bd        0x3 
 .bss._cdcd_itf
                0x200014c0       0xc8 CMakeFiles/adc_self_test.dir/C_/Users/peter/Documents/GitHub/pico-sdk/lib/tinyusb/src/class/cdc/cdc_device.c.obj
 .bss._ctrl_epbuf
                0x20001588       0x40 CMakeFiles/adc_self_test.dir/C_/Users/peter/Documents/GitHub/pico-sdk/lib/tinyusb/src/device/usbd_control.c.obj
 .bss._ctrl_xfer
                0x200015c8       0x14 CMakeFiles/adc_self_test.dir/C_/Users/peter/Documents/GitHub/pico-sdk/lib/tinyusb/src/device/usbd_control.c.obj
 .bss._tusb_rhport_role
                0x200015dc        0x2 CMakeFiles/adc_self_test.dir/C_/Users/peter/Documents/GitHub/pico-sdk/lib/tinyusb/src/tusb.c.obj
                0x200015dc                _tusb_rhport_role
 *fill*         0x200015de        0x2 
 .bss._ubsd_mutexdef
                0x200015e0        0x8 CMakeFiles/adc_self_test.dir/C_/Users/peter/Documents/GitHub/pico-sdk/lib/tinyusb/src/device/usbd.c.obj
 .bss._usbd_dev
                0x200015e8       0x54 CMakeFiles/adc_self_test.dir/C_/Users/peter/Documents/GitHub/pico-sdk/lib/tinyusb/src/device/usbd.c.obj
 .bss._usbd_mutex
                0x2000163c        0x4 CMakeFiles/adc_self_test.dir/C_/Users/peter/Documents/GitHub/pico-sdk/lib/tinyusb/src/device/usbd.c.obj
 .bss._usbd_q   0x20001640        0x4 CMakeFiles/adc_self_test.dir/C_/Users/peter/Documents/GitHub/pico-sdk/lib/tinyusb/src/device/usbd.c.obj
 .bss._usbd_qdef_buf
                0x20001644       0xc0 CMakeFiles/adc_self_test.dir/C_/Users/peter/Documents/GitHub/pico-sdk/lib/tinyusb/src/device/usbd.c.obj
                0x20001644                _usbd_qdef_buf
 .bss._used_instruction_space
                0x20001704        0x8 CMakeFiles/adc_self_test.dir/C_/Users/peter/Documents/GitHub/pico-sdk/src/rp2_common/hardware_pio/pio.c.obj
 .bss._vendord_epbuf
                0x2000170c       0x80 CMakeFiles/adc_self_test.dir/C_/Users/peter/Documents/GitHub/pico-sdk/lib/tinyusb/src/class/vendor/vendor_device.c.obj
 .bss._vendord_itf
                0x2000178c      0x24c CMakeFiles/adc_self_test.dir/C_/Users/peter/Documents/GitHub/pico-sdk/lib/tinyusb/src/class/vendor/vendor_device.c.obj
 .bss.boot2_copyout
                0x200019d8      0x100 CMakeFiles/adc_self_test.dir/C_/Users/peter/Documents/GitHub/pico-sdk/src/rp2_common/hardware_flash/flash.c.obj
 .bss.chars_available_callback
                0x20001ad8        0x4 CMakeFiles/adc_self_test.dir/C_/Users/peter/Documents/GitHub/pico-sdk/src/rp2_common/pico_stdio_usb/stdio_usb.c.obj
 .bss.chars_available_param
                0x20001adc        0x4 CMakeFiles/adc_self_test.dir/C_/Users/peter/Documents/GitHub/pico-sdk/src/rp2_common/pico_stdio_usb/stdio_usb.c.obj
 .bss.claimed   0x20001ae0        0x4 CMakeFiles/adc_self_test.dir/C_/Users/peter/Documents/GitHub/pico-sdk/src/rp2_common/hardware_sync/sync.c.obj
 .bss.claimed   0x20001ae4        0x1 CMakeFiles/adc_self_test.dir/C_/Users/peter/Documents/GitHub/pico-sdk/src/rp2_common/hardware_timer/timer.c.obj
 *fill*         0x20001ae5        0x3 
 .bss.configured_freq
                0x20001ae8       0x28 CMakeFiles/adc_self_test.dir/C_/Users/peter/Documents/GitHub/pico-sdk/src/rp2_common/hardware_clocks/clocks.c.obj
 .bss.desc_str.0
                0x20001b10       0x28 CMakeFiles/adc_self_test.dir/C_/Users/peter/Documents/GitHub/pico-sdk/src/rp2_common/pico_stdio_usb/stdio_usb_descriptors.c.obj
 .bss.drivers   0x20001b38        0x4 CMakeFiles/adc_self_test.dir/C_/Users/peter/Documents/GitHub/pico-sdk/src/rp2_common/pico_stdio/stdio.c.obj
 .bss.e15_last_sof
                0x20001b3c        0x4 CMakeFiles/adc_self_test.dir/C_/Users/peter/Documents/GitHub/pico-sdk/lib/tinyusb/src/portable/raspberrypi/rp2040/rp2040_usb.c.obj
                0x20001b3c                e15_last_sof
 .bss.filter    0x20001b40        0x4 CMakeFiles/adc_self_test.dir/C_/Users/peter/Documents/GitHub/pico-sdk/src/rp2_common/pico_stdio/stdio.c.obj
 .bss.hw_endpoints
                0x20001b44      0x400 CMakeFiles/adc_self_test.dir/C_/Users/peter/Documents/GitHub/pico-sdk/lib/tinyusb/src/portable/raspberrypi/rp2040/dcd_rp2040.c.obj
 .bss.lazy_vsnprintf
                0x20001f44        0x4 CMakeFiles/adc_self_test.dir/C_/Users/peter/Documents/GitHub/pico-sdk/src/rp2_common/pico_printf/printf.c.obj
 .bss.load_value
                0x20001f48        0x4 CMakeFiles/adc_self_test.dir/C_/Users/peter/Documents/GitHub/pico-sdk/src/rp2_common/hardware_watchdog/watchdog.c.obj
 .bss.next_buffer_ptr
                0x20001f4c        0x4 CMakeFiles/adc_self_test.dir/C_/Users/peter/Documents/GitHub/pico-sdk/lib/tinyusb/src/portable/raspberrypi/rp2040/dcd_rp2040.c.obj
 .bss.object.0  0x20001f50       0x18 C:/PROGRA~2/ARMGNU~1/14EFD8~1.2RE/bin/../lib/gcc/arm-none-eabi/14.2.1/thumb/v6-m/nofp/crtbegin.o
 .bss.one_shot_timer_crit_sec
                0x20001f68        0x8 CMakeFiles/adc_self_test.dir/C_/Users/peter/Documents/GitHub/pico-sdk/src/rp2_common/pico_stdio_usb/stdio_usb.c.obj
 .bss.pools     0x20001f70       0x10 CMakeFiles/adc_self_test.dir/C_/Users/peter/Documents/GitHub/pico-sdk/src/common/pico_time/time.c.obj
 .bss.retrieved_id
                0x20001f80        0x8 CMakeFiles/adc_self_test.dir/C_/Users/peter/Documents/GitHub/pico-sdk/src/rp2_common/pico_unique_id/unique_id.c.obj
 .bss.sf_clz_func
                0x20001f88        0x4 CMakeFiles/adc_self_test.dir/C_/Users/peter/Documents/GitHub/pico-sdk/src/rp2_common/pico_double/double_init_rom_rp2040.c.obj
                0x20001f88                sf_clz_func
 .bss.sleep_notifier
                0x20001f8c        0x4 CMakeFiles/adc_self_test.dir/C_/Users/peter/Documents/GitHub/pico-sdk/src/common/pico_time/time.c.obj
 .bss.stdio_usb_mutex
                0x20001f90        0x8 CMakeFiles/adc_self_test.dir/C_/Users/peter/Documents/GitHub/pico-sdk/src/rp2_common/pico_stdio_usb/stdio_usb.c.obj
 .bss.usbd_serial_str
                0x20001f98       0x11 CMakeFiles/adc_self_test.dir/C_/Users/peter/Documents/GitHub/pico-sdk/src/rp2_common/pico_stdio_usb/stdio_usb_descriptors.c.obj
 .bss._app_driver_count
                0x20001fa9        0x1 CMakeFiles/adc_self_test.dir/C_/Users/peter/Documents/GitHub/pico-sdk/lib/tinyusb/src/device/usbd.c.obj
 .bss._sof_enable
                0x20001faa        0x1 CMakeFiles/adc_self_test.dir/C_/Users/peter/Documents/GitHub/pico-sdk/lib/tinyusb/src/portable/raspberrypi/rp2040/dcd_rp2040.c.obj
 .bss._usbd_queued_setup
                0x20001fab        0x1 CMakeFiles/adc_self_test.dir/C_/Users/peter/Documents/GitHub/pico-sdk/lib/tinyusb/src/device/usbd.c.obj
 .bss.boot2_copyout_valid
                0x20001fac        0x1 CMakeFiles/adc_self_test.dir/C_/Users/peter/Documents/GitHub/pico-sdk/src/rp2_common/hardware_flash/flash.c.obj
 .bss.irq_handler_chain_free_slot_head
                0x20001fad        0x1 CMakeFiles/adc_self_test.dir/C_/Users/peter/Documents/GitHub/pico-sdk/src/rp2_common/hardware_irq/irq.c.obj
 .bss.itf_num   0x20001fae        0x1 CMakeFiles/adc_self_test.dir/C_/Users/peter/Documents/GitHub/pico-sdk/src/rp2_common/pico_stdio_usb/reset_interface.c.obj
 .bss.low_priority_irq_num
                0x20001faf        0x1 CMakeFiles/adc_self_test.dir/C_/Users/peter/Documents/GitHub/pico-sdk/src/rp2_common/pico_stdio_usb/stdio_usb.c.obj
 .bss.one_shot_timer_pending
                0x20001fb0        0x1 CMakeFiles/adc_self_test.dir/C_/Users/peter/Documents/GitHub/pico-sdk/src/rp2_common/pico_stdio_usb/stdio_usb.c.obj
 .bss.user_irq_claimed
                0x20001fb1        0x1 CMakeFiles/adc_self_test.dir/C_/Users/peter/Documents/GitHub/pico-sdk/src/rp2_common/hardware_irq/irq.c.obj
 *(COMMON)
                0x20001fb4                        . = ALIGN (0x4)
 *fill*         0x20001fb2        0x2 
                0x20001fb4                        __bss_end__ = .

.heap           0x20001fb4      0x800 load address 0x10008944
                0x20001fb4                        __end__ = .
                0x20001fb4                        end = __end__
 *(.heap*)
 .heap          0x20001fb4      0x800 CMakeFiles/adc_self_test.dir/C_/Users/peter/Documents/GitHub/pico-sdk/src/rp2_common/pico_crt0/crt0.S.obj
                0x20040000                        __HeapLimit = (ORIGIN (RAM) + LENGTH (RAM))

.scratch_x      0x20040000        0x0 load address 0x10008944
                0x20040000                        __scratch_x_start__ = .
 *(.scratch_x.*)
                0x20040000                        . = ALIGN (0x4)
                0x20040000                        __scratch_x_end__ = .
                0x10008944                        __scratch_x_source__ = LOADADDR (.scratch_x)

.scratch_y      0x20041000        0x0 load address 0x10008944
                0x20041000                        __scratch_y_start__ = .
 *(.scratch_y.*)
                0x20041000                        . = ALIGN (0x4)
                0x20041000                        __scratch_y_end__ = .
                0x10008944                        __scratch_y_source__ = LOADADDR (.scratch_y)

.stack1_dummy
 *(.stack1*)

.stack_dummy    0x20041000      0x800
 *(.stack*)
 .stack         0x20041000      0x800 CMakeFiles/adc_self_test.dir/C_/Users/peter/Documents/GitHub/pico-sdk/src/rp2_common/pico_crt0/crt0.S.obj

.rel.dyn        0x20041800        0x0
 .rel.iplt      0x20041800        0x0 C:/PROGRA~2/ARMGNU~1/14EFD8~1.2RE/bin/../lib/gcc/arm-none-eabi/14.2.1/thumb/v6-m/nofp/crtbegin.o

.flash_end      0x10008944        0x0
 *(.embedded_end_block*)
                0x10008944                        PROVIDE (__flash_binary_end = .)
                0x20040000                        __StackLimit = (ORIGIN (RAM) + LENGTH (RAM))
                0x20041000                        __StackOneTop = (ORIGIN (SCRATCH_X) + LENGTH (SCRATCH_X))
                0x20042000                        __StackTop = (ORIGIN (SCRATCH_Y) + LENGTH (SCRATCH_Y))
                0x20041000                        __StackOneBottom = (__StackOneTop - SIZEOF (.stack1_dummy))
                0x20041800                        __StackBottom = (__StackTop - SIZEOF (.stack_dummy))
                0x20042000                        PROVIDE (__stack = __StackTop)
                [!provide]                        PROVIDE (__heap_start = __end__)
                [!provide]                        PROVIDE (__heap_end = __HeapLimit)