Archive member included to satisfy reference by file (symbol)

codec2_external/src/libcodec2.a(codec2.c.obj)
                              CMakeFiles/audio_link_tx.dir/main_tx.c.obj (codec2_create)
codec2_external/src/libcodec2.a(codec2_fft.c.obj)
                              codec2_external/src/libcodec2.a(codec2.c.obj) (codec2_fft_free)
codec2_external/src/libcodec2.a(kiss_fft.c.obj)
                              codec2_external/src/libcodec2.a(codec2_fft.c.obj) (kiss_fft_alloc)
codec2_external/src/libcodec2.a(kiss_fftr.c.obj)
                              codec2_external/src/libcodec2.a(codec2_fft.c.obj) (kiss_fftr_alloc)
codec2_external/src/libcodec2.a(interp.c.obj)
                              codec2_external/src/libcodec2.a(codec2.c.obj) (interp_Wo2)
codec2_external/src/libcodec2.a(lsp.c.obj)
                              codec2_external/src/libcodec2.a(codec2.c.obj) (lsp_to_lpc)
codec2_external/src/libcodec2.a(newamp1.c.obj)
                              codec2_external/src/libcodec2.a(codec2.c.obj) (ftomel)
codec2_external/src/libcodec2.a(phase.c.obj)
                              codec2_external/src/libcodec2.a(codec2.c.obj) (sample_phase)
codec2_external/src/libcodec2.a(quantise.c.obj)
                              codec2_external/src/libcodec2.a(codec2.c.obj) (lsp_bits)
codec2_external/src/libcodec2.a(pack.c.obj)
                              codec2_external/src/libcodec2.a(codec2.c.obj) (pack_natural_or_gray)
codec2_external/src/libcodec2.a(codebook.c.obj)
                              codec2_external/src/libcodec2.a(quantise.c.obj) (lsp_cb)
codec2_external/src/libcodec2.a(codebookd.c.obj)
                              codec2_external/src/libcodec2.a(quantise.c.obj) (lsp_cbd)
codec2_external/src/libcodec2.a(codebookjmv.c.obj)
                              codec2_external/src/libcodec2.a(quantise.c.obj) (lsp_cbjmv)
codec2_external/src/libcodec2.a(codebookge.c.obj)
                              codec2_external/src/libcodec2.a(quantise.c.obj) (ge_cb)
codec2_external/src/libcodec2.a(codebooknewamp1.c.obj)
                              codec2_external/src/libcodec2.a(codec2.c.obj) (newamp1vq_cb)
codec2_external/src/libcodec2.a(codebooknewamp1_energy.c.obj)
                              codec2_external/src/libcodec2.a(codec2.c.obj) (newamp1_energy_cb)
codec2_external/src/libcodec2.a(dump.c.obj)
                              codec2_external/src/libcodec2.a(codec2.c.obj) (dump_model)
codec2_external/src/libcodec2.a(lpc.c.obj)
                              codec2_external/src/libcodec2.a(quantise.c.obj) (autocorrelate)
codec2_external/src/libcodec2.a(nlp.c.obj)
                              codec2_external/src/libcodec2.a(codec2.c.obj) (nlp_create)
codec2_external/src/libcodec2.a(postfilter.c.obj)
                              codec2_external/src/libcodec2.a(codec2.c.obj) (postfilter)
codec2_external/src/libcodec2.a(sine.c.obj)
                              codec2_external/src/libcodec2.a(codec2.c.obj) (c2const_create)
codec2_external/src/libcodec2.a(mbest.c.obj)
                              codec2_external/src/libcodec2.a(newamp1.c.obj) (mbest_create)
C:/PROGRA~2/ARMGNU~1/14EFD8~1.2RE/bin/../lib/gcc/arm-none-eabi/14.2.1/thumb/v8-m.main+fp/softfp\libm.a(libm_a-wf_sqrt.o)
                              CMakeFiles/audio_link_tx.dir/C_/dev/pico-sdk/src/rp2_common/pico_float/float_math.c.obj (sqrtf)
C:/PROGRA~2/ARMGNU~1/14EFD8~1.2RE/bin/../lib/gcc/arm-none-eabi/14.2.1/thumb/v8-m.main+fp/softfp\libm.a(libm_a-ef_sqrt.o)
                              C:/PROGRA~2/ARMGNU~1/14EFD8~1.2RE/bin/../lib/gcc/arm-none-eabi/14.2.1/thumb/v8-m.main+fp/softfp\libm.a(libm_a-wf_sqrt.o) (__ieee754_sqrtf)
C:/PROGRA~2/ARMGNU~1/14EFD8~1.2RE/bin/../lib/gcc/arm-none-eabi/14.2.1/thumb/v8-m.main+fp/softfp\libgcc.a(_arm_addsubdf3.o)
                              CMakeFiles/audio_link_tx.dir/C_/dev/pico-sdk/src/rp2_common/pico_float/float_math.c.obj (__aeabi_f2d)
C:/PROGRA~2/ARMGNU~1/14EFD8~1.2RE/bin/../lib/gcc/arm-none-eabi/14.2.1/thumb/v8-m.main+fp/softfp\libgcc.a(_aeabi_ldivmod.o)
                              CMakeFiles/audio_link_tx.dir/main_tx.c.obj (__aeabi_ldivmod)
C:/PROGRA~2/ARMGNU~1/14EFD8~1.2RE/bin/../lib/gcc/arm-none-eabi/14.2.1/thumb/v8-m.main+fp/softfp\libgcc.a(_aeabi_uldivmod.o)
                              CMakeFiles/audio_link_tx.dir/C_/dev/pico-sdk/src/rp2_common/hardware_clocks/clocks.c.obj (__aeabi_uldivmod)
C:/PROGRA~2/ARMGNU~1/14EFD8~1.2RE/bin/../lib/gcc/arm-none-eabi/14.2.1/thumb/v8-m.main+fp/softfp\libgcc.a(_udivmoddi4.o)
                              C:/PROGRA~2/ARMGNU~1/14EFD8~1.2RE/bin/../lib/gcc/arm-none-eabi/14.2.1/thumb/v8-m.main+fp/softfp\libgcc.a(_aeabi_ldivmod.o) (__udivmoddi4)
C:/PROGRA~2/ARMGNU~1/14EFD8~1.2RE/bin/../lib/gcc/arm-none-eabi/14.2.1/thumb/v8-m.main+fp/softfp\libgcc.a(_dvmd_tls.o)
                              C:/PROGRA~2/ARMGNU~1/14EFD8~1.2RE/bin/../lib/gcc/arm-none-eabi/14.2.1/thumb/v8-m.main+fp/softfp\libgcc.a(_aeabi_ldivmod.o) (__aeabi_ldiv0)
[...]
Memory Configuration

Name             Origin             Length             Attributes
FLASH            0x10000000         0x00400000         xr
RAM              0x20000000         0x00080000         xrw
SCRATCH_X        0x20080000         0x00001000         xrw
SCRATCH_Y        0x20081000         0x00001000         xrw
*default*        0x00000000         0xffffffff

Linker script and memory map

LOAD C:/PROGRA~2/ARMGNU~1/14EFD8~1.2RE/bin/../lib/gcc/arm-none-eabi/14.2.1/thumb/v8-m.main+fp/softfp/crti.o
LOAD C:/PROGRA~2/ARMGNU~1/14EFD8~1.2RE/bin/../lib/gcc/arm-none-eabi/14.2.1/thumb/v8-m.main+fp/softfp/crtbegin.o
LOAD C:/PROGRA~2/ARMGNU~1/14EFD8~1.2RE/bin/../lib/gcc/arm-none-eabi/14.2.1/thumb/v8-m.main+fp/softfp/crt0.o

.flash_begin    0x10000000        0x0
                0x10000000                        __flash_binary_start = .

.text           0x10000000    0x1664c
                0x10000000                        __logical_binary_start = .
 *(.vectors)
 .vectors       0x10000000      0x124 CMakeFiles/audio_link_tx.dir/C_/dev/pico-sdk/src/rp2_common/pico_crt0/crt0.S.obj
                0x10000000                __VECTOR_TABLE
                0x10000000                __vectors
                0x10000110                __unhandled_user_irq
                0x10000110                isr_irq49
                0x10000110                isr_irq13
                0x10000110                isr_irq43
                0x10000110                isr_irq45
                0x10000110                isr_irq27
                0x10000110                isr_irq32
                0x10000110                isr_irq31
                0x10000110                isr_irq12
                0x10000110                isr_irq5
                0x10000110                isr_irq11
                0x10000110                isr_irq3
                0x10000110                isr_irq23
                0x10000110                isr_usagefault
                0x10000110                isr_irq48
                0x10000110                isr_irq30
                0x10000110                isr_irq18
                0x10000110                isr_irq50
                0x10000110                isr_irq33
                0x10000110                isr_irq40
                0x10000110                isr_irq28
                0x10000110                isr_irq19
                0x10000110                isr_irq36
                0x10000110                isr_irq41
                0x10000110                isr_irq0
                0x10000110                isr_irq6
                0x10000110                isr_irq26
                0x10000110                isr_irq29
                0x10000110                isr_memmanage
                0x10000110                isr_irq37
                0x10000110                isr_irq42
                0x10000110                isr_irq22
                0x10000110                isr_irq35
                0x10000110                isr_irq17
                0x10000110                isr_irq38
                0x10000110                isr_irq14
                0x10000110                __vectors_end
                0x10000110                __default_isrs_start
                0x10000110                isr_irq2
                0x10000110                isr_irq10
                0x10000110                isr_irq8
                0x10000110                isr_debugmonitor
                0x10000110                isr_irq24
                0x10000110                isr_irq46
                0x10000110                isr_irq1
                0x10000110                isr_irq47
                0x10000110                isr_irq51
                0x10000110                isr_irq7
                0x10000110                isr_irq21
                0x10000110                isr_irq39
                0x10000110                isr_irq20
                0x10000110                isr_irq15
                0x10000110                isr_irq25
                0x10000110                isr_irq34
                0x10000110                isr_irq44
                0x10000110                isr_securefault
                0x10000110                isr_irq4
                0x10000110                isr_busfault
                0x10000110                isr_irq16
                0x10000110                isr_irq9
                0x10000116                unhandled_user_irq_num_in_r0
                0x10000118                isr_invalid
                0x1000011a                isr_nmi
                0x1000011c                isr_hardfault
                0x1000011e                isr_svcall
                0x10000120                isr_pendsv
                0x10000122                isr_systick
                0x10000124                __default_isrs_end
 *(.binary_info_header)
 .binary_info_header
                0x10000124       0x14 CMakeFiles/audio_link_tx.dir/C_/dev/pico-sdk/src/rp2_common/pico_crt0/crt0.S.obj
                0x10000138                        __binary_info_header_end = .
 *(.embedded_block)
 .embedded_block
                0x10000138       0x14 CMakeFiles/audio_link_tx.dir/C_/dev/pico-sdk/src/rp2_common/pico_crt0/crt0.S.obj
                0x1000014c                        __embedded_block_end = .
 *(.reset)
 .reset         0x1000014c       0x98 CMakeFiles/audio_link_tx.dir/C_/dev/pico-sdk/src/rp2_common/pico_crt0/crt0.S.obj
                0x1000014c                _entry_point
 *(.init)
 .init          0x100001e4        0x4 C:/PROGRA~2/ARMGNU~1/14EFD8~1.2RE/bin/../lib/gcc/arm-none-eabi/14.2.1/thumb/v8-m.main+fp/softfp/crti.o
                0x100001e4                _init
 SORT_BY_NAME(REVERSE(*libgcc.a:cmse_nonsecure_call.o))()
 *(EXCLUDE_FILE(*libm.a: *libc.a:*lib_a-mem*.o *libgcc.a:) .text*)
 .text.register_tm_clones
                0x100001e8       0x28 C:/PROGRA~2/ARMGNU~1/14EFD8~1.2RE/bin/../lib/gcc/arm-none-eabi/14.2.1/thumb/v8-m.main+fp/softfp/crtbegin.o
 .text.frame_dummy
                0x10000210       0x24 C:/PROGRA~2/ARMGNU~1/14EFD8~1.2RE/bin/../lib/gcc/arm-none-eabi/14.2.1/thumb/v8-m.main+fp/softfp/crtbegin.o
 .text.sm_config_set_clkdiv
                0x10000234       0x5c CMakeFiles/audio_link_tx.dir/main_tx.c.obj
 .text.pio_get_default_sm_config
                0x10000290       0x24 CMakeFiles/audio_link_tx.dir/main_tx.c.obj
 .text.bck_out_program_get_default_config
                0x100002b4       0x32 CMakeFiles/audio_link_tx.dir/main_tx.c.obj
 .text.mclk_out_program_get_default_config
                0x100002e6       0x32 CMakeFiles/audio_link_tx.dir/main_tx.c.obj
 .text.lrck_from_bck_program_get_default_config
                0x10000318       0x22 CMakeFiles/audio_link_tx.dir/main_tx.c.obj
 .text.i2s_rx_data_program_get_default_config
                0x1000033a       0x20 CMakeFiles/audio_link_tx.dir/main_tx.c.obj
 *fill*         0x1000035a        0x2 
 .text.dma_rx_handler
                0x1000035c       0x58 CMakeFiles/audio_link_tx.dir/main_tx.c.obj
 .text.checksum_bytes
                0x100003b4       0x16 CMakeFiles/audio_link_tx.dir/main_tx.c.obj
 *fill*         0x100003ca        0x2 
 .text.uart_send_frame
                0x100003cc       0xf8 CMakeFiles/audio_link_tx.dir/main_tx.c.obj
 .text.init_uart_tx
                0x100004c4       0x40 CMakeFiles/audio_link_tx.dir/main_tx.c.obj
 .text.init_lrck_sm
                0x10000504       0x74 CMakeFiles/audio_link_tx.dir/main_tx.c.obj
 .text.init_i2s_rx_sm
                0x10000578       0x74 CMakeFiles/audio_link_tx.dir/main_tx.c.obj
 .text.calc_div_for_square_wave
                0x100005ec       0x2e CMakeFiles/audio_link_tx.dir/main_tx.c.obj
 *fill*         0x1000061a        0x2 
 .text.init_bck_sm
                0x1000061c       0x58 CMakeFiles/audio_link_tx.dir/main_tx.c.obj
 .text.init_mclk_sm
                0x10000674       0x58 CMakeFiles/audio_link_tx.dir/main_tx.c.obj
 .text.channel_config_set_chain_to
                0x100006cc       0x30 CMakeFiles/audio_link_tx.dir/main_tx.c.obj
 .text.dma_channel_get_default_config
                0x100006fc       0x78 CMakeFiles/audio_link_tx.dir/main_tx.c.obj
 .text.channel_config_set_dreq
                0x10000774       0x30 CMakeFiles/audio_link_tx.dir/main_tx.c.obj
 .text.init_i2s_rx_dma
                0x100007a4       0xa0 CMakeFiles/audio_link_tx.dir/main_tx.c.obj
 .text.main     0x10000844      0x190 CMakeFiles/audio_link_tx.dir/main_tx.c.obj
                0x10000844                main
 .text.gpio_set_function
                0x100009d4       0x38 CMakeFiles/audio_link_tx.dir/C_/dev/pico-sdk/src/rp2_common/hardware_gpio/gpio.c.obj
                0x100009d4                gpio_set_function
 .text.panic    0x10000a0c       0x30 CMakeFiles/audio_link_tx.dir/C_/dev/pico-sdk/src/rp2_common/pico_platform_panic/panic.c.obj
                0x10000a0c                panic
 .text.hw_claim_lock
                0x10000a3c       0x24 CMakeFiles/audio_link_tx.dir/C_/dev/pico-sdk/src/common/hardware_claim/claim.c.obj
                0x10000a3c                hw_claim_lock
 .text.hw_claim_unlock
                0x10000a60       0x14 CMakeFiles/audio_link_tx.dir/C_/dev/pico-sdk/src/common/hardware_claim/claim.c.obj
                0x10000a60                hw_claim_unlock
 .text.hw_claim_or_assert
                0x10000a74       0x32 CMakeFiles/audio_link_tx.dir/C_/dev/pico-sdk/src/common/hardware_claim/claim.c.obj
                0x10000a74                hw_claim_or_assert
 .text.hw_claim_unused_from_range
                0x10000aa6       0x4e CMakeFiles/audio_link_tx.dir/C_/dev/pico-sdk/src/common/hardware_claim/claim.c.obj
                0x10000aa6                hw_claim_unused_from_range
 .text.next_striped_spin_lock_num
                0x10000af4       0x1c CMakeFiles/audio_link_tx.dir/C_/dev/pico-sdk/src/rp2_common/hardware_sync/sync.c.obj
                0x10000af4                next_striped_spin_lock_num
 .text.spinlock_set_extexclall
                0x10000b10        0xe CMakeFiles/audio_link_tx.dir/C_/dev/pico-sdk/src/rp2_common/hardware_sync_spin_lock/sync_spin_lock.c.obj
 *fill*         0x10000b1e        0x2 
 .text.spin_locks_reset
                0x10000b20       0x1c CMakeFiles/audio_link_tx.dir/C_/dev/pico-sdk/src/rp2_common/hardware_sync_spin_lock/sync_spin_lock.c.obj
                0x10000b20                spin_locks_reset
 .text.set_raw_irq_handler_and_unlock
                0x10000b3c       0x24 CMakeFiles/audio_link_tx.dir/C_/dev/pico-sdk/src/rp2_common/hardware_irq/irq.c.obj
 .text.nvic_ipr0
                0x10000b60        0x8 CMakeFiles/audio_link_tx.dir/C_/dev/pico-sdk/src/rp2_common/hardware_irq/irq.c.obj
 .text.runtime_init_per_core_irq_priorities
                0x10000b68       0x1c CMakeFiles/audio_link_tx.dir/C_/dev/pico-sdk/src/rp2_common/hardware_irq/irq.c.obj
                0x10000b68                runtime_init_per_core_irq_priorities
 .text.irq_set_mask_n_enabled
                0x10000b84       0x20 CMakeFiles/audio_link_tx.dir/C_/dev/pico-sdk/src/rp2_common/hardware_irq/irq.c.obj
                0x10000b84                irq_set_mask_n_enabled
 .text.irq_set_enabled
                0x10000ba4       0x14 CMakeFiles/audio_link_tx.dir/C_/dev/pico-sdk/src/rp2_common/hardware_irq/irq.c.obj
                0x10000ba4                irq_set_enabled
 .text.irq_get_vtable_handler
                0x10000bb8       0x10 CMakeFiles/audio_link_tx.dir/C_/dev/pico-sdk/src/rp2_common/hardware_irq/irq.c.obj
                0x10000bb8                irq_get_vtable_handler
 .text.irq_set_exclusive_handler
                0x10000bc8       0x60 CMakeFiles/audio_link_tx.dir/C_/dev/pico-sdk/src/rp2_common/hardware_irq/irq.c.obj
                0x10000bc8                irq_set_exclusive_handler
 .text.lock_init
                0x10000c28        0xc CMakeFiles/audio_link_tx.dir/C_/dev/pico-sdk/src/common/pico_sync/lock_core.c.obj
                0x10000c28                lock_init
 .text.mutex_init
                0x10000c34       0x1a CMakeFiles/audio_link_tx.dir/C_/dev/pico-sdk/src/common/pico_sync/mutex.c.obj
                0x10000c34                mutex_init
 .text.recursive_mutex_init
                0x10000c4e       0x1e CMakeFiles/audio_link_tx.dir/C_/dev/pico-sdk/src/common/pico_sync/mutex.c.obj
                0x10000c4e                recursive_mutex_init
 .text.runtime_init_mutex
                0x10000c6c       0x4c CMakeFiles/audio_link_tx.dir/C_/dev/pico-sdk/src/common/pico_sync/mutex.c.obj
                0x10000c6c                runtime_init_mutex
 .text.ta_from_current_irq
                0x10000cb8       0x24 CMakeFiles/audio_link_tx.dir/C_/dev/pico-sdk/src/common/pico_time/time.c.obj
 .text.ta_set_timeout
                0x10000cdc       0x2a CMakeFiles/audio_link_tx.dir/C_/dev/pico-sdk/src/common/pico_time/time.c.obj
 .text.make_alarm_id
                0x10000d06        0x6 CMakeFiles/audio_link_tx.dir/C_/dev/pico-sdk/src/common/pico_time/time.c.obj
 .text.sleep_until_callback
                0x10000d0c       0x3c CMakeFiles/audio_link_tx.dir/C_/dev/pico-sdk/src/common/pico_time/time.c.obj
 .text.alarm_pool_irq_handler
                0x10000d48      0x2ec CMakeFiles/audio_link_tx.dir/C_/dev/pico-sdk/src/common/pico_time/time.c.obj
 .text.ta_enable_irq_handler
                0x10001034       0x38 CMakeFiles/audio_link_tx.dir/C_/dev/pico-sdk/src/common/pico_time/time.c.obj
 .text.alarm_pool_post_alloc_init
                0x1000106c       0x7c CMakeFiles/audio_link_tx.dir/C_/dev/pico-sdk/src/common/pico_time/time.c.obj
 .text.alarm_pool_get_default
                0x100010e8       0x28 CMakeFiles/audio_link_tx.dir/C_/dev/pico-sdk/src/common/pico_time/time.c.obj
                0x100010e8                alarm_pool_get_default
 .text.alarm_pool_add_alarm_at_force_in_context
                0x10001110       0xc0 CMakeFiles/audio_link_tx.dir/C_/dev/pico-sdk/src/common/pico_time/time.c.obj
                0x10001110                alarm_pool_add_alarm_at_force_in_context
 .text.alarm_pool_add_alarm_at
                0x100011d0       0x38 CMakeFiles/audio_link_tx.dir/C_/dev/pico-sdk/src/common/pico_time/time.c.obj
                0x100011d0                alarm_pool_add_alarm_at
 .text.add_alarm_at
                0x10001208       0x26 CMakeFiles/audio_link_tx.dir/C_/dev/pico-sdk/src/common/pico_time/time.c.obj
 .text.alarm_pool_cancel_alarm
                0x1000122e       0x72 CMakeFiles/audio_link_tx.dir/C_/dev/pico-sdk/src/common/pico_time/time.c.obj
                0x1000122e                alarm_pool_cancel_alarm
 .text.cancel_alarm
                0x100012a0       0x10 CMakeFiles/audio_link_tx.dir/C_/dev/pico-sdk/src/common/pico_time/time.c.obj
 .text.best_effort_wfe_or_timeout
                0x100012b0       0xfc CMakeFiles/audio_link_tx.dir/C_/dev/pico-sdk/src/common/pico_time/time.c.obj
                0x100012b0                best_effort_wfe_or_timeout
 .text.alarm_pool_get_default_timer
                0x100013ac        0x8 CMakeFiles/audio_link_tx.dir/C_/dev/pico-sdk/src/common/pico_time/time.c.obj
                0x100013ac                alarm_pool_get_default_timer
 .text.runtime_init_default_alarm_pool
                0x100013b4       0x34 CMakeFiles/audio_link_tx.dir/C_/dev/pico-sdk/src/common/pico_time/time.c.obj
                0x100013b4                runtime_init_default_alarm_pool
 .text.timer_hardware_alarm_claim
                0x100013e8       0x24 CMakeFiles/audio_link_tx.dir/C_/dev/pico-sdk/src/rp2_common/hardware_timer/timer.c.obj
                0x100013e8                timer_hardware_alarm_claim
 .text.timer_time_us_64
                0x1000140c       0x10 CMakeFiles/audio_link_tx.dir/C_/dev/pico-sdk/src/rp2_common/hardware_timer/timer.c.obj
                0x1000140c                timer_time_us_64
 .text.timer_busy_wait_until
                0x1000141c       0x1a CMakeFiles/audio_link_tx.dir/C_/dev/pico-sdk/src/rp2_common/hardware_timer/timer.c.obj
                0x1000141c                timer_busy_wait_until
 .text.timer_busy_wait_us
                0x10001436       0x28 CMakeFiles/audio_link_tx.dir/C_/dev/pico-sdk/src/rp2_common/hardware_timer/timer.c.obj
                0x10001436                timer_busy_wait_us
 *fill*         0x1000145e        0x2 
 .text.time_us_64
                0x10001460       0x10 CMakeFiles/audio_link_tx.dir/C_/dev/pico-sdk/src/rp2_common/hardware_timer/timer.c.obj
                0x10001460                time_us_64
 .text.busy_wait_us
                0x10001470       0x14 CMakeFiles/audio_link_tx.dir/C_/dev/pico-sdk/src/rp2_common/hardware_timer/timer.c.obj
                0x10001470                busy_wait_us
 .text.uart_unreset
                0x10001484       0x2c CMakeFiles/audio_link_tx.dir/C_/dev/pico-sdk/src/rp2_common/hardware_uart/uart.c.obj
 .text.uart_disable_before_lcr_write
                0x100014b0       0x40 CMakeFiles/audio_link_tx.dir/C_/dev/pico-sdk/src/rp2_common/hardware_uart/uart.c.obj
 .text.uart_write_lcr_bits_masked
                0x100014f0       0x1c CMakeFiles/audio_link_tx.dir/C_/dev/pico-sdk/src/rp2_common/hardware_uart/uart.c.obj
 .text.uart_set_baudrate
                0x1000150c       0x52 CMakeFiles/audio_link_tx.dir/C_/dev/pico-sdk/src/rp2_common/hardware_uart/uart.c.obj
                0x1000150c                uart_set_baudrate
 .text.uart_set_format
                0x1000155e       0x2c CMakeFiles/audio_link_tx.dir/C_/dev/pico-sdk/src/rp2_common/hardware_uart/uart.c.obj
                0x1000155e                uart_set_format
 .text.uart_set_fifo_enabled
                0x1000158a        0xe CMakeFiles/audio_link_tx.dir/C_/dev/pico-sdk/src/rp2_common/hardware_uart/uart.c.obj
                0x1000158a                uart_set_fifo_enabled
 .text.uart_set_translate_crlf
                0x10001598       0x24 CMakeFiles/audio_link_tx.dir/C_/dev/pico-sdk/src/rp2_common/hardware_uart/uart.c.obj
                0x10001598                uart_set_translate_crlf
 .text.uart_init
                0x100015bc       0x5c CMakeFiles/audio_link_tx.dir/C_/dev/pico-sdk/src/rp2_common/hardware_uart/uart.c.obj
                0x100015bc                uart_init
 .text.clock_configure_internal
                0x10001618       0xb8 CMakeFiles/audio_link_tx.dir/C_/dev/pico-sdk/src/rp2_common/hardware_clocks/clocks.c.obj
 .text.clock_configure_undivided
                0x100016d0       0x12 CMakeFiles/audio_link_tx.dir/C_/dev/pico-sdk/src/rp2_common/hardware_clocks/clocks.c.obj
                0x100016d0                clock_configure_undivided
 *fill*         0x100016e2        0x2 
 .text.clock_get_hz
                0x100016e4        0xc CMakeFiles/audio_link_tx.dir/C_/dev/pico-sdk/src/rp2_common/hardware_clocks/clocks.c.obj
                0x100016e4                clock_get_hz
 .text.pll_init
                0x100016f0      0x108 CMakeFiles/audio_link_tx.dir/C_/dev/pico-sdk/src/rp2_common/hardware_pll/pll.c.obj
                0x100016f0                pll_init
 .text.tick_start
                0x100017f8       0x1c CMakeFiles/audio_link_tx.dir/C_/dev/pico-sdk/src/rp2_common/hardware_ticks/ticks.c.obj
                0x100017f8                tick_start
 .text.rom_func_lookup
                0x10001814       0x1e CMakeFiles/audio_link_tx.dir/C_/dev/pico-sdk/src/rp2_common/pico_bootrom/bootrom.c.obj
                0x10001814                rom_func_lookup
 *fill*         0x10001832        0x2 
 .text.runtime_init_bootrom_locking_enable
                0x10001834       0x14 CMakeFiles/audio_link_tx.dir/C_/dev/pico-sdk/src/rp2_common/pico_bootrom/bootrom_lock.c.obj
                0x10001834                runtime_init_bootrom_locking_enable
 .text.boot_locks_reset
                0x10001848       0x20 CMakeFiles/audio_link_tx.dir/C_/dev/pico-sdk/src/rp2_common/hardware_boot_lock/boot_lock.c.obj
                0x10001848                boot_locks_reset
 .text.runtime_init_boot_locks_reset
                0x10001868        0x8 CMakeFiles/audio_link_tx.dir/C_/dev/pico-sdk/src/rp2_common/hardware_boot_lock/boot_lock.c.obj
                0x10001868                runtime_init_boot_locks_reset
 .text.xosc_init
                0x10001870       0x28 CMakeFiles/audio_link_tx.dir/C_/dev/pico-sdk/src/rp2_common/hardware_xosc/xosc.c.obj
                0x10001870                xosc_init
 .text.runtime_run_initializers_from
                0x10001898       0x18 CMakeFiles/audio_link_tx.dir/C_/dev/pico-sdk/src/rp2_common/pico_runtime/runtime.c.obj
 .text.first_per_core_initializer
                0x100018b0        0x2 CMakeFiles/audio_link_tx.dir/C_/dev/pico-sdk/src/rp2_common/pico_runtime/runtime.c.obj
 *fill*         0x100018b2        0x2 
 .text.runtime_run_initializers
                0x100018b4       0x10 CMakeFiles/audio_link_tx.dir/C_/dev/pico-sdk/src/rp2_common/pico_runtime/runtime.c.obj
                0x100018b4                runtime_run_initializers
 .text.runtime_init_early_resets
                0x100018c4       0x2c CMakeFiles/audio_link_tx.dir/C_/dev/pico-sdk/src/rp2_common/pico_runtime_init/runtime_init.c.obj
                0x100018c4                runtime_init_early_resets
 .text.runtime_init_usb_power_down
                0x100018f0       0x20 CMakeFiles/audio_link_tx.dir/C_/dev/pico-sdk/src/rp2_common/pico_runtime_init/runtime_init.c.obj
                0x100018f0                runtime_init_usb_power_down
 .text.runtime_init_per_core_enable_coprocessors
                0x10001910       0x1c CMakeFiles/audio_link_tx.dir/C_/dev/pico-sdk/src/rp2_common/pico_runtime_init/runtime_init.c.obj
                0x10001910                runtime_init_per_core_enable_coprocessors
 .text.runtime_init_post_clock_resets
                0x1000192c       0x20 CMakeFiles/audio_link_tx.dir/C_/dev/pico-sdk/src/rp2_common/pico_runtime_init/runtime_init.c.obj
                0x1000192c                runtime_init_post_clock_resets
 .text.runtime_init_bootrom_reset
                0x1000194c       0x12 CMakeFiles/audio_link_tx.dir/C_/dev/pico-sdk/src/rp2_common/pico_runtime_init/runtime_init.c.obj
                0x1000194c                runtime_init_bootrom_reset
 .text.runtime_init_per_core_bootrom_reset
                0x1000195e       0x12 CMakeFiles/audio_link_tx.dir/C_/dev/pico-sdk/src/rp2_common/pico_runtime_init/runtime_init.c.obj
                0x1000195e                runtime_init_per_core_bootrom_reset
 .text.runtime_init_spin_locks_reset
                0x10001970        0x8 CMakeFiles/audio_link_tx.dir/C_/dev/pico-sdk/src/rp2_common/pico_runtime_init/runtime_init.c.obj
                0x10001970                runtime_init_spin_locks_reset
 .text.runtime_init_install_ram_vector_table
                0x10001978       0x48 CMakeFiles/audio_link_tx.dir/C_/dev/pico-sdk/src/rp2_common/pico_runtime_init/runtime_init.c.obj
                0x10001978                runtime_init_install_ram_vector_table
 .text.start_all_ticks
                0x100019c0       0x28 CMakeFiles/audio_link_tx.dir/C_/dev/pico-sdk/src/rp2_common/pico_runtime_init/runtime_init_clocks.c.obj
 .text.runtime_init_clocks
                0x100019e8       0xc4 CMakeFiles/audio_link_tx.dir/C_/dev/pico-sdk/src/rp2_common/pico_runtime_init/runtime_init_clocks.c.obj
                0x100019e8                runtime_init_clocks
 .text.dldexp   0x10001aac       0x44 CMakeFiles/audio_link_tx.dir/C_/dev/pico-sdk/src/rp2_common/pico_double/double_math.c.obj
 .text.disint   0x10001af0       0x5c CMakeFiles/audio_link_tx.dir/C_/dev/pico-sdk/src/rp2_common/pico_double/double_math.c.obj
 .text.disoddint
                0x10001b4c       0x76 CMakeFiles/audio_link_tx.dir/C_/dev/pico-sdk/src/rp2_common/pico_double/double_math.c.obj
 .text.dispo2   0x10001bc2       0x24 CMakeFiles/audio_link_tx.dir/C_/dev/pico-sdk/src/rp2_common/pico_double/double_math.c.obj
 .text.dpow_int2
                0x10001be6       0x2e CMakeFiles/audio_link_tx.dir/C_/dev/pico-sdk/src/rp2_common/pico_double/double_math.c.obj
 .text.dpowint_1
                0x10001c14       0x24 CMakeFiles/audio_link_tx.dir/C_/dev/pico-sdk/src/rp2_common/pico_double/double_math.c.obj
 .text.dpow_1   0x10001c38      0x1cc CMakeFiles/audio_link_tx.dir/C_/dev/pico-sdk/src/rp2_common/pico_double/double_math.c.obj
 .text.dpow_0   0x10001e04       0xbc CMakeFiles/audio_link_tx.dir/C_/dev/pico-sdk/src/rp2_common/pico_double/double_math.c.obj
 .text.__wrap_ldexp
                0x10001ec0        0x8 CMakeFiles/audio_link_tx.dir/C_/dev/pico-sdk/src/rp2_common/pico_double/double_math.c.obj
                0x10001ec0                __wrap_ldexp
 .text.__wrap_round
                0x10001ec8       0x80 CMakeFiles/audio_link_tx.dir/C_/dev/pico-sdk/src/rp2_common/pico_double/double_math.c.obj
                0x10001ec8                __wrap_round
 .text.__wrap_floor
                0x10001f48       0x78 CMakeFiles/audio_link_tx.dir/C_/dev/pico-sdk/src/rp2_common/pico_double/double_math.c.obj
                0x10001f48                __wrap_floor
 .text.__wrap_exp2
                0x10001fc0       0x84 CMakeFiles/audio_link_tx.dir/C_/dev/pico-sdk/src/rp2_common/pico_double/double_math.c.obj
                0x10001fc0                __wrap_exp2
 *fill*         0x10002044        0x4 
 .text.__wrap_log10
                0x10002048       0x20 CMakeFiles/audio_link_tx.dir/C_/dev/pico-sdk/src/rp2_common/pico_double/double_math.c.obj
                0x10002048                __wrap_log10
 .text.__wrap_pow
                0x10002068      0x160 CMakeFiles/audio_link_tx.dir/C_/dev/pico-sdk/src/rp2_common/pico_double/double_math.c.obj
                0x10002068                __wrap_pow
 .text.__rp2350_dcp_engaged_state_save_restore
                0x100021c8       0x3a CMakeFiles/audio_link_tx.dir/C_/dev/pico-sdk/src/rp2_common/pico_double/double_aeabi_dcp.S.obj
 *fill*         0x10002202        0x2 
 .text.__wrap___aeabi_dadd
                0x10002204       0x28 CMakeFiles/audio_link_tx.dir/C_/dev/pico-sdk/src/rp2_common/pico_double/double_aeabi_dcp.S.obj
                0x1000220c                __wrap___aeabi_dadd
 .text.__wrap___aeabi_dsub
                0x1000222c       0x28 CMakeFiles/audio_link_tx.dir/C_/dev/pico-sdk/src/rp2_common/pico_double/double_aeabi_dcp.S.obj
                0x10002234                __wrap___aeabi_dsub
 .text.__wrap___aeabi_dmul
                0x10002254       0x4c CMakeFiles/audio_link_tx.dir/C_/dev/pico-sdk/src/rp2_common/pico_double/double_aeabi_dcp.S.obj
                0x1000225c                __wrap___aeabi_dmul
 .text.__wrap___aeabi_ddiv
                0x100022a0       0x9c CMakeFiles/audio_link_tx.dir/C_/dev/pico-sdk/src/rp2_common/pico_double/double_aeabi_dcp.S.obj
                0x100022a8                __wrap___aeabi_ddiv
 .text.__wrap___aeabi_d2f
                0x1000233c       0x1c CMakeFiles/audio_link_tx.dir/C_/dev/pico-sdk/src/rp2_common/pico_double/double_aeabi_dcp.S.obj
                0x10002344                __wrap___aeabi_d2f
                0x10002344                double2float
 .text.__wrap___aeabi_i2d
                0x10002358       0x24 CMakeFiles/audio_link_tx.dir/C_/dev/pico-sdk/src/rp2_common/pico_double/double_aeabi_dcp.S.obj
                0x10002360                int2double
                0x10002360                __wrap___aeabi_i2d
 .text.__wrap___aeabi_ui2d
                0x1000237c       0x24 CMakeFiles/audio_link_tx.dir/C_/dev/pico-sdk/src/rp2_common/pico_double/double_aeabi_dcp.S.obj
                0x10002384                uint2double
                0x10002384                __wrap___aeabi_ui2d
 .text.__wrap___aeabi_d2iz
                0x100023a0       0x24 CMakeFiles/audio_link_tx.dir/C_/dev/pico-sdk/src/rp2_common/pico_double/double_aeabi_dcp.S.obj
                0x100023a8                double2int_z
                0x100023a8                __wrap___aeabi_d2iz
 .text.__wrap___aeabi_d2uiz
                0x100023c4       0x24 CMakeFiles/audio_link_tx.dir/C_/dev/pico-sdk/src/rp2_common/pico_double/double_aeabi_dcp.S.obj
                0x100023cc                double2uint
                0x100023cc                __wrap___aeabi_d2uiz
                0x100023cc                double2uint_z
 .text.__wrap___aeabi_dcmpun
                0x100023e8       0x24 CMakeFiles/audio_link_tx.dir/C_/dev/pico-sdk/src/rp2_common/pico_double/double_aeabi_dcp.S.obj
                0x100023f0                __wrap___aeabi_dcmpun
 .text.__wrap___aeabi_dcmpeq
                0x1000240c       0x24 CMakeFiles/audio_link_tx.dir/C_/dev/pico-sdk/src/rp2_common/pico_double/double_aeabi_dcp.S.obj
                0x10002414                __wrap___aeabi_dcmpeq
 .text.__wrap___aeabi_dcmplt
                0x10002430       0x28 CMakeFiles/audio_link_tx.dir/C_/dev/pico-sdk/src/rp2_common/pico_double/double_aeabi_dcp.S.obj
                0x10002438                __wrap___aeabi_dcmplt
 .text.__wrap___aeabi_dcmple
                0x10002458       0x28 CMakeFiles/audio_link_tx.dir/C_/dev/pico-sdk/src/rp2_common/pico_double/double_aeabi_dcp.S.obj
                0x10002460                __wrap___aeabi_dcmple
 .text.__wrap___aeabi_dcmpge
                0x10002480       0x28 CMakeFiles/audio_link_tx.dir/C_/dev/pico-sdk/src/rp2_common/pico_double/double_aeabi_dcp.S.obj
                0x10002488                __wrap___aeabi_dcmpge
 .text.__wrap___aeabi_dcmpgt
                0x100024a8       0x28 CMakeFiles/audio_link_tx.dir/C_/dev/pico-sdk/src/rp2_common/pico_double/double_aeabi_dcp.S.obj
                0x100024b0                __wrap___aeabi_dcmpgt
 .text.dpack    0x100024d0       0x58 CMakeFiles/audio_link_tx.dir/C_/dev/pico-sdk/src/rp2_common/pico_double/double_sci_m33.S.obj
 .text.dreduce  0x10002528       0x7a CMakeFiles/audio_link_tx.dir/C_/dev/pico-sdk/src/rp2_common/pico_double/double_sci_m33.S.obj
 *fill*         0x100025a2        0x2 
 .text.exptab   0x100025a4      0x1fc CMakeFiles/audio_link_tx.dir/C_/dev/pico-sdk/src/rp2_common/pico_double/double_sci_m33.S.obj
                0x100025a4                exptab0
                0x10002604                exptab1
                0x10002694                exptab2
                0x10002714                logtab0
 .text.__wrap_exp
                0x100027a0      0x148 CMakeFiles/audio_link_tx.dir/C_/dev/pico-sdk/src/rp2_common/pico_double/double_sci_m33.S.obj
                0x100027ca                __wrap_exp
 .text.__wrap_log
                0x100028e8      0x358 CMakeFiles/audio_link_tx.dir/C_/dev/pico-sdk/src/rp2_common/pico_double/double_sci_m33.S.obj
                0x10002ac6                __wrap_log
 .text.fisint   0x10002c40       0x32 CMakeFiles/audio_link_tx.dir/C_/dev/pico-sdk/src/rp2_common/pico_float/float_math.c.obj
 .text.fisoddint
                0x10002c72       0x34 CMakeFiles/audio_link_tx.dir/C_/dev/pico-sdk/src/rp2_common/pico_float/float_math.c.obj
 .text.fispo2   0x10002ca6       0x20 CMakeFiles/audio_link_tx.dir/C_/dev/pico-sdk/src/rp2_common/pico_float/float_math.c.obj
 .text.fpow_int2
                0x10002cc6       0x36 CMakeFiles/audio_link_tx.dir/C_/dev/pico-sdk/src/rp2_common/pico_float/float_math.c.obj
 .text.fpowint_1
                0x10002cfc       0x20 CMakeFiles/audio_link_tx.dir/C_/dev/pico-sdk/src/rp2_common/pico_float/float_math.c.obj
 .text.fpow_1   0x10002d1c       0x2c CMakeFiles/audio_link_tx.dir/C_/dev/pico-sdk/src/rp2_common/pico_float/float_math.c.obj
 .text.fpow_0   0x10002d48       0xa8 CMakeFiles/audio_link_tx.dir/C_/dev/pico-sdk/src/rp2_common/pico_float/float_math.c.obj
 .text.__wrap_acosf
                0x10002df0       0x40 CMakeFiles/audio_link_tx.dir/C_/dev/pico-sdk/src/rp2_common/pico_float/float_math.c.obj
                0x10002df0                __wrap_acosf
 .text.__wrap_log10f
                0x10002e30       0x1c CMakeFiles/audio_link_tx.dir/C_/dev/pico-sdk/src/rp2_common/pico_float/float_math.c.obj
                0x10002e30                __wrap_log10f
 .text.__wrap_powf
                0x10002e4c      0x124 CMakeFiles/audio_link_tx.dir/C_/dev/pico-sdk/src/rp2_common/pico_float/float_math.c.obj
                0x10002e4c                __wrap_powf
 .text.frrcore_v
                0x10002f70       0x54 CMakeFiles/audio_link_tx.dir/C_/dev/pico-sdk/src/rp2_common/pico_float/float_sci_m33_vfp.S.obj
 *fill*         0x10002fc4        0x4 
 .text.__wrap_expf
                0x10002fc8      0x15c CMakeFiles/audio_link_tx.dir/C_/dev/pico-sdk/src/rp2_common/pico_float/float_sci_m33_vfp.S.obj
                0x10002fc8                __wrap_expf
 *fill*         0x10003124        0x4 
 .text.__wrap_logf
                0x10003128      0x188 CMakeFiles/audio_link_tx.dir/C_/dev/pico-sdk/src/rp2_common/pico_float/float_sci_m33_vfp.S.obj
                0x10003128                __wrap_logf
 .text.__wrap_fsin_fcos
                0x100032b0      0x388 CMakeFiles/audio_link_tx.dir/C_/dev/pico-sdk/src/rp2_common/pico_float/float_sci_m33_vfp.S.obj
                0x1000338c                __wrap_sincosf
                0x100033f8                __wrap_sinf
                0x100033fe                __wrap_cosf
 .text.__wrap_atan2f
                0x10003638      0x2cc CMakeFiles/audio_link_tx.dir/C_/dev/pico-sdk/src/rp2_common/pico_float/float_sci_m33_vfp.S.obj
                0x10003694                __wrap_atan2f
 .text.check_alloc
                0x10003904       0x20 CMakeFiles/audio_link_tx.dir/C_/dev/pico-sdk/src/rp2_common/pico_malloc/malloc.c.obj
 .text.__wrap_malloc
                0x10003924       0x14 CMakeFiles/audio_link_tx.dir/C_/dev/pico-sdk/src/rp2_common/pico_malloc/malloc.c.obj
                0x10003924                __wrap_malloc
 .text.__wrap_calloc
                0x10003938       0x18 CMakeFiles/audio_link_tx.dir/C_/dev/pico-sdk/src/rp2_common/pico_malloc/malloc.c.obj
                0x10003938                __wrap_calloc
 .text.__wrap_free
                0x10003950        0x8 CMakeFiles/audio_link_tx.dir/C_/dev/pico-sdk/src/rp2_common/pico_malloc/malloc.c.obj
                0x10003950                __wrap_free
 .text._out_buffer
                0x10003958        0x8 CMakeFiles/audio_link_tx.dir/C_/dev/pico-sdk/src/rp2_common/pico_printf/printf.c.obj
 .text._out_null
                0x10003960        0x2 CMakeFiles/audio_link_tx.dir/C_/dev/pico-sdk/src/rp2_common/pico_printf/printf.c.obj
 .text._out_fct
                0x10003962        0xe CMakeFiles/audio_link_tx.dir/C_/dev/pico-sdk/src/rp2_common/pico_printf/printf.c.obj
 .text._atoi    0x10003970       0x26 CMakeFiles/audio_link_tx.dir/C_/dev/pico-sdk/src/rp2_common/pico_printf/printf.c.obj
 .text._out_rev
                0x10003996       0x7e CMakeFiles/audio_link_tx.dir/C_/dev/pico-sdk/src/rp2_common/pico_printf/printf.c.obj
 .text._ntoa_format
                0x10003a14      0x134 CMakeFiles/audio_link_tx.dir/C_/dev/pico-sdk/src/rp2_common/pico_printf/printf.c.obj
 .text._ntoa_long
                0x10003b48       0x94 CMakeFiles/audio_link_tx.dir/C_/dev/pico-sdk/src/rp2_common/pico_printf/printf.c.obj
 .text._ntoa_long_long
                0x10003bdc       0xc2 CMakeFiles/audio_link_tx.dir/C_/dev/pico-sdk/src/rp2_common/pico_printf/printf.c.obj
 *fill*         0x10003c9e        0x2 
 .text._etoa    0x10003ca0      0x420 CMakeFiles/audio_link_tx.dir/C_/dev/pico-sdk/src/rp2_common/pico_printf/printf.c.obj
 .text._ftoa    0x100040c0      0x398 CMakeFiles/audio_link_tx.dir/C_/dev/pico-sdk/src/rp2_common/pico_printf/printf.c.obj
 .text._vsnprintf
                0x10004458      0x6d8 CMakeFiles/audio_link_tx.dir/C_/dev/pico-sdk/src/rp2_common/pico_printf/printf.c.obj
 .text.__wrap_sprintf
                0x10004b30       0x2c CMakeFiles/audio_link_tx.dir/C_/dev/pico-sdk/src/rp2_common/pico_printf/printf.c.obj
                0x10004b30                __wrap_sprintf
 .text.vfctprintf
                0x10004b5c       0x24 CMakeFiles/audio_link_tx.dir/C_/dev/pico-sdk/src/rp2_common/pico_printf/printf.c.obj
                0x10004b5c                vfctprintf
 .text._exit    0x10004b80        0x4 CMakeFiles/audio_link_tx.dir/C_/dev/pico-sdk/src/rp2_common/pico_clib_interface/newlib_interface.c.obj
                0x10004b80                _exit
 .text._sbrk    0x10004b84       0x34 CMakeFiles/audio_link_tx.dir/C_/dev/pico-sdk/src/rp2_common/pico_clib_interface/newlib_interface.c.obj
                0x10004b84                _sbrk
 .text._read    0x10004bb8       0x20 CMakeFiles/audio_link_tx.dir/C_/dev/pico-sdk/src/rp2_common/pico_clib_interface/newlib_interface.c.obj
                0x10004bb8                _read
 .text._write   0x10004bd8       0x20 CMakeFiles/audio_link_tx.dir/C_/dev/pico-sdk/src/rp2_common/pico_clib_interface/newlib_interface.c.obj
                0x10004bd8                _write
 .text._open    0x10004bf8        0xa CMakeFiles/audio_link_tx.dir/C_/dev/pico-sdk/src/rp2_common/pico_clib_interface/newlib_interface.c.obj
                0x10004bf8                _open
 .text._close   0x10004c02        0x6 CMakeFiles/audio_link_tx.dir/C_/dev/pico-sdk/src/rp2_common/pico_clib_interface/newlib_interface.c.obj
                0x10004c02                _close
 .text._lseek   0x10004c08        0x6 CMakeFiles/audio_link_tx.dir/C_/dev/pico-sdk/src/rp2_common/pico_clib_interface/newlib_interface.c.obj
                0x10004c08                _lseek
 .text._fstat   0x10004c0e        0x6 CMakeFiles/audio_link_tx.dir/C_/dev/pico-sdk/src/rp2_common/pico_clib_interface/newlib_interface.c.obj
                0x10004c0e                _fstat
 .text._isatty  0x10004c14        0xa CMakeFiles/audio_link_tx.dir/C_/dev/pico-sdk/src/rp2_common/pico_clib_interface/newlib_interface.c.obj
                0x10004c14                _isatty
 .text.exit     0x10004c1e        0x6 CMakeFiles/audio_link_tx.dir/C_/dev/pico-sdk/src/rp2_common/pico_clib_interface/newlib_interface.c.obj
                0x10004c1e                exit
 .text.__assert_func
                0x10004c24       0x34 CMakeFiles/audio_link_tx.dir/C_/dev/pico-sdk/src/rp2_common/pico_clib_interface/newlib_interface.c.obj
                0x10004c24                __assert_func
 .text.runtime_init
                0x10004c58       0x2c CMakeFiles/audio_link_tx.dir/C_/dev/pico-sdk/src/rp2_common/pico_clib_interface/newlib_interface.c.obj
                0x10004c58                runtime_init
 .text.stdio_out_chars_no_crlf
                0x10004c84        0xe CMakeFiles/audio_link_tx.dir/C_/dev/pico-sdk/src/rp2_common/pico_stdio/stdio.c.obj
 *fill*         0x10004c92        0x2 
 .text.stdio_out_chars_crlf
                0x10004c94       0x80 CMakeFiles/audio_link_tx.dir/C_/dev/pico-sdk/src/rp2_common/pico_stdio/stdio.c.obj
 .text.stdio_stack_buffer_flush
                0x10004d14       0x40 CMakeFiles/audio_link_tx.dir/C_/dev/pico-sdk/src/rp2_common/pico_stdio/stdio.c.obj
 .text.stdio_buffered_printer
                0x10004d54       0x20 CMakeFiles/audio_link_tx.dir/C_/dev/pico-sdk/src/rp2_common/pico_stdio/stdio.c.obj
 .text.stdout_serialize_begin
                0x10004d74       0x2c CMakeFiles/audio_link_tx.dir/C_/dev/pico-sdk/src/rp2_common/pico_stdio/stdio.c.obj
                0x10004d74                stdout_serialize_begin
 .text.stdout_serialize_end
                0x10004da0       0x10 CMakeFiles/audio_link_tx.dir/C_/dev/pico-sdk/src/rp2_common/pico_stdio/stdio.c.obj
                0x10004da0                stdout_serialize_end
 .text.stdio_put_string
                0x10004db0       0x8c CMakeFiles/audio_link_tx.dir/C_/dev/pico-sdk/src/rp2_common/pico_stdio/stdio.c.obj
                0x10004db0                stdio_put_string
 .text.stdio_get_until
                0x10004e3c       0x6c CMakeFiles/audio_link_tx.dir/C_/dev/pico-sdk/src/rp2_common/pico_stdio/stdio.c.obj
                0x10004e3c                stdio_get_until
 .text.stdio_flush
                0x10004ea8       0x1c CMakeFiles/audio_link_tx.dir/C_/dev/pico-sdk/src/rp2_common/pico_stdio/stdio.c.obj
                0x10004ea8                stdio_flush
 .text.stdio_init_all
                0x10004ec4        0x4 CMakeFiles/audio_link_tx.dir/C_/dev/pico-sdk/src/rp2_common/pico_stdio/stdio.c.obj
                0x10004ec4                stdio_init_all
 .text.__wrap_puts
                0x10004ec8       0x1e CMakeFiles/audio_link_tx.dir/C_/dev/pico-sdk/src/rp2_common/pico_stdio/stdio.c.obj
                0x10004ec8                stdio_puts
                0x10004ec8                __wrap_puts
 *fill*         0x10004ee6        0x2 
 .text.__wrap_vprintf
                0x10004ee8       0x40 CMakeFiles/audio_link_tx.dir/C_/dev/pico-sdk/src/rp2_common/pico_stdio/stdio.c.obj
                0x10004ee8                stdio_vprintf
                0x10004ee8                __wrap_vprintf
 .text.__wrap_printf
                0x10004f28       0x1c CMakeFiles/audio_link_tx.dir/C_/dev/pico-sdk/src/rp2_common/pico_stdio/stdio.c.obj
                0x10004f28                __wrap_printf
                0x10004f28                stdio_printf
 .text.dma_claim_unused_channel
                0x10004f44       0x24 CMakeFiles/audio_link_tx.dir/C_/dev/pico-sdk/src/rp2_common/hardware_dma/dma.c.obj
                0x10004f44                dma_claim_unused_channel
 .text.pio_get_default_sm_config
                0x10004f68       0x24 CMakeFiles/audio_link_tx.dir/C_/dev/pico-sdk/src/rp2_common/hardware_pio/pio.c.obj
 .text.is_gpio_compatible
                0x10004f8c       0x22 CMakeFiles/audio_link_tx.dir/C_/dev/pico-sdk/src/rp2_common/hardware_pio/pio.c.obj
 .text.is_program_gpio_compatible
                0x10004fae        0xa CMakeFiles/audio_link_tx.dir/C_/dev/pico-sdk/src/rp2_common/hardware_pio/pio.c.obj
 .text.add_program_at_offset_check
                0x10004fb8       0x54 CMakeFiles/audio_link_tx.dir/C_/dev/pico-sdk/src/rp2_common/hardware_pio/pio.c.obj
 .text.add_program_at_offset
                0x1000500c       0x60 CMakeFiles/audio_link_tx.dir/C_/dev/pico-sdk/src/rp2_common/hardware_pio/pio.c.obj
 .text.find_offset_for_program
                0x1000506c       0x78 CMakeFiles/audio_link_tx.dir/C_/dev/pico-sdk/src/rp2_common/hardware_pio/pio.c.obj
 .text.pio_add_program
                0x100050e4       0x30 CMakeFiles/audio_link_tx.dir/C_/dev/pico-sdk/src/rp2_common/hardware_pio/pio.c.obj
                0x100050e4                pio_add_program
 .text.pio_sm_set_consecutive_pindirs
                0x10005114       0x9e CMakeFiles/audio_link_tx.dir/C_/dev/pico-sdk/src/rp2_common/hardware_pio/pio.c.obj
                0x10005114                pio_sm_set_consecutive_pindirs
 .text.pio_sm_init
                0x100051b2       0xac CMakeFiles/audio_link_tx.dir/C_/dev/pico-sdk/src/rp2_common/hardware_pio/pio.c.obj
                0x100051b2                pio_sm_init
 *fill*         0x1000525e        0x2 
 .text          0x10005260     0x2b98 codec2_external/src/libcodec2.a(codec2.c.obj)
                0x10005260                codec2_create
                0x100056c0                codec2_destroy
                0x1000574c                codec2_bits_per_frame
                0x10005768                codec2_bytes_per_frame
                0x1000577c                codec2_samples_per_frame
                0x100057a4                codec2_encode
                0x100057f8                codec2_decode_ber
                0x1000585c                codec2_decode
                0x10005864                codec2_energy_700c
                0x10005928                codec2_get_energy
                0x10005a74                synthesise_one_frame
                0x10005ba4                codec2_decode_3200
                0x10005de4                codec2_decode_2400
                0x1000606c                codec2_decode_1600
                0x10006394                codec2_decode_1400
                0x10006658                codec2_decode_1300
                0x10006a20                codec2_decode_1200
                0x10006cec                codec2_decode_700c
                0x10006ecc                analyse_one_frame
                0x10006fe0                codec2_encode_3200
                0x10007118                codec2_encode_2400
                0x1000724c                codec2_encode_1600
                0x10007404                codec2_encode_1400
                0x1000759c                codec2_encode_1300
                0x10007734                codec2_encode_1200
                0x100078d8                codec2_encode_700c
                0x10007abc                codec2_set_lpc_post_filter
                0x10007b54                codec2_get_spare_bit_index
                0x10007b9c                codec2_rebuild_spare_bit
                0x10007c08                codec2_set_natural_or_gray
                0x10007c38                codec2_set_softdec
                0x10007c68                codec2_open_mlfeat
                0x10007cd8                codec2_load_codebook
                0x10007d9c                codec2_get_var
                0x10007dc0                codec2_enable_user_ratek
                0x10007dd8                codec2_700c_post_filter
                0x10007de0                codec2_700c_eq
 .text          0x10007df8       0x50 codec2_external/src/libcodec2.a(codec2_fft.c.obj)
                0x10007df8                codec2_fft_free
                0x10007dfc                codec2_fft_alloc
                0x10007e00                codec2_fftr_alloc
                0x10007e04                codec2_fftr_free
                0x10007e08                codec2_fft_inplace
 .text          0x10007e48      0x970 codec2_external/src/libcodec2.a(kiss_fft.c.obj)
                0x1000852c                kiss_fft_alloc
                0x100086dc                kiss_fft_stride
                0x10008730                kiss_fft
                0x10008738                kiss_fft_cleanup
                0x1000873c                kiss_fft_next_fast_size
 .text          0x100087b8      0x310 codec2_external/src/libcodec2.a(kiss_fftr.c.obj)
                0x100087b8                kiss_fftr_alloc
                0x100088e0                kiss_fftr
                0x100089dc                kiss_fftri
 .text          0x10008ac8      0x3e0 codec2_external/src/libcodec2.a(interp.c.obj)
                0x10008ac8                sample_log_amp
                0x10008c98                interp_Wo2
                0x10008d5c                interp_Wo
                0x10008d74                interp_energy
                0x10008d9c                interp_energy2
                0x10008e2c                interpolate_lsp_ver2
 .text          0x10008ea8      0x394 codec2_external/src/libcodec2.a(lsp.c.obj)
                0x10008f24                lpc_to_lsp
                0x10009100                lsp_to_lpc
 *fill*         0x1000923c        0x4 
 .text          0x10009240     0x1388 codec2_external/src/libcodec2.a(newamp1.c.obj)
                0x10009240                interp_para
                0x10009334                ftomel
                0x10009394                mel_sample_freqs_kHz
                0x10009444                resample_const_rate_f
                0x10009590                rate_K_mbest_encode
                0x10009730                post_filter_newamp1
                0x10009880                interp_Wo_v
                0x10009a0c                resample_rate_L
                0x10009b80                determine_phase
                0x10009de0                determine_autoc
                0x1000a0a4                newamp1_eq
                0x1000a15c                newamp1_model_to_indexes
                0x1000a2a8                newamp1_interpolate
                0x1000a378                newamp1_indexes_to_rate_K_vec
                0x1000a498                newamp1_indexes_to_model
 .text          0x1000a5c8      0x380 codec2_external/src/libcodec2.a(phase.c.obj)
                0x1000a5c8                sample_phase
                0x1000a640                phase_synth_zero_order
                0x1000a7a4                mag_to_phase
 .text          0x1000a948     0x1d90 codec2_external/src/libcodec2.a(quantise.c.obj)
                0x1000a948                lsp_bits
                0x1000a960                lspd_bits
                0x1000a978                lsp_pred_vq_bits
                0x1000a990                quantise
                0x1000aa74                encode_lspds_scalar
                0x1000abf0                decode_lspds_scalar
                0x1000aca8                compute_weights
                0x1000adbc                find_nearest
                0x1000ae48                find_nearest_weighted
                0x1000aee8                lspjmv_quantise
                0x1000b170                check_lsp_order
                0x1000b208                force_min_lsp_dist
                0x1000b268                lpc_post_filter
                0x1000b42c                aks_to_M2
                0x1000b700                encode_Wo
                0x1000b748                decode_Wo
                0x1000b778                encode_log_Wo
                0x1000b7f0                decode_log_Wo
                0x1000b860                speech_to_uq_lsps
                0x1000ba14                encode_lsps_scalar
                0x1000bad8                decode_lsps_scalar
                0x1000bb68                encode_lsps_vq
                0x1000bd50                decode_lsps_vq
                0x1000be00                bw_expand_lsps
                0x1000bed0                bw_expand_lsps2
                0x1000bf88                apply_lpc_correction
                0x1000bfc8                encode_energy
                0x1000c014                decode_energy
                0x1000c070                compute_weights2
                0x1000c194                quantise_WoE
                0x1000c3f0                encode_WoE
                0x1000c5b4                decode_WoE
 .text          0x1000c6d8       0xb8 codec2_external/src/libcodec2.a(pack.c.obj)
                0x1000c6d8                pack_natural_or_gray
                0x1000c718                pack
                0x1000c728                unpack_natural_or_gray
                0x1000c788                unpack
 .text          0x1000c790     0x1784 codec2_external/src/libcodec2.a(dump.c.obj)
                0x1000c790                dump_on
                0x1000c7a4                dump_off
                0x1000c9a4                dump_Sn
                0x1000caa8                dump_Sw
                0x1000cb78                dump_Sw_
                0x1000cc48                dump_Ew
                0x1000cd18                dump_softdec
                0x1000cdc8                dump_model
                0x1000cefc                dump_quantised_model
                0x1000d030                dump_phase
                0x1000d128                dump_phase_
                0x1000d220                dump_hephase
                0x1000d2c8                dump_snr
                0x1000d34c                dump_lpc_snr
                0x1000d3d0                dump_Pwb
                0x1000d478                dump_Pw
                0x1000d520                dump_Rw
                0x1000d5c8                dump_weights
                0x1000d67c                dump_lsp
                0x1000d724                dump_lsp_
                0x1000d7d0                dump_mel
                0x1000d880                dump_mel_indexes
                0x1000d924                dump_ak
                0x1000d9d8                dump_ak_
                0x1000da8c                dump_Fw
                0x1000db38                dump_e
                0x1000dc18                dump_sq
                0x1000dd24                dump_dec
                0x1000ddd0                dump_bg
                0x1000de80                dump_E
 *fill*         0x1000df14        0x4 
 .text          0x1000df18      0x4f0 codec2_external/src/libcodec2.a(lpc.c.obj)
                0x1000df18                pre_emp
                0x1000df40                de_emp
                0x1000dfa0                hanning_window
                0x1000e044                autocorrelate
                0x1000e09c                levinson_durbin
                0x1000e260                inverse_filter
                0x1000e2bc                synthesis_filter
                0x1000e314                find_aks
                0x1000e3c0                weight
 .text          0x1000e408      0x760 codec2_external/src/libcodec2.a(nlp.c.obj)
                0x1000e408                nlp_create
                0x1000e57c                nlp_destroy
                0x1000e5d0                post_process_sub_multiples
                0x1000e760                nlp
 .text          0x1000eb68      0x220 codec2_external/src/libcodec2.a(postfilter.c.obj)
                0x1000eb68                postfilter
 .text          0x1000ed88      0xf30 codec2_external/src/libcodec2.a(sine.c.obj)
                0x1000ed88                c2const_create
                0x1000eef0                make_analysis_window
                0x1000f0ec                hpf
                0x1000f13c                dft_speech
                0x1000f1e8                hs_pitch_refinement
                0x1000f34c                two_stage_pitch_refinement
                0x1000f52c                estimate_amplitudes
                0x1000f67c                est_voicing_mbe
                0x1000f9c8                make_synthesis_window
                0x1000fab4                synthesise
                0x1000fc98                codec2_rand
 .text          0x1000fcb8      0x324 codec2_external/src/libcodec2.a(mbest.c.obj)
                0x1000fcb8                mbest_create
                0x1000fd58                mbest_destroy
                0x1000fd90                mbest_precompute_weight
                0x1000fddc                mbest_insert
                0x1000fe48                mbest_print
                0x1000fed0                mbest_search
                0x1000ff50                mbest_search450
 .text.calloc   0x1000ffdc       0x10 C:/PROGRA~2/ARMGNU~1/14EFD8~1.2RE/bin/../lib/gcc/arm-none-eabi/14.2.1/thumb/v8-m.main+fp/softfp\libg.a(libc_a-calloc.o)
                0x1000ffdc                calloc
 .text._calloc_r
                0x1000ffec       0x70 C:/PROGRA~2/ARMGNU~1/14EFD8~1.2RE/bin/../lib/gcc/arm-none-eabi/14.2.1/thumb/v8-m.main+fp/softfp\libg.a(libc_a-callocr.o)
                0x1000ffec                _calloc_r
 .text.malloc   0x1001005c       0x10 C:/PROGRA~2/ARMGNU~1/14EFD8~1.2RE/bin/../lib/gcc/arm-none-eabi/14.2.1/thumb/v8-m.main+fp/softfp\libg.a(libc_a-malloc.o)
                0x1001005c                malloc
 .text.free     0x1001006c       0x10 C:/PROGRA~2/ARMGNU~1/14EFD8~1.2RE/bin/../lib/gcc/arm-none-eabi/14.2.1/thumb/v8-m.main+fp/softfp\libg.a(libc_a-malloc.o)
                0x1001006c                free
 .text._malloc_r
                0x1001007c      0x578 C:/PROGRA~2/ARMGNU~1/14EFD8~1.2RE/bin/../lib/gcc/arm-none-eabi/14.2.1/thumb/v8-m.main+fp/softfp\libg.a(libc_a-mallocr.o)
                0x1001007c                _malloc_r
 .text.__malloc_lock
                0x100105f4        0xc C:/PROGRA~2/ARMGNU~1/14EFD8~1.2RE/bin/../lib/gcc/arm-none-eabi/14.2.1/thumb/v8-m.main+fp/softfp\libg.a(libc_a-mlock.o)
                0x100105f4                __malloc_lock
 .text.__malloc_unlock
                0x10010600        0xc C:/PROGRA~2/ARMGNU~1/14EFD8~1.2RE/bin/../lib/gcc/arm-none-eabi/14.2.1/thumb/v8-m.main+fp/softfp\libg.a(libc_a-mlock.o)
                0x10010600                __malloc_unlock
 .text._realloc_r
                0x1001060c      0x374 C:/PROGRA~2/ARMGNU~1/14EFD8~1.2RE/bin/../lib/gcc/arm-none-eabi/14.2.1/thumb/v8-m.main+fp/softfp\libg.a(libc_a-reallocr.o)
                0x1001060c                _realloc_r
 .text._fclose_r
                0x10010980       0xc0 C:/PROGRA~2/ARMGNU~1/14EFD8~1.2RE/bin/../lib/gcc/arm-none-eabi/14.2.1/thumb/v8-m.main+fp/softfp\libg.a(libc_a-fclose.o)
                0x10010980                _fclose_r
 .text.fclose   0x10010a40       0x10 C:/PROGRA~2/ARMGNU~1/14EFD8~1.2RE/bin/../lib/gcc/arm-none-eabi/14.2.1/thumb/v8-m.main+fp/softfp\libg.a(libc_a-fclose.o)
                0x10010a40                fclose
 .text.__sflush_r
                0x10010a50      0x134 C:/PROGRA~2/ARMGNU~1/14EFD8~1.2RE/bin/../lib/gcc/arm-none-eabi/14.2.1/thumb/v8-m.main+fp/softfp\libg.a(libc_a-fflush.o)
                0x10010a50                __sflush_r
 .text._fflush_r
                0x10010b84       0x54 C:/PROGRA~2/ARMGNU~1/14EFD8~1.2RE/bin/../lib/gcc/arm-none-eabi/14.2.1/thumb/v8-m.main+fp/softfp\libg.a(libc_a-fflush.o)
                0x10010b84                _fflush_r
 .text.stdio_exit_handler
                0x10010bd8       0x18 C:/PROGRA~2/ARMGNU~1/14EFD8~1.2RE/bin/../lib/gcc/arm-none-eabi/14.2.1/thumb/v8-m.main+fp/softfp\libg.a(libc_a-findfp.o)
 .text.cleanup_stdio
                0x10010bf0       0x40 C:/PROGRA~2/ARMGNU~1/14EFD8~1.2RE/bin/../lib/gcc/arm-none-eabi/14.2.1/thumb/v8-m.main+fp/softfp\libg.a(libc_a-findfp.o)
 .text.global_stdio_init.part.0
                0x10010c30       0xf0 C:/PROGRA~2/ARMGNU~1/14EFD8~1.2RE/bin/../lib/gcc/arm-none-eabi/14.2.1/thumb/v8-m.main+fp/softfp\libg.a(libc_a-findfp.o)
 .text.__sfp    0x10010d20       0xc0 C:/PROGRA~2/ARMGNU~1/14EFD8~1.2RE/bin/../lib/gcc/arm-none-eabi/14.2.1/thumb/v8-m.main+fp/softfp\libg.a(libc_a-findfp.o)
                0x10010d20                __sfp
 .text.__sinit  0x10010de0       0x3c C:/PROGRA~2/ARMGNU~1/14EFD8~1.2RE/bin/../lib/gcc/arm-none-eabi/14.2.1/thumb/v8-m.main+fp/softfp\libg.a(libc_a-findfp.o)
                0x10010de0                __sinit
 .text.__sfp_lock_acquire
                0x10010e1c        0xc C:/PROGRA~2/ARMGNU~1/14EFD8~1.2RE/bin/../lib/gcc/arm-none-eabi/14.2.1/thumb/v8-m.main+fp/softfp\libg.a(libc_a-findfp.o)
                0x10010e1c                __sfp_lock_acquire
 .text.__sfp_lock_release
                0x10010e28        0xc C:/PROGRA~2/ARMGNU~1/14EFD8~1.2RE/bin/../lib/gcc/arm-none-eabi/14.2.1/thumb/v8-m.main+fp/softfp\libg.a(libc_a-findfp.o)
                0x10010e28                __sfp_lock_release
 .text._fopen_r
                0x10010e34       0xc0 C:/PROGRA~2/ARMGNU~1/14EFD8~1.2RE/bin/../lib/gcc/arm-none-eabi/14.2.1/thumb/v8-m.main+fp/softfp\libg.a(libc_a-fopen.o)
                0x10010e34                _fopen_r
 .text.fopen    0x10010ef4       0x10 C:/PROGRA~2/ARMGNU~1/14EFD8~1.2RE/bin/../lib/gcc/arm-none-eabi/14.2.1/thumb/v8-m.main+fp/softfp\libg.a(libc_a-fopen.o)
                0x10010ef4                fopen
 .text.fprintf  0x10010f04       0x28 C:/PROGRA~2/ARMGNU~1/14EFD8~1.2RE/bin/../lib/gcc/arm-none-eabi/14.2.1/thumb/v8-m.main+fp/softfp\libg.a(libc_a-fprintf.o)
                0x10010f04                fprintf
 .text.fputc    0x10010f2c       0x58 C:/PROGRA~2/ARMGNU~1/14EFD8~1.2RE/bin/../lib/gcc/arm-none-eabi/14.2.1/thumb/v8-m.main+fp/softfp\libg.a(libc_a-fputc.o)
                0x10010f2c                fputc
 .text._fputs_r
                0x10010f84       0xa8 C:/PROGRA~2/ARMGNU~1/14EFD8~1.2RE/bin/../lib/gcc/arm-none-eabi/14.2.1/thumb/v8-m.main+fp/softfp\libg.a(libc_a-fputs.o)
                0x10010f84                _fputs_r
 .text.fputs    0x1001102c       0x10 C:/PROGRA~2/ARMGNU~1/14EFD8~1.2RE/bin/../lib/gcc/arm-none-eabi/14.2.1/thumb/v8-m.main+fp/softfp\libg.a(libc_a-fputs.o)
                0x1001102c                fputs
 .text._fread_r
                0x1001103c      0x1d0 C:/PROGRA~2/ARMGNU~1/14EFD8~1.2RE/bin/../lib/gcc/arm-none-eabi/14.2.1/thumb/v8-m.main+fp/softfp\libg.a(libc_a-fread.o)
                0x1001103c                _fread_r
 .text.fread    0x1001120c       0x20 C:/PROGRA~2/ARMGNU~1/14EFD8~1.2RE/bin/../lib/gcc/arm-none-eabi/14.2.1/thumb/v8-m.main+fp/softfp\libg.a(libc_a-fread.o)
                0x1001120c                fread
 .text._fseek_r
                0x1001122c        0x4 C:/PROGRA~2/ARMGNU~1/14EFD8~1.2RE/bin/../lib/gcc/arm-none-eabi/14.2.1/thumb/v8-m.main+fp/softfp\libg.a(libc_a-fseek.o)
                0x1001122c                _fseek_r
 .text.__sfvwrite_r
                0x10011230      0x2e4 C:/PROGRA~2/ARMGNU~1/14EFD8~1.2RE/bin/../lib/gcc/arm-none-eabi/14.2.1/thumb/v8-m.main+fp/softfp\libg.a(libc_a-fvwrite.o)
                0x10011230                __sfvwrite_r
 .text._fwalk_sglue
                0x10011514       0x44 C:/PROGRA~2/ARMGNU~1/14EFD8~1.2RE/bin/../lib/gcc/arm-none-eabi/14.2.1/thumb/v8-m.main+fp/softfp\libg.a(libc_a-fwalk.o)
                0x10011514                _fwalk_sglue
 .text._fwrite_r
                0x10011558       0xd8 C:/PROGRA~2/ARMGNU~1/14EFD8~1.2RE/bin/../lib/gcc/arm-none-eabi/14.2.1/thumb/v8-m.main+fp/softfp\libg.a(libc_a-fwrite.o)
                0x10011558                _fwrite_r
 .text.fwrite   0x10011630       0x20 C:/PROGRA~2/ARMGNU~1/14EFD8~1.2RE/bin/../lib/gcc/arm-none-eabi/14.2.1/thumb/v8-m.main+fp/softfp\libg.a(libc_a-fwrite.o)
                0x10011630                fwrite
 .text._putc_r  0x10011650       0x78 C:/PROGRA~2/ARMGNU~1/14EFD8~1.2RE/bin/../lib/gcc/arm-none-eabi/14.2.1/thumb/v8-m.main+fp/softfp\libg.a(libc_a-putc.o)
                0x10011650                _putc_r
 .text.lflush   0x100116c8       0x1c C:/PROGRA~2/ARMGNU~1/14EFD8~1.2RE/bin/../lib/gcc/arm-none-eabi/14.2.1/thumb/v8-m.main+fp/softfp\libg.a(libc_a-refill.o)
 .text.__srefill_r
                0x100116e4       0xf8 C:/PROGRA~2/ARMGNU~1/14EFD8~1.2RE/bin/../lib/gcc/arm-none-eabi/14.2.1/thumb/v8-m.main+fp/softfp\libg.a(libc_a-refill.o)
                0x100116e4                __srefill_r
 .text.__sread  0x100117dc       0x24 C:/PROGRA~2/ARMGNU~1/14EFD8~1.2RE/bin/../lib/gcc/arm-none-eabi/14.2.1/thumb/v8-m.main+fp/softfp\libg.a(libc_a-stdio.o)
                0x100117dc                __sread
 .text.__swrite
                0x10011800       0x40 C:/PROGRA~2/ARMGNU~1/14EFD8~1.2RE/bin/../lib/gcc/arm-none-eabi/14.2.1/thumb/v8-m.main+fp/softfp\libg.a(libc_a-stdio.o)
                0x10011800                __swrite
 .text.__sseek  0x10011840       0x28 C:/PROGRA~2/ARMGNU~1/14EFD8~1.2RE/bin/../lib/gcc/arm-none-eabi/14.2.1/thumb/v8-m.main+fp/softfp\libg.a(libc_a-stdio.o)
                0x10011840                __sseek
 .text.__sclose
                0x10011868        0x8 C:/PROGRA~2/ARMGNU~1/14EFD8~1.2RE/bin/../lib/gcc/arm-none-eabi/14.2.1/thumb/v8-m.main+fp/softfp\libg.a(libc_a-stdio.o)
                0x10011868                __sclose
 .text.__swbuf_r
                0x10011870       0xac C:/PROGRA~2/ARMGNU~1/14EFD8~1.2RE/bin/../lib/gcc/arm-none-eabi/14.2.1/thumb/v8-m.main+fp/softfp\libg.a(libc_a-wbuf.o)
                0x10011870                __swbuf_r
 .text.__swsetup_r
                0x1001191c      0x100 C:/PROGRA~2/ARMGNU~1/14EFD8~1.2RE/bin/../lib/gcc/arm-none-eabi/14.2.1/thumb/v8-m.main+fp/softfp\libg.a(libc_a-wsetup.o)
                0x1001191c                __swsetup_r
 .text._fseeko_r
                0x10011a1c      0x308 C:/PROGRA~2/ARMGNU~1/14EFD8~1.2RE/bin/../lib/gcc/arm-none-eabi/14.2.1/thumb/v8-m.main+fp/softfp\libg.a(libc_a-fseeko.o)
                0x10011a1c                _fseeko_r
 .text.memmove  0x10011d24       0xfc C:/PROGRA~2/ARMGNU~1/14EFD8~1.2RE/bin/../lib/gcc/arm-none-eabi/14.2.1/thumb/v8-m.main+fp/softfp\libg.a(libc_a-memmove.o)
                0x10011d24                memmove
 .text.memset   0x10011e20       0x9c C:/PROGRA~2/ARMGNU~1/14EFD8~1.2RE/bin/../lib/gcc/arm-none-eabi/14.2.1/thumb/v8-m.main+fp/softfp\libg.a(libc_a-memset.o)
                0x10011e20                memset
 .text.strcat   0x10011ebc       0x40 C:/PROGRA~2/ARMGNU~1/14EFD8~1.2RE/bin/../lib/gcc/arm-none-eabi/14.2.1/thumb/v8-m.main+fp/softfp\libg.a(libc_a-strcat.o)
                0x10011ebc                strcat
 .text._close_r
                0x10011efc       0x24 C:/PROGRA~2/ARMGNU~1/14EFD8~1.2RE/bin/../lib/gcc/arm-none-eabi/14.2.1/thumb/v8-m.main+fp/softfp\libg.a(libc_a-closer.o)
                0x10011efc                _close_r
 .text._fstat_r
                0x10011f20       0x2c C:/PROGRA~2/ARMGNU~1/14EFD8~1.2RE/bin/../lib/gcc/arm-none-eabi/14.2.1/thumb/v8-m.main+fp/softfp\libg.a(libc_a-fstatr.o)
                0x10011f20                _fstat_r
 .text._lseek_r
                0x10011f4c       0x2c C:/PROGRA~2/ARMGNU~1/14EFD8~1.2RE/bin/../lib/gcc/arm-none-eabi/14.2.1/thumb/v8-m.main+fp/softfp\libg.a(libc_a-lseekr.o)
                0x10011f4c                _lseek_r
 .text._open_r  0x10011f78       0x2c C:/PROGRA~2/ARMGNU~1/14EFD8~1.2RE/bin/../lib/gcc/arm-none-eabi/14.2.1/thumb/v8-m.main+fp/softfp\libg.a(libc_a-openr.o)
                0x10011f78                _open_r
 .text._read_r  0x10011fa4       0x2c C:/PROGRA~2/ARMGNU~1/14EFD8~1.2RE/bin/../lib/gcc/arm-none-eabi/14.2.1/thumb/v8-m.main+fp/softfp\libg.a(libc_a-readr.o)
                0x10011fa4                _read_r
 .text._sbrk_r  0x10011fd0       0x24 C:/PROGRA~2/ARMGNU~1/14EFD8~1.2RE/bin/../lib/gcc/arm-none-eabi/14.2.1/thumb/v8-m.main+fp/softfp\libg.a(libc_a-sbrkr.o)
                0x10011fd0                _sbrk_r
 .text._write_r
                0x10011ff4       0x2c C:/PROGRA~2/ARMGNU~1/14EFD8~1.2RE/bin/../lib/gcc/arm-none-eabi/14.2.1/thumb/v8-m.main+fp/softfp\libg.a(libc_a-writer.o)
                0x10011ff4                _write_r
 .text.__errno  0x10012020        0xc C:/PROGRA~2/ARMGNU~1/14EFD8~1.2RE/bin/../lib/gcc/arm-none-eabi/14.2.1/thumb/v8-m.main+fp/softfp\libg.a(libc_a-errno.o)
                0x10012020                __errno
 .text.__retarget_lock_init_recursive
                0x1001202c        0x4 C:/PROGRA~2/ARMGNU~1/14EFD8~1.2RE/bin/../lib/gcc/arm-none-eabi/14.2.1/thumb/v8-m.main+fp/softfp\libg.a(libc_a-lock.o)
                0x1001202c                __retarget_lock_init_recursive
 .text.__retarget_lock_close_recursive
                0x10012030        0x4 C:/PROGRA~2/ARMGNU~1/14EFD8~1.2RE/bin/../lib/gcc/arm-none-eabi/14.2.1/thumb/v8-m.main+fp/softfp\libg.a(libc_a-lock.o)
                0x10012030                __retarget_lock_close_recursive
 .text.__retarget_lock_acquire_recursive
                0x10012034        0x4 C:/PROGRA~2/ARMGNU~1/14EFD8~1.2RE/bin/../lib/gcc/arm-none-eabi/14.2.1/thumb/v8-m.main+fp/softfp\libg.a(libc_a-lock.o)
                0x10012034                __retarget_lock_acquire_recursive
 .text.__retarget_lock_release_recursive
                0x10012038        0x4 C:/PROGRA~2/ARMGNU~1/14EFD8~1.2RE/bin/../lib/gcc/arm-none-eabi/14.2.1/thumb/v8-m.main+fp/softfp\libg.a(libc_a-lock.o)
                0x10012038                __retarget_lock_release_recursive
 .text.sysconf  0x1001203c       0x1c C:/PROGRA~2/ARMGNU~1/14EFD8~1.2RE/bin/../lib/gcc/arm-none-eabi/14.2.1/thumb/v8-m.main+fp/softfp\libg.a(libc_a-sysconf.o)
                0x1001203c                sysconf
 .text.strcpy   0x10012058       0xbc C:/PROGRA~2/ARMGNU~1/14EFD8~1.2RE/bin/../lib/gcc/arm-none-eabi/14.2.1/thumb/v8-m.main+fp/softfp\libg.a(libc_a-strcpy.o)
                0x10012058                strcpy
 .text.memchr   0x10012114       0x80 C:/PROGRA~2/ARMGNU~1/14EFD8~1.2RE/bin/../lib/gcc/arm-none-eabi/14.2.1/thumb/v8-m.main+fp/softfp\libg.a(libc_a-memchr-stub.o)
                0x10012114                memchr
 .text          0x10012194       0xec C:/PROGRA~2/ARMGNU~1/14EFD8~1.2RE/bin/../lib/gcc/arm-none-eabi/14.2.1/thumb/v8-m.main+fp/softfp\libg.a(libc_a-memcpy.o)
                0x10012194                memcpy
 .text.strlen   0x10012280       0x5c C:/PROGRA~2/ARMGNU~1/14EFD8~1.2RE/bin/../lib/gcc/arm-none-eabi/14.2.1/thumb/v8-m.main+fp/softfp\libg.a(libc_a-strlen-stub.o)
                0x10012280                strlen
 .text._malloc_trim_r
                0x100122dc       0xb8 C:/PROGRA~2/ARMGNU~1/14EFD8~1.2RE/bin/../lib/gcc/arm-none-eabi/14.2.1/thumb/v8-m.main+fp/softfp\libg.a(libc_a-freer.o)
                0x100122dc                _malloc_trim_r
 .text._free_r  0x10012394      0x1e8 C:/PROGRA~2/ARMGNU~1/14EFD8~1.2RE/bin/../lib/gcc/arm-none-eabi/14.2.1/thumb/v8-m.main+fp/softfp\libg.a(libc_a-freer.o)
                0x10012394                _free_r
 *fill*         0x1001257c        0x4 
 .text._vfprintf_r
                0x10012580     0x22ac C:/PROGRA~2/ARMGNU~1/14EFD8~1.2RE/bin/../lib/gcc/arm-none-eabi/14.2.1/thumb/v8-m.main+fp/softfp\libg.a(libc_a-vfprintf.o)
                0x10012580                _vfprintf_r
 .text.__sbprintf
                0x1001482c       0x84 C:/PROGRA~2/ARMGNU~1/14EFD8~1.2RE/bin/../lib/gcc/arm-none-eabi/14.2.1/thumb/v8-m.main+fp/softfp\libg.a(libc_a-vfprintf.o)
 .text.__sprint_r
                0x100148b0       0x20 C:/PROGRA~2/ARMGNU~1/14EFD8~1.2RE/bin/../lib/gcc/arm-none-eabi/14.2.1/thumb/v8-m.main+fp/softfp\libg.a(libc_a-sprint_r.o)
                0x100148b0                __sprint_r
 .text.__sflags
                0x100148d0       0x80 C:/PROGRA~2/ARMGNU~1/14EFD8~1.2RE/bin/../lib/gcc/arm-none-eabi/14.2.1/thumb/v8-m.main+fp/softfp\libg.a(libc_a-flags.o)
                0x100148d0                __sflags
 .text.__smakebuf_r
                0x10014950       0xd0 C:/PROGRA~2/ARMGNU~1/14EFD8~1.2RE/bin/../lib/gcc/arm-none-eabi/14.2.1/thumb/v8-m.main+fp/softfp\libg.a(libc_a-makebuf.o)
                0x10014950                __smakebuf_r
 .text.strncpy  0x10014a20       0x64 C:/PROGRA~2/ARMGNU~1/14EFD8~1.2RE/bin/../lib/gcc/arm-none-eabi/14.2.1/thumb/v8-m.main+fp/softfp\libg.a(libc_a-strncpy.o)
                0x10014a20                strncpy
 .text.__locale_mb_cur_max
                0x10014a84        0xc C:/PROGRA~2/ARMGNU~1/14EFD8~1.2RE/bin/../lib/gcc/arm-none-eabi/14.2.1/thumb/v8-m.main+fp/softfp\libg.a(libc_a-locale.o)
                0x10014a84                __locale_mb_cur_max
 .text._localeconv_r
                0x10014a90        0x8 C:/PROGRA~2/ARMGNU~1/14EFD8~1.2RE/bin/../lib/gcc/arm-none-eabi/14.2.1/thumb/v8-m.main+fp/softfp\libg.a(libc_a-localeconv.o)
                0x10014a90                _localeconv_r
 .text._isatty_r
                0x10014a98       0x24 C:/PROGRA~2/ARMGNU~1/14EFD8~1.2RE/bin/../lib/gcc/arm-none-eabi/14.2.1/thumb/v8-m.main+fp/softfp\libg.a(libc_a-isattyr.o)
                0x10014a98                _isatty_r
 .text.frexp    0x10014abc       0x6c C:/PROGRA~2/ARMGNU~1/14EFD8~1.2RE/bin/../lib/gcc/arm-none-eabi/14.2.1/thumb/v8-m.main+fp/softfp\libg.a(libm_a-s_frexp.o)
                0x10014abc                frexp
 .text.quorem   0x10014b28      0x138 C:/PROGRA~2/ARMGNU~1/14EFD8~1.2RE/bin/../lib/gcc/arm-none-eabi/14.2.1/thumb/v8-m.main+fp/softfp\libg.a(libc_a-dtoa.o)
 .text._dtoa_r  0x10014c60      0xffc C:/PROGRA~2/ARMGNU~1/14EFD8~1.2RE/bin/../lib/gcc/arm-none-eabi/14.2.1/thumb/v8-m.main+fp/softfp\libg.a(libc_a-dtoa.o)
                0x10014c60                _dtoa_r
 .text.__ascii_mbtowc
                0x10015c5c       0x2c C:/PROGRA~2/ARMGNU~1/14EFD8~1.2RE/bin/../lib/gcc/arm-none-eabi/14.2.1/thumb/v8-m.main+fp/softfp\libg.a(libc_a-mbtowc_r.o)
                0x10015c5c                __ascii_mbtowc
 .text._Balloc  0x10015c88       0x4c C:/PROGRA~2/ARMGNU~1/14EFD8~1.2RE/bin/../lib/gcc/arm-none-eabi/14.2.1/thumb/v8-m.main+fp/softfp\libg.a(libc_a-mprec.o)
                0x10015c88                _Balloc
 .text._Bfree   0x10015cd4       0x14 C:/PROGRA~2/ARMGNU~1/14EFD8~1.2RE/bin/../lib/gcc/arm-none-eabi/14.2.1/thumb/v8-m.main+fp/softfp\libg.a(libc_a-mprec.o)
                0x10015cd4                _Bfree
 .text.__multadd
                0x10015ce8       0xa4 C:/PROGRA~2/ARMGNU~1/14EFD8~1.2RE/bin/../lib/gcc/arm-none-eabi/14.2.1/thumb/v8-m.main+fp/softfp\libg.a(libc_a-mprec.o)
                0x10015ce8                __multadd
 .text.__hi0bits
                0x10015d8c       0x54 C:/PROGRA~2/ARMGNU~1/14EFD8~1.2RE/bin/../lib/gcc/arm-none-eabi/14.2.1/thumb/v8-m.main+fp/softfp\libg.a(libc_a-mprec.o)
                0x10015d8c                __hi0bits
 .text.__lo0bits
                0x10015de0       0x80 C:/PROGRA~2/ARMGNU~1/14EFD8~1.2RE/bin/../lib/gcc/arm-none-eabi/14.2.1/thumb/v8-m.main+fp/softfp\libg.a(libc_a-mprec.o)
                0x10015de0                __lo0bits
 .text.__i2b    0x10015e60       0x5c C:/PROGRA~2/ARMGNU~1/14EFD8~1.2RE/bin/../lib/gcc/arm-none-eabi/14.2.1/thumb/v8-m.main+fp/softfp\libg.a(libc_a-mprec.o)
                0x10015e60                __i2b
 .text.__multiply
                0x10015ebc      0x168 C:/PROGRA~2/ARMGNU~1/14EFD8~1.2RE/bin/../lib/gcc/arm-none-eabi/14.2.1/thumb/v8-m.main+fp/softfp\libg.a(libc_a-mprec.o)
                0x10015ebc                __multiply
 .text.__pow5mult
                0x10016024       0xc0 C:/PROGRA~2/ARMGNU~1/14EFD8~1.2RE/bin/../lib/gcc/arm-none-eabi/14.2.1/thumb/v8-m.main+fp/softfp\libg.a(libc_a-mprec.o)
                0x10016024                __pow5mult
 .text.__lshift
                0x100160e4       0xe4 C:/PROGRA~2/ARMGNU~1/14EFD8~1.2RE/bin/../lib/gcc/arm-none-eabi/14.2.1/thumb/v8-m.main+fp/softfp\libg.a(libc_a-mprec.o)
                0x100160e4                __lshift
 .text.__mcmp   0x100161c8       0x44 C:/PROGRA~2/ARMGNU~1/14EFD8~1.2RE/bin/../lib/gcc/arm-none-eabi/14.2.1/thumb/v8-m.main+fp/softfp\libg.a(libc_a-mprec.o)
                0x100161c8                __mcmp
 .text.__mdiff  0x1001620c      0x170 C:/PROGRA~2/ARMGNU~1/14EFD8~1.2RE/bin/../lib/gcc/arm-none-eabi/14.2.1/thumb/v8-m.main+fp/softfp\libg.a(libc_a-mprec.o)
                0x1001620c                __mdiff
 .text.__d2b    0x1001637c       0xbc C:/PROGRA~2/ARMGNU~1/14EFD8~1.2RE/bin/../lib/gcc/arm-none-eabi/14.2.1/thumb/v8-m.main+fp/softfp\libg.a(libc_a-mprec.o)
                0x1001637c                __d2b
 .text.__ascii_wctomb
                0x10016438       0x1c C:/PROGRA~2/ARMGNU~1/14EFD8~1.2RE/bin/../lib/gcc/arm-none-eabi/14.2.1/thumb/v8-m.main+fp/softfp\libg.a(libc_a-wctomb_r.o)
                0x10016438                __ascii_wctomb
 .text._wcrtomb_r
                0x10016454       0x4c C:/PROGRA~2/ARMGNU~1/14EFD8~1.2RE/bin/../lib/gcc/arm-none-eabi/14.2.1/thumb/v8-m.main+fp/softfp\libg.a(libc_a-wcrtomb.o)
                0x10016454                _wcrtomb_r
 .text._wcsrtombs_r
                0x100164a0       0x18 C:/PROGRA~2/ARMGNU~1/14EFD8~1.2RE/bin/../lib/gcc/arm-none-eabi/14.2.1/thumb/v8-m.main+fp/softfp\libg.a(libc_a-wcsrtombs.o)
                0x100164a0                _wcsrtombs_r
 .text._wcsnrtombs_l
                0x100164b8       0xf4 C:/PROGRA~2/ARMGNU~1/14EFD8~1.2RE/bin/../lib/gcc/arm-none-eabi/14.2.1/thumb/v8-m.main+fp/softfp\libg.a(libc_a-wcsnrtombs.o)
                0x100164b8                _wcsnrtombs_l
 .text._wcsnrtombs_r
                0x100165ac       0x24 C:/PROGRA~2/ARMGNU~1/14EFD8~1.2RE/bin/../lib/gcc/arm-none-eabi/14.2.1/thumb/v8-m.main+fp/softfp\libg.a(libc_a-wcsnrtombs.o)
                0x100165ac                _wcsnrtombs_r
 *(.fini)
 .fini          0x100165d0        0x4 C:/PROGRA~2/ARMGNU~1/14EFD8~1.2RE/bin/../lib/gcc/arm-none-eabi/14.2.1/thumb/v8-m.main+fp/softfp/crti.o
                0x100165d0                _fini
 *fill*         0x100165d4        0x4 
 .fini.__stub   0x100165d8       0x30 linker stubs
 *crtbegin.o(.ctors)
 *crtbegin?.o(.ctors)
 *(EXCLUDE_FILE(*crtend.o *crtend?.o) .ctors)
 *(SORT_BY_NAME(.ctors.*))
 *(.ctors)
 *crtbegin.o(.dtors)
 *crtbegin?.o(.dtors)
 *(EXCLUDE_FILE(*crtend.o *crtend?.o) .dtors)
 *(SORT_BY_NAME(.dtors.*))
 *(.dtors)
                0x10016608                        . = ALIGN (0x4)
                0x10016608                        PROVIDE (__preinit_array_start = .)
 *(SORT_BY_NAME(.preinit_array.*))
 .preinit_array.00050
                0x10016608        0x4 CMakeFiles/audio_link_tx.dir/C_/dev/pico-sdk/src/rp2_common/pico_runtime_init/runtime_init.c.obj
                0x10016608                __pre_init_runtime_init_bootrom_reset
 .preinit_array.00100
                0x1001660c        0x4 CMakeFiles/audio_link_tx.dir/C_/dev/pico-sdk/src/rp2_common/pico_runtime_init/runtime_init.c.obj
                0x1001660c                __pre_init_runtime_init_early_resets
 .preinit_array.00101
                0x10016610        0x4 CMakeFiles/audio_link_tx.dir/C_/dev/pico-sdk/src/rp2_common/pico_runtime_init/runtime_init.c.obj
                0x10016610                __pre_init_runtime_init_usb_power_down
 .preinit_array.00500
                0x10016614        0x4 CMakeFiles/audio_link_tx.dir/C_/dev/pico-sdk/src/rp2_common/pico_runtime_init/runtime_init.c.obj
                0x10016614                __pre_init_runtime_init_clocks
 .preinit_array.00600
                0x10016618        0x4 CMakeFiles/audio_link_tx.dir/C_/dev/pico-sdk/src/rp2_common/pico_runtime_init/runtime_init.c.obj
                0x10016618                __pre_init_runtime_init_post_clock_resets
 .preinit_array.01000
                0x1001661c        0x4 CMakeFiles/audio_link_tx.dir/C_/dev/pico-sdk/src/rp2_common/hardware_boot_lock/boot_lock.c.obj
                0x1001661c                __pre_init_runtime_init_boot_locks_reset
 .preinit_array.01000
                0x10016620        0x4 CMakeFiles/audio_link_tx.dir/C_/dev/pico-sdk/src/rp2_common/pico_runtime_init/runtime_init.c.obj
                0x10016620                __pre_init_runtime_init_spin_locks_reset
 .preinit_array.01010
                0x10016624        0x4 CMakeFiles/audio_link_tx.dir/C_/dev/pico-sdk/src/rp2_common/pico_bootrom/bootrom_lock.c.obj
                0x10016624                __pre_init_runtime_init_bootrom_locking_enable
 .preinit_array.01100
                0x10016628        0x4 CMakeFiles/audio_link_tx.dir/C_/dev/pico-sdk/src/common/pico_sync/mutex.c.obj
                0x10016628                __pre_init_runtime_init_mutex
 .preinit_array.10080
                0x1001662c        0x4 CMakeFiles/audio_link_tx.dir/C_/dev/pico-sdk/src/rp2_common/pico_runtime_init/runtime_init.c.obj
                0x1001662c                __pre_init_runtime_init_install_ram_vector_table
 .preinit_array.11000
                0x10016630        0x4 CMakeFiles/audio_link_tx.dir/C_/dev/pico-sdk/src/common/pico_time/time.c.obj
                0x10016630                __pre_init_runtime_init_default_alarm_pool
 .preinit_array.YYYYY
                0x10016634        0x4 CMakeFiles/audio_link_tx.dir/C_/dev/pico-sdk/src/rp2_common/pico_runtime/runtime.c.obj
                0x10016634                __pre_init_first_per_core_initializer
 .preinit_array.ZZZZZ.00051
                0x10016638        0x4 CMakeFiles/audio_link_tx.dir/C_/dev/pico-sdk/src/rp2_common/pico_runtime_init/runtime_init.c.obj
                0x10016638                __pre_init_runtime_init_per_core_bootrom_reset
 .preinit_array.ZZZZZ.00200
                0x1001663c        0x4 CMakeFiles/audio_link_tx.dir/C_/dev/pico-sdk/src/rp2_common/pico_runtime_init/runtime_init.c.obj
                0x1001663c                __pre_init_runtime_init_per_core_enable_coprocessors
 .preinit_array.ZZZZZ.01000
                0x10016640        0x4 CMakeFiles/audio_link_tx.dir/C_/dev/pico-sdk/src/rp2_common/hardware_sync_spin_lock/sync_spin_lock.c.obj
                0x10016640                __pre_init_spinlock_set_extexclall
 .preinit_array.ZZZZZ.01200
                0x10016644        0x4 CMakeFiles/audio_link_tx.dir/C_/dev/pico-sdk/src/rp2_common/hardware_irq/irq.c.obj
                0x10016644                __pre_init_runtime_init_per_core_irq_priorities
 *(.preinit_array)
                0x10016648                        PROVIDE (__preinit_array_end = .)
                0x10016648                        . = ALIGN (0x4)
                0x10016648                        PROVIDE (__init_array_start = .)
 *(SORT_BY_NAME(.init_array.*))
 *(.init_array)
 .init_array    0x10016648        0x4 C:/PROGRA~2/ARMGNU~1/14EFD8~1.2RE/bin/../lib/gcc/arm-none-eabi/14.2.1/thumb/v8-m.main+fp/softfp/crtbegin.o
                0x1001664c                        PROVIDE (__init_array_end = .)
                0x1001664c                        . = ALIGN (0x4)
                [!provide]                        PROVIDE (__fini_array_start = .)
 *(SORT_BY_NAME(.fini_array.*))
 *(.fini_array)
                [!provide]                        PROVIDE (__fini_array_end = .)
 *(.eh_frame*)
 .eh_frame      0x1001664c        0x0 C:/PROGRA~2/ARMGNU~1/14EFD8~1.2RE/bin/../lib/gcc/arm-none-eabi/14.2.1/thumb/v8-m.main+fp/softfp/crtbegin.o
                0x1001664c                        . = ALIGN (0x4)

.glue_7         0x1001664c        0x0
 .glue_7        0x1001664c        0x0 linker stubs

.glue_7t        0x1001664c        0x0
 .glue_7t       0x1001664c        0x0 linker stubs

.vfp11_veneer   0x1001664c        0x0
 .vfp11_veneer  0x1001664c        0x0 linker stubs

.v4_bx          0x1001664c        0x0
 .v4_bx         0x1001664c        0x0 linker stubs

.iplt           0x1001664c        0x0
 .iplt          0x1001664c        0x0 C:/PROGRA~2/ARMGNU~1/14EFD8~1.2RE/bin/../lib/gcc/arm-none-eabi/14.2.1/thumb/v8-m.main+fp/softfp/crtbegin.o

.boot2          0x1001664c        0x0
                0x1001664c                        __boot2_start__ = .
 *(.boot2)
                0x1001664c                        __boot2_end__ = .
                0x00000001                        ASSERT (((__boot2_end__ - __boot2_start__) <= 0x100), ERROR: Pico second stage bootloader must be no more than 256 bytes in size)

.rodata         0x10016650     0x1c88
 *(EXCLUDE_FILE(*libm.a: *libc.a:*lib_a-mem*.o *libgcc.a:) .rodata*)
 .rodata.channel_config_set_chain_to.str1.4
                0x10016650     0x122a CMakeFiles/audio_link_tx.dir/main_tx.c.obj
                                 0x63 (size before relaxing)
 .rodata.channel_config_set_dreq.str1.4
                0x1001787a       0x13 CMakeFiles/audio_link_tx.dir/main_tx.c.obj
 *fill*         0x1001787a        0x2 
 .rodata.__func__.0
                0x1001787c       0x18 CMakeFiles/audio_link_tx.dir/main_tx.c.obj
 .rodata.__func__.3
                0x10017894       0x1c CMakeFiles/audio_link_tx.dir/main_tx.c.obj
 .rodata.i2s_rx_data_program
                0x100178b0        0x8 CMakeFiles/audio_link_tx.dir/main_tx.c.obj
 .rodata.i2s_rx_data_program_instructions
                0x100178b8        0x6 CMakeFiles/audio_link_tx.dir/main_tx.c.obj
 *fill*         0x100178be        0x2 
 .rodata.lrck_from_bck_program
                0x100178c0        0x8 CMakeFiles/audio_link_tx.dir/main_tx.c.obj
 .rodata.lrck_from_bck_program_instructions
                0x100178c8       0x14 CMakeFiles/audio_link_tx.dir/main_tx.c.obj
 .rodata.mclk_out_program
                0x100178dc        0x8 CMakeFiles/audio_link_tx.dir/main_tx.c.obj
 .rodata.mclk_out_program_instructions
                0x100178e4        0x4 CMakeFiles/audio_link_tx.dir/main_tx.c.obj
 .rodata.bck_out_program
                0x100178e8        0x8 CMakeFiles/audio_link_tx.dir/main_tx.c.obj
 .rodata.bck_out_program_instructions
                0x100178f0        0x4 CMakeFiles/audio_link_tx.dir/main_tx.c.obj
 .rodata.panic.str1.4
                0x100178f4       0x12 CMakeFiles/audio_link_tx.dir/C_/dev/pico-sdk/src/rp2_common/pico_platform_panic/panic.c.obj
 .rodata.resolve_j_16.str1.4
                0x100178f4       0x4a CMakeFiles/audio_link_tx.dir/C_/dev/pico-sdk/src/rp2_common/hardware_irq/irq.c.obj
 .rodata.irq_set_exclusive_handler.str1.4
                0x100178f4       0x36 CMakeFiles/audio_link_tx.dir/C_/dev/pico-sdk/src/rp2_common/hardware_irq/irq.c.obj
 .rodata.__func__.6
                0x100178f4       0x1a CMakeFiles/audio_link_tx.dir/C_/dev/pico-sdk/src/rp2_common/hardware_irq/irq.c.obj
 .rodata.runtime_init_mutex.str1.4
                0x1001790e       0x4d CMakeFiles/audio_link_tx.dir/C_/dev/pico-sdk/src/common/pico_sync/mutex.c.obj
 .rodata.str1.4
                0x1001790e       0x51 CMakeFiles/audio_link_tx.dir/C_/dev/pico-sdk/src/common/pico_sync/mutex.c.obj
 *fill*         0x1001790e        0x2 
 .rodata.__func__.1
                0x10017910        0xb CMakeFiles/audio_link_tx.dir/C_/dev/pico-sdk/src/common/pico_sync/mutex.c.obj
 *fill*         0x1001791b        0x1 
 .rodata.__func__.3
                0x1001791c       0x18 CMakeFiles/audio_link_tx.dir/C_/dev/pico-sdk/src/common/pico_sync/mutex.c.obj
 .rodata.__func__.6
                0x10017934       0x13 CMakeFiles/audio_link_tx.dir/C_/dev/pico-sdk/src/common/pico_sync/mutex.c.obj
 .rodata.alarm_pool_irq_handler.str1.4
                0x10017947       0x58 CMakeFiles/audio_link_tx.dir/C_/dev/pico-sdk/src/common/pico_time/time.c.obj
 .rodata.alarm_pool_get_default.str1.4
                0x10017947       0x21 CMakeFiles/audio_link_tx.dir/C_/dev/pico-sdk/src/common/pico_time/time.c.obj
 *fill*         0x10017947        0x1 
 .rodata.__func__.1
                0x10017948       0x17 CMakeFiles/audio_link_tx.dir/C_/dev/pico-sdk/src/common/pico_time/time.c.obj
 *fill*         0x1001795f        0x1 
 .rodata.__func__.2
                0x10017960       0x17 CMakeFiles/audio_link_tx.dir/C_/dev/pico-sdk/src/common/pico_time/time.c.obj
 *fill*         0x10017977        0x1 
 .rodata.at_the_end_of_time
                0x10017978        0x8 CMakeFiles/audio_link_tx.dir/C_/dev/pico-sdk/src/common/pico_time/time.c.obj
                0x10017978                at_the_end_of_time
 .rodata.timer_hardware_alarm_claim.str1.4
                0x10017980       0x22 CMakeFiles/audio_link_tx.dir/C_/dev/pico-sdk/src/rp2_common/hardware_timer/timer.c.obj
 .rodata.pll_init.str1.4
                0x10017980      0x108 CMakeFiles/audio_link_tx.dir/C_/dev/pico-sdk/src/rp2_common/hardware_pll/pll.c.obj
 .rodata.__func__.0
                0x10017980        0x9 CMakeFiles/audio_link_tx.dir/C_/dev/pico-sdk/src/rp2_common/hardware_pll/pll.c.obj
 .rodata.check_alloc.str1.4
                0x10017989        0xe CMakeFiles/audio_link_tx.dir/C_/dev/pico-sdk/src/rp2_common/pico_malloc/malloc.c.obj
 .rodata.str1.4
                0x10017989       0x44 CMakeFiles/audio_link_tx.dir/C_/dev/pico-sdk/src/rp2_common/pico_standard_binary_info/standard_binary_info.c.obj
 *fill*         0x10017989        0x3 
 .rodata.__bi_84
                0x1001798c        0xc CMakeFiles/audio_link_tx.dir/C_/dev/pico-sdk/src/rp2_common/pico_standard_binary_info/standard_binary_info.c.obj
 .rodata.__bi_78
                0x10017998        0xc CMakeFiles/audio_link_tx.dir/C_/dev/pico-sdk/src/rp2_common/pico_standard_binary_info/standard_binary_info.c.obj
 .rodata.__bi_54
                0x100179a4        0xc CMakeFiles/audio_link_tx.dir/C_/dev/pico-sdk/src/rp2_common/pico_standard_binary_info/standard_binary_info.c.obj
 .rodata.__bi_48
                0x100179b0        0xc CMakeFiles/audio_link_tx.dir/C_/dev/pico-sdk/src/rp2_common/pico_standard_binary_info/standard_binary_info.c.obj
 .rodata.__bi_42
                0x100179bc        0xc CMakeFiles/audio_link_tx.dir/C_/dev/pico-sdk/src/rp2_common/pico_standard_binary_info/standard_binary_info.c.obj
 .rodata.__bi_34
                0x100179c8        0xc CMakeFiles/audio_link_tx.dir/C_/dev/pico-sdk/src/rp2_common/pico_standard_binary_info/standard_binary_info.c.obj
 .rodata.__bi_26
                0x100179d4        0xc CMakeFiles/audio_link_tx.dir/C_/dev/pico-sdk/src/rp2_common/pico_standard_binary_info/standard_binary_info.c.obj
 .rodata._ftoa.str1.4
                0x100179e0       0x15 CMakeFiles/audio_link_tx.dir/C_/dev/pico-sdk/src/rp2_common/pico_printf/printf.c.obj
 .rodata.pow10.0
                0x100179e0       0x50 CMakeFiles/audio_link_tx.dir/C_/dev/pico-sdk/src/rp2_common/pico_printf/printf.c.obj
 .rodata.__assert_func.str1.4
                0x10017a30       0x43 CMakeFiles/audio_link_tx.dir/C_/dev/pico-sdk/src/rp2_common/pico_clib_interface/newlib_interface.c.obj
 .rodata.crlf_str.0
                0x10017a30        0x2 CMakeFiles/audio_link_tx.dir/C_/dev/pico-sdk/src/rp2_common/pico_stdio/stdio.c.obj
 .rodata.dma_claim_unused_channel.str1.4
                0x10017a32       0x1e CMakeFiles/audio_link_tx.dir/C_/dev/pico-sdk/src/rp2_common/hardware_dma/dma.c.obj
 .rodata.find_offset_for_program.str1.4
                0x10017a32       0x5e CMakeFiles/audio_link_tx.dir/C_/dev/pico-sdk/src/rp2_common/hardware_pio/pio.c.obj
 *fill*         0x10017a32        0x2 
 .rodata.__func__.1
                0x10017a34       0x18 CMakeFiles/audio_link_tx.dir/C_/dev/pico-sdk/src/rp2_common/hardware_pio/pio.c.obj
 .rodata.str1.4
                0x10017a4c      0x36b codec2_external/src/libcodec2.a(codec2.c.obj)
 .rodata        0x10017a4c      0x24d codec2_external/src/libcodec2.a(codec2.c.obj)
 .rodata.str1.4
                0x10017c99       0xc3 codec2_external/src/libcodec2.a(kiss_fftr.c.obj)
 *fill*         0x10017c99        0x3 
 .rodata        0x10017c9c       0x17 codec2_external/src/libcodec2.a(kiss_fftr.c.obj)
 .rodata.str1.4
                0x10017cb3       0x79 codec2_external/src/libcodec2.a(interp.c.obj)
 *fill*         0x10017cb3        0x1 
 .rodata        0x10017cb4        0xf codec2_external/src/libcodec2.a(interp.c.obj)
 .rodata.str1.4
                0x10017cc3       0x97 codec2_external/src/libcodec2.a(newamp1.c.obj)
 *fill*         0x10017cc3        0x1 
 .rodata        0x10017cc4       0x90 codec2_external/src/libcodec2.a(newamp1.c.obj)
 .rodata.str1.4
                0x10017d54       0x8b codec2_external/src/libcodec2.a(quantise.c.obj)
 .rodata        0x10017d54       0x1b codec2_external/src/libcodec2.a(quantise.c.obj)
 .rodata.str1.4
                0x10017d6f      0x3af codec2_external/src/libcodec2.a(dump.c.obj)
 *fill*         0x10017d6f        0x1 
 .rodata        0x10017d70      0x147 codec2_external/src/libcodec2.a(dump.c.obj)
 .rodata.str1.4
                0x10017eb7       0x6f codec2_external/src/libcodec2.a(lpc.c.obj)
 *fill*         0x10017eb7        0x1 
 .rodata        0x10017eb8        0x9 codec2_external/src/libcodec2.a(lpc.c.obj)
 .rodata.str1.4
                0x10017ec1       0xcf codec2_external/src/libcodec2.a(nlp.c.obj)
 *fill*         0x10017ec1        0x3 
 .rodata        0x10017ec4      0x19c codec2_external/src/libcodec2.a(nlp.c.obj)
                0x10017fa0                nlp_fir
 .rodata.str1.4
                0x10018060       0x6a codec2_external/src/libcodec2.a(postfilter.c.obj)
 .rodata        0x10018060        0xb codec2_external/src/libcodec2.a(postfilter.c.obj)
 .rodata.str1.4
                0x1001806b       0x96 codec2_external/src/libcodec2.a(sine.c.obj)
 *fill*         0x1001806b        0x1 
 .rodata        0x1001806c       0x2b codec2_external/src/libcodec2.a(sine.c.obj)
 .rodata.str1.4
                0x10018097       0xa1 codec2_external/src/libcodec2.a(mbest.c.obj)
 *fill*         0x10018097        0x1 
 .rodata        0x10018098       0x1e codec2_external/src/libcodec2.a(mbest.c.obj)
 *fill*         0x100180b6        0x2 
 .rodata._ctype_
                0x100180b8      0x101 C:/PROGRA~2/ARMGNU~1/14EFD8~1.2RE/bin/../lib/gcc/arm-none-eabi/14.2.1/thumb/v8-m.main+fp/softfp\libg.a(libc_a-ctype_.o)
                0x100180b8                _ctype_
 .rodata._vfprintf_r.str1.4
                0x100181b9       0x42 C:/PROGRA~2/ARMGNU~1/14EFD8~1.2RE/bin/../lib/gcc/arm-none-eabi/14.2.1/thumb/v8-m.main+fp/softfp\libg.a(libc_a-vfprintf.o)
 *fill*         0x100181b9        0x3 
 .rodata.zeroes.0
                0x100181bc       0x10 C:/PROGRA~2/ARMGNU~1/14EFD8~1.2RE/bin/../lib/gcc/arm-none-eabi/14.2.1/thumb/v8-m.main+fp/softfp\libg.a(libc_a-vfprintf.o)
 .rodata.blanks.1
                0x100181cc       0x10 C:/PROGRA~2/ARMGNU~1/14EFD8~1.2RE/bin/../lib/gcc/arm-none-eabi/14.2.1/thumb/v8-m.main+fp/softfp\libg.a(libc_a-vfprintf.o)
 .rodata.str1.4
                0x100181dc       0x4c C:/PROGRA~2/ARMGNU~1/14EFD8~1.2RE/bin/../lib/gcc/arm-none-eabi/14.2.1/thumb/v8-m.main+fp/softfp\libg.a(libc_a-locale.o)
 .rodata._dtoa_r.str1.4
                0x100181dc       0x81 C:/PROGRA~2/ARMGNU~1/14EFD8~1.2RE/bin/../lib/gcc/arm-none-eabi/14.2.1/thumb/v8-m.main+fp/softfp\libg.a(libc_a-dtoa.o)
 .rodata.__multadd.str1.4
                0x100181dc       0x6e C:/PROGRA~2/ARMGNU~1/14EFD8~1.2RE/bin/../lib/gcc/arm-none-eabi/14.2.1/thumb/v8-m.main+fp/softfp\libg.a(libc_a-mprec.o)
 .rodata.p05.0  0x100181dc        0xc C:/PROGRA~2/ARMGNU~1/14EFD8~1.2RE/bin/../lib/gcc/arm-none-eabi/14.2.1/thumb/v8-m.main+fp/softfp\libg.a(libc_a-mprec.o)
 .rodata.__mprec_bigtens
                0x100181e8       0x28 C:/PROGRA~2/ARMGNU~1/14EFD8~1.2RE/bin/../lib/gcc/arm-none-eabi/14.2.1/thumb/v8-m.main+fp/softfp\libg.a(libc_a-mprec.o)
                0x100181e8                __mprec_bigtens
 .rodata.__mprec_tens
                0x10018210       0xc8 C:/PROGRA~2/ARMGNU~1/14EFD8~1.2RE/bin/../lib/gcc/arm-none-eabi/14.2.1/thumb/v8-m.main+fp/softfp\libg.a(libc_a-mprec.o)
                0x10018210                __mprec_tens
 *(.srodata*)
                0x100182d8                        . = ALIGN (0x4)
 *(SORT_BY_ALIGNMENT(SORT_BY_NAME(.flashdata*)))
                0x100182d8                        . = ALIGN (0x4)

.ARM.extab
 *(.ARM.extab* .gnu.linkonce.armextab.*)
                0x100182d8                        __exidx_start = .

.ARM.exidx      0x100182d8        0x8
 *(.ARM.exidx* .gnu.linkonce.armexidx.*)
 .ARM.exidx     0x100182d8        0x8 C:/PROGRA~2/ARMGNU~1/14EFD8~1.2RE/bin/../lib/gcc/arm-none-eabi/14.2.1/thumb/v8-m.main+fp/softfp\libg.a(libc_a-memcpy.o)
 .ARM.exidx.text.__udivmoddi4
                0x100182e0        0x0 C:/PROGRA~2/ARMGNU~1/14EFD8~1.2RE/bin/../lib/gcc/arm-none-eabi/14.2.1/thumb/v8-m.main+fp/softfp\libgcc.a(_udivmoddi4.o)
                                  0x8 (size before relaxing)
                0x100182e0                        __exidx_end = .
                0x100182e0                        . = ALIGN (0x4)
                0x100182e0                        __binary_info_start = .

.binary_info    0x100182e0       0x1c
 *(.binary_info.keep.*)
 .binary_info.keep.__bi_ptr84
                0x100182e0        0x4 CMakeFiles/audio_link_tx.dir/C_/dev/pico-sdk/src/rp2_common/pico_standard_binary_info/standard_binary_info.c.obj
 .binary_info.keep.__bi_ptr78
                0x100182e4        0x4 CMakeFiles/audio_link_tx.dir/C_/dev/pico-sdk/src/rp2_common/pico_standard_binary_info/standard_binary_info.c.obj
 .binary_info.keep.__bi_ptr54
                0x100182e8        0x4 CMakeFiles/audio_link_tx.dir/C_/dev/pico-sdk/src/rp2_common/pico_standard_binary_info/standard_binary_info.c.obj
 .binary_info.keep.__bi_ptr48
                0x100182ec        0x4 CMakeFiles/audio_link_tx.dir/C_/dev/pico-sdk/src/rp2_common/pico_standard_binary_info/standard_binary_info.c.obj
 .binary_info.keep.__bi_ptr42
                0x100182f0        0x4 CMakeFiles/audio_link_tx.dir/C_/dev/pico-sdk/src/rp2_common/pico_standard_binary_info/standard_binary_info.c.obj
 .binary_info.keep.__bi_ptr34
                0x100182f4        0x4 CMakeFiles/audio_link_tx.dir/C_/dev/pico-sdk/src/rp2_common/pico_standard_binary_info/standard_binary_info.c.obj
 .binary_info.keep.__bi_ptr26
                0x100182f8        0x4 CMakeFiles/audio_link_tx.dir/C_/dev/pico-sdk/src/rp2_common/pico_standard_binary_info/standard_binary_info.c.obj
 *(.binary_info.*)