Archive member included to satisfy reference by file (symbol)

C:/PROGRA~2/ARMGNU~1/14EFD8~1.2RE/bin/../lib/gcc/arm-none-eabi/14.2.1/thumb/v8-m.main+fp/softfp\libm.a(libm_a-wf_sqrt.o)
                              CMakeFiles/audio_passthrough_tx.dir/C_/dev/pico-sdk/src/rp2_common/pico_float/float_math.c.obj (sqrtf)
C:/PROGRA~2/ARMGNU~1/14EFD8~1.2RE/bin/../lib/gcc/arm-none-eabi/14.2.1/thumb/v8-m.main+fp/softfp\libm.a(libm_a-ef_sqrt.o)
                              C:/PROGRA~2/ARMGNU~1/14EFD8~1.2RE/bin/../lib/gcc/arm-none-eabi/14.2.1/thumb/v8-m.main+fp/softfp\libm.a(libm_a-wf_sqrt.o) (__ieee754_sqrtf)
C:/PROGRA~2/ARMGNU~1/14EFD8~1.2RE/bin/../lib/gcc/arm-none-eabi/14.2.1/thumb/v8-m.main+fp/softfp\libgcc.a(_arm_addsubdf3.o)
                              CMakeFiles/audio_passthrough_tx.dir/C_/dev/pico-sdk/src/rp2_common/pico_float/float_math.c.obj (__aeabi_f2d)
C:/PROGRA~2/ARMGNU~1/14EFD8~1.2RE/bin/../lib/gcc/arm-none-eabi/14.2.1/thumb/v8-m.main+fp/softfp\libgcc.a(_aeabi_ldivmod.o)
                              CMakeFiles/audio_passthrough_tx.dir/C_/dev/pico-sdk/src/common/pico_time/time.c.obj (__aeabi_ldivmod)
C:/PROGRA~2/ARMGNU~1/14EFD8~1.2RE/bin/../lib/gcc/arm-none-eabi/14.2.1/thumb/v8-m.main+fp/softfp\libgcc.a(_aeabi_uldivmod.o)
                              CMakeFiles/audio_passthrough_tx.dir/C_/dev/pico-sdk/src/rp2_common/hardware_clocks/clocks.c.obj (__aeabi_uldivmod)
C:/PROGRA~2/ARMGNU~1/14EFD8~1.2RE/bin/../lib/gcc/arm-none-eabi/14.2.1/thumb/v8-m.main+fp/softfp\libgcc.a(_udivmoddi4.o)
                              C:/PROGRA~2/ARMGNU~1/14EFD8~1.2RE/bin/../lib/gcc/arm-none-eabi/14.2.1/thumb/v8-m.main+fp/softfp\libgcc.a(_aeabi_ldivmod.o) (__udivmoddi4)
C:/PROGRA~2/ARMGNU~1/14EFD8~1.2RE/bin/../lib/gcc/arm-none-eabi/14.2.1/thumb/v8-m.main+fp/softfp\libgcc.a(_dvmd_tls.o)
                              C:/PROGRA~2/ARMGNU~1/14EFD8~1.2RE/bin/../lib/gcc/arm-none-eabi/14.2.1/thumb/v8-m.main+fp/softfp\libgcc.a(_aeabi_ldivmod.o) (__aeabi_ldiv0)
C:/PROGRA~2/ARMGNU~1/14EFD8~1.2RE/bin/../lib/gcc/arm-none-eabi/14.2.1/thumb/v8-m.main+fp/softfp\libg.a(libc_a-calloc.o)
                              CMakeFiles/audio_passthrough_tx.dir/C_/dev/pico-sdk/src/rp2_common/pico_malloc/malloc.c.obj (calloc)
C:/PROGRA~2/ARMGNU~1/14EFD8~1.2RE/bin/../lib/gcc/arm-none-eabi/14.2.1/thumb/v8-m.main+fp/softfp\libg.a(libc_a-callocr.o)
                              C:/PROGRA~2/ARMGNU~1/14EFD8~1.2RE/bin/../lib/gcc/arm-none-eabi/14.2.1/thumb/v8-m.main+fp/softfp\libg.a(libc_a-calloc.o) (_calloc_r)
C:/PROGRA~2/ARMGNU~1/14EFD8~1.2RE/bin/../lib/gcc/arm-none-eabi/14.2.1/thumb/v8-m.main+fp/softfp\libg.a(libc_a-malloc.o)
                              CMakeFiles/audio_passthrough_tx.dir/C_/dev/pico-sdk/src/rp2_common/pico_malloc/malloc.c.obj (malloc)
C:/PROGRA~2/ARMGNU~1/14EFD8~1.2RE/bin/../lib/gcc/arm-none-eabi/14.2.1/thumb/v8-m.main+fp/softfp\libg.a(libc_a-mallocr.o)
                              C:/PROGRA~2/ARMGNU~1/14EFD8~1.2RE/bin/../lib/gcc/arm-none-eabi/14.2.1/thumb/v8-m.main+fp/softfp\libg.a(libc_a-callocr.o) (_malloc_r)
C:/PROGRA~2/ARMGNU~1/14EFD8~1.2RE/bin/../lib/gcc/arm-none-eabi/14.2.1/thumb/v8-m.main+fp/softfp\libg.a(libc_a-mlock.o)
                              C:/PROGRA~2/ARMGNU~1/14EFD8~1.2RE/bin/../lib/gcc/arm-none-eabi/14.2.1/thumb/v8-m.main+fp/softfp\libg.a(libc_a-mallocr.o) (__malloc_lock)
C:/PROGRA~2/ARMGNU~1/14EFD8~1.2RE/bin/../lib/gcc/arm-none-eabi/14.2.1/thumb/v8-m.main+fp/softfp\libg.a(libc_a-realloc.o)
                              CMakeFiles/audio_passthrough_tx.dir/C_/dev/pico-sdk/src/rp2_common/pico_malloc/malloc.c.obj (realloc)
C:/PROGRA~2/ARMGNU~1/14EFD8~1.2RE/bin/../lib/gcc/arm-none-eabi/14.2.1/thumb/v8-m.main+fp/softfp\libg.a(libc_a-reallocr.o)
                              C:/PROGRA~2/ARMGNU~1/14EFD8~1.2RE/bin/../lib/gcc/arm-none-eabi/14.2.1/thumb/v8-m.main+fp/softfp\libg.a(libc_a-realloc.o) (_realloc_r)
C:/PROGRA~2/ARMGNU~1/14EFD8~1.2RE/bin/../lib/gcc/arm-none-eabi/14.2.1/thumb/v8-m.main+fp/softfp\libg.a(libc_a-memcmp.o)
                              CMakeFiles/audio_passthrough_tx.dir/C_/dev/pico-sdk/src/rp2_common/pico_atomic/atomic.c.obj (memcmp)
C:/PROGRA~2/ARMGNU~1/14EFD8~1.2RE/bin/../lib/gcc/arm-none-eabi/14.2.1/thumb/v8-m.main+fp/softfp\libg.a(libc_a-memmove.o)
                              C:/PROGRA~2/ARMGNU~1/14EFD8~1.2RE/bin/../lib/gcc/arm-none-eabi/14.2.1/thumb/v8-m.main+fp/softfp\libg.a(libc_a-reallocr.o) (memmove)
C:/PROGRA~2/ARMGNU~1/14EFD8~1.2RE/bin/../lib/gcc/arm-none-eabi/14.2.1/thumb/v8-m.main+fp/softfp\libg.a(libc_a-memset.o)
                              C:/PROGRA~2/ARMGNU~1/14EFD8~1.2RE/bin/../lib/gcc/arm-none-eabi/14.2.1/thumb/v8-m.main+fp/softfp/crt0.o (memset)
C:/PROGRA~2/ARMGNU~1/14EFD8~1.2RE/bin/../lib/gcc/arm-none-eabi/14.2.1/thumb/v8-m.main+fp/softfp\libg.a(libc_a-lcltime_r.o)
                              CMakeFiles/audio_passthrough_tx.dir/C_/dev/pico-sdk/src/common/pico_util/datetime.c.obj (localtime_r)
[...]
Memory Configuration

Name             Origin             Length             Attributes
FLASH            0x10000000         0x00400000         xr
RAM              0x20000000         0x00080000         xrw
SCRATCH_X        0x20080000         0x00001000         xrw
SCRATCH_Y        0x20081000         0x00001000         xrw
*default*        0x00000000         0xffffffff

Linker script and memory map

LOAD C:/PROGRA~2/ARMGNU~1/14EFD8~1.2RE/bin/../lib/gcc/arm-none-eabi/14.2.1/thumb/v8-m.main+fp/softfp/crti.o
LOAD C:/PROGRA~2/ARMGNU~1/14EFD8~1.2RE/bin/../lib/gcc/arm-none-eabi/14.2.1/thumb/v8-m.main+fp/softfp/crtbegin.o
LOAD C:/PROGRA~2/ARMGNU~1/14EFD8~1.2RE/bin/../lib/gcc/arm-none-eabi/14.2.1/thumb/v8-m.main+fp/softfp/crt0.o

.flash_begin    0x10000000        0x0
                0x10000000                        __flash_binary_start = .

.text           0x10000000     0x40ac
                0x10000000                        __logical_binary_start = .
 *(.vectors)
 .vectors       0x10000000      0x124 CMakeFiles/audio_passthrough_tx.dir/C_/dev/pico-sdk/src/rp2_common/pico_crt0/crt0.S.obj
                0x10000000                __VECTOR_TABLE
                0x10000000                __vectors
                0x10000110                __unhandled_user_irq
                0x10000110                isr_irq49
                0x10000110                isr_irq13
                0x10000110                isr_irq43
                0x10000110                isr_irq45
                0x10000110                isr_irq27
                0x10000110                isr_irq32
                0x10000110                isr_irq31
                0x10000110                isr_irq12
                0x10000110                isr_irq5
                0x10000110                isr_irq11
                0x10000110                isr_irq3
                0x10000110                isr_irq23
                0x10000110                isr_usagefault
                0x10000110                isr_irq48
                0x10000110                isr_irq30
                0x10000110                isr_irq18
                0x10000110                isr_irq50
                0x10000110                isr_irq33
                0x10000110                isr_irq40
                0x10000110                isr_irq28
                0x10000110                isr_irq19
                0x10000110                isr_irq36
                0x10000110                isr_irq41
                0x10000110                isr_irq0
                0x10000110                isr_irq6
                0x10000110                isr_irq26
                0x10000110                isr_irq29
                0x10000110                isr_memmanage
                0x10000110                isr_irq37
                0x10000110                isr_irq42
                0x10000110                isr_irq22
                0x10000110                isr_irq35
                0x10000110                isr_irq17
                0x10000110                isr_irq38
                0x10000110                isr_irq14
                0x10000110                __vectors_end
                0x10000110                __default_isrs_start
                0x10000110                isr_irq2
                0x10000110                isr_irq10
                0x10000110                isr_irq8
                0x10000110                isr_debugmonitor
                0x10000110                isr_irq24
                0x10000110                isr_irq46
                0x10000110                isr_irq1
                0x10000110                isr_irq47
                0x10000110                isr_irq51
                0x10000110                isr_irq7
                0x10000110                isr_irq21
                0x10000110                isr_irq39
                0x10000110                isr_irq20
                0x10000110                isr_irq15
                0x10000110                isr_irq25
                0x10000110                isr_irq34
                0x10000110                isr_irq44
                0x10000110                isr_securefault
                0x10000110                isr_irq4
                0x10000110                isr_busfault
                0x10000110                isr_irq16
                0x10000110                isr_irq9
                0x10000116                unhandled_user_irq_num_in_r0
                0x10000118                isr_invalid
                0x1000011a                isr_nmi
                0x1000011c                isr_hardfault
                0x1000011e                isr_svcall
                0x10000120                isr_pendsv
                0x10000122                isr_systick
                0x10000124                __default_isrs_end
 *(.binary_info_header)
 .binary_info_header
                0x10000124       0x14 CMakeFiles/audio_passthrough_tx.dir/C_/dev/pico-sdk/src/rp2_common/pico_crt0/crt0.S.obj
                0x10000138                        __binary_info_header_end = .
 *(.embedded_block)
 .embedded_block
                0x10000138       0x14 CMakeFiles/audio_passthrough_tx.dir/C_/dev/pico-sdk/src/rp2_common/pico_crt0/crt0.S.obj
                0x1000014c                        __embedded_block_end = .
 *(.reset)
 .reset         0x1000014c       0x98 CMakeFiles/audio_passthrough_tx.dir/C_/dev/pico-sdk/src/rp2_common/pico_crt0/crt0.S.obj
                0x1000014c                _entry_point
 *(.init)
 .init          0x100001e4        0x4 C:/PROGRA~2/ARMGNU~1/14EFD8~1.2RE/bin/../lib/gcc/arm-none-eabi/14.2.1/thumb/v8-m.main+fp/softfp/crti.o
                0x100001e4                _init
 SORT_BY_NAME(REVERSE(*libgcc.a:cmse_nonsecure_call.o))()
 *(EXCLUDE_FILE(*libm.a: *libc.a:*lib_a-mem*.o *libgcc.a:) .text*)
 .text.register_tm_clones
                0x100001e8       0x28 C:/PROGRA~2/ARMGNU~1/14EFD8~1.2RE/bin/../lib/gcc/arm-none-eabi/14.2.1/thumb/v8-m.main+fp/softfp/crtbegin.o
 .text.frame_dummy
                0x10000210       0x24 C:/PROGRA~2/ARMGNU~1/14EFD8~1.2RE/bin/../lib/gcc/arm-none-eabi/14.2.1/thumb/v8-m.main+fp/softfp/crtbegin.o
 .text.sm_config_set_clkdiv
                0x10000234       0x5c CMakeFiles/audio_passthrough_tx.dir/main_passthrough_tx.c.obj
 .text.pio_get_default_sm_config
                0x10000290       0x24 CMakeFiles/audio_passthrough_tx.dir/main_passthrough_tx.c.obj
 .text.bck_out_program_get_default_config
                0x100002b4       0x32 CMakeFiles/audio_passthrough_tx.dir/main_passthrough_tx.c.obj
 .text.mclk_out_program_get_default_config
                0x100002e6       0x32 CMakeFiles/audio_passthrough_tx.dir/main_passthrough_tx.c.obj
 .text.lrck_from_bck_program_get_default_config
                0x10000318       0x22 CMakeFiles/audio_passthrough_tx.dir/main_passthrough_tx.c.obj
 .text.i2s_rx_data_program_get_default_config
                0x1000033a       0x20 CMakeFiles/audio_passthrough_tx.dir/main_passthrough_tx.c.obj
 *fill*         0x1000035a        0x2 
 .text.dma_rx_handler
                0x1000035c       0x58 CMakeFiles/audio_passthrough_tx.dir/main_passthrough_tx.c.obj
 .text.checksum_bytes
                0x100003b4       0x16 CMakeFiles/audio_passthrough_tx.dir/main_passthrough_tx.c.obj
 *fill*         0x100003ca        0x2 
 .text.uart_send_frame
                0x100003cc      0x124 CMakeFiles/audio_passthrough_tx.dir/main_passthrough_tx.c.obj
 .text.init_uart_tx
                0x100004f0       0x40 CMakeFiles/audio_passthrough_tx.dir/main_passthrough_tx.c.obj
 .text.init_lrck_sm
                0x10000530       0x74 CMakeFiles/audio_passthrough_tx.dir/main_passthrough_tx.c.obj
 .text.init_i2s_rx_sm
                0x100005a4       0x74 CMakeFiles/audio_passthrough_tx.dir/main_passthrough_tx.c.obj
 .text.calc_div_for_square_wave
                0x10000618       0x2e CMakeFiles/audio_passthrough_tx.dir/main_passthrough_tx.c.obj
 *fill*         0x10000646        0x2 
 .text.init_bck_sm
                0x10000648       0x58 CMakeFiles/audio_passthrough_tx.dir/main_passthrough_tx.c.obj
 .text.init_mclk_sm
                0x100006a0       0x58 CMakeFiles/audio_passthrough_tx.dir/main_passthrough_tx.c.obj
 .text.channel_config_set_chain_to
                0x100006f8       0x30 CMakeFiles/audio_passthrough_tx.dir/main_passthrough_tx.c.obj
 .text.dma_channel_get_default_config
                0x10000728       0x78 CMakeFiles/audio_passthrough_tx.dir/main_passthrough_tx.c.obj
 .text.channel_config_set_dreq
                0x100007a0       0x30 CMakeFiles/audio_passthrough_tx.dir/main_passthrough_tx.c.obj
 .text.init_i2s_rx_dma
                0x100007d0       0xa0 CMakeFiles/audio_passthrough_tx.dir/main_passthrough_tx.c.obj
 .text.main     0x10000870      0x118 CMakeFiles/audio_passthrough_tx.dir/main_passthrough_tx.c.obj
                0x10000870                main
 .text.gpio_set_function
                0x10000988       0x38 CMakeFiles/audio_passthrough_tx.dir/C_/dev/pico-sdk/src/rp2_common/hardware_gpio/gpio.c.obj
                0x10000988                gpio_set_function
 .text.panic    0x100009c0       0x30 CMakeFiles/audio_passthrough_tx.dir/C_/dev/pico-sdk/src/rp2_common/pico_platform_panic/panic.c.obj
                0x100009c0                panic
 .text.hw_claim_lock
                0x100009f0       0x24 CMakeFiles/audio_passthrough_tx.dir/C_/dev/pico-sdk/src/common/hardware_claim/claim.c.obj
                0x100009f0                hw_claim_lock
 .text.hw_claim_unlock
                0x10000a14       0x14 CMakeFiles/audio_passthrough_tx.dir/C_/dev/pico-sdk/src/common/hardware_claim/claim.c.obj
                0x10000a14                hw_claim_unlock
 .text.hw_claim_or_assert
                0x10000a28       0x32 CMakeFiles/audio_passthrough_tx.dir/C_/dev/pico-sdk/src/common/hardware_claim/claim.c.obj
                0x10000a28                hw_claim_or_assert
 .text.hw_claim_unused_from_range
                0x10000a5a       0x4e CMakeFiles/audio_passthrough_tx.dir/C_/dev/pico-sdk/src/common/hardware_claim/claim.c.obj
                0x10000a5a                hw_claim_unused_from_range
 .text.next_striped_spin_lock_num
                0x10000aa8       0x1c CMakeFiles/audio_passthrough_tx.dir/C_/dev/pico-sdk/src/rp2_common/hardware_sync/sync.c.obj
                0x10000aa8                next_striped_spin_lock_num
 .text.spinlock_set_extexclall
                0x10000ac4        0xe CMakeFiles/audio_passthrough_tx.dir/C_/dev/pico-sdk/src/rp2_common/hardware_sync_spin_lock/sync_spin_lock.c.obj
 *fill*         0x10000ad2        0x2 
 .text.spin_locks_reset
                0x10000ad4       0x1c CMakeFiles/audio_passthrough_tx.dir/C_/dev/pico-sdk/src/rp2_common/hardware_sync_spin_lock/sync_spin_lock.c.obj
                0x10000ad4                spin_locks_reset
 .text.set_raw_irq_handler_and_unlock
                0x10000af0       0x24 CMakeFiles/audio_passthrough_tx.dir/C_/dev/pico-sdk/src/rp2_common/hardware_irq/irq.c.obj
 .text.nvic_ipr0
                0x10000b14        0x8 CMakeFiles/audio_passthrough_tx.dir/C_/dev/pico-sdk/src/rp2_common/hardware_irq/irq.c.obj
 .text.runtime_init_per_core_irq_priorities
                0x10000b1c       0x1c CMakeFiles/audio_passthrough_tx.dir/C_/dev/pico-sdk/src/rp2_common/hardware_irq/irq.c.obj
                0x10000b1c                runtime_init_per_core_irq_priorities
 .text.irq_set_mask_n_enabled
                0x10000b38       0x20 CMakeFiles/audio_passthrough_tx.dir/C_/dev/pico-sdk/src/rp2_common/hardware_irq/irq.c.obj
                0x10000b38                irq_set_mask_n_enabled
 .text.irq_set_enabled
                0x10000b58       0x14 CMakeFiles/audio_passthrough_tx.dir/C_/dev/pico-sdk/src/rp2_common/hardware_irq/irq.c.obj
                0x10000b58                irq_set_enabled
 .text.irq_get_vtable_handler
                0x10000b6c       0x10 CMakeFiles/audio_passthrough_tx.dir/C_/dev/pico-sdk/src/rp2_common/hardware_irq/irq.c.obj
                0x10000b6c                irq_get_vtable_handler
 .text.irq_set_exclusive_handler
                0x10000b7c       0x60 CMakeFiles/audio_passthrough_tx.dir/C_/dev/pico-sdk/src/rp2_common/hardware_irq/irq.c.obj
                0x10000b7c                irq_set_exclusive_handler
 .text.lock_init
                0x10000bdc        0xc CMakeFiles/audio_passthrough_tx.dir/C_/dev/pico-sdk/src/common/pico_sync/lock_core.c.obj
                0x10000bdc                lock_init
 .text.mutex_init
                0x10000be8       0x1a CMakeFiles/audio_passthrough_tx.dir/C_/dev/pico-sdk/src/common/pico_sync/mutex.c.obj
                0x10000be8                mutex_init
 .text.recursive_mutex_init
                0x10000c02       0x1e CMakeFiles/audio_passthrough_tx.dir/C_/dev/pico-sdk/src/common/pico_sync/mutex.c.obj
                0x10000c02                recursive_mutex_init
 .text.runtime_init_mutex
                0x10000c20       0x4c CMakeFiles/audio_passthrough_tx.dir/C_/dev/pico-sdk/src/common/pico_sync/mutex.c.obj
                0x10000c20                runtime_init_mutex
 .text.ta_from_current_irq
                0x10000c6c       0x24 CMakeFiles/audio_passthrough_tx.dir/C_/dev/pico-sdk/src/common/pico_time/time.c.obj
 .text.ta_set_timeout
                0x10000c90       0x2a CMakeFiles/audio_passthrough_tx.dir/C_/dev/pico-sdk/src/common/pico_time/time.c.obj
 .text.make_alarm_id
                0x10000cba        0x6 CMakeFiles/audio_passthrough_tx.dir/C_/dev/pico-sdk/src/common/pico_time/time.c.obj
 .text.sleep_until_callback
                0x10000cc0       0x3c CMakeFiles/audio_passthrough_tx.dir/C_/dev/pico-sdk/src/common/pico_time/time.c.obj
 .text.alarm_pool_irq_handler
                0x10000cfc      0x2ec CMakeFiles/audio_passthrough_tx.dir/C_/dev/pico-sdk/src/common/pico_time/time.c.obj
 .text.ta_enable_irq_handler
                0x10000fe8       0x38 CMakeFiles/audio_passthrough_tx.dir/C_/dev/pico-sdk/src/common/pico_time/time.c.obj
 .text.alarm_pool_post_alloc_init
                0x10001020       0x7c CMakeFiles/audio_passthrough_tx.dir/C_/dev/pico-sdk/src/common/pico_time/time.c.obj
 .text.alarm_pool_get_default
                0x1000109c       0x28 CMakeFiles/audio_passthrough_tx.dir/C_/dev/pico-sdk/src/common/pico_time/time.c.obj
                0x1000109c                alarm_pool_get_default
 .text.alarm_pool_add_alarm_at_force_in_context
                0x100010c4       0xc0 CMakeFiles/audio_passthrough_tx.dir/C_/dev/pico-sdk/src/common/pico_time/time.c.obj
                0x100010c4                alarm_pool_add_alarm_at_force_in_context
 .text.alarm_pool_add_alarm_at
                0x10001184       0x38 CMakeFiles/audio_passthrough_tx.dir/C_/dev/pico-sdk/src/common/pico_time/time.c.obj
                0x10001184                alarm_pool_add_alarm_at
 .text.add_alarm_at
                0x100011bc       0x26 CMakeFiles/audio_passthrough_tx.dir/C_/dev/pico-sdk/src/common/pico_time/time.c.obj
 .text.alarm_pool_cancel_alarm
                0x100011e2       0x72 CMakeFiles/audio_passthrough_tx.dir/C_/dev/pico-sdk/src/common/pico_time/time.c.obj
                0x100011e2                alarm_pool_cancel_alarm
 .text.cancel_alarm
                0x10001254       0x10 CMakeFiles/audio_passthrough_tx.dir/C_/dev/pico-sdk/src/common/pico_time/time.c.obj
 .text.best_effort_wfe_or_timeout
                0x10001264       0xfc CMakeFiles/audio_passthrough_tx.dir/C_/dev/pico-sdk/src/common/pico_time/time.c.obj
                0x10001264                best_effort_wfe_or_timeout
 .text.alarm_pool_get_default_timer
                0x10001360        0x8 CMakeFiles/audio_passthrough_tx.dir/C_/dev/pico-sdk/src/common/pico_time/time.c.obj
                0x10001360                alarm_pool_get_default_timer
 .text.runtime_init_default_alarm_pool
                0x10001368       0x34 CMakeFiles/audio_passthrough_tx.dir/C_/dev/pico-sdk/src/common/pico_time/time.c.obj
                0x10001368                runtime_init_default_alarm_pool
 .text.timer_hardware_alarm_claim
                0x1000139c       0x24 CMakeFiles/audio_passthrough_tx.dir/C_/dev/pico-sdk/src/rp2_common/hardware_timer/timer.c.obj
                0x1000139c                timer_hardware_alarm_claim
 .text.timer_time_us_64
                0x100013c0       0x10 CMakeFiles/audio_passthrough_tx.dir/C_/dev/pico-sdk/src/rp2_common/hardware_timer/timer.c.obj
                0x100013c0                timer_time_us_64
 .text.timer_busy_wait_until
                0x100013d0       0x1a CMakeFiles/audio_passthrough_tx.dir/C_/dev/pico-sdk/src/rp2_common/hardware_timer/timer.c.obj
                0x100013d0                timer_busy_wait_until
 .text.timer_busy_wait_us
                0x100013ea       0x28 CMakeFiles/audio_passthrough_tx.dir/C_/dev/pico-sdk/src/rp2_common/hardware_timer/timer.c.obj
                0x100013ea                timer_busy_wait_us
 *fill*         0x10001412        0x2 
 .text.time_us_64
                0x10001414       0x10 CMakeFiles/audio_passthrough_tx.dir/C_/dev/pico-sdk/src/rp2_common/hardware_timer/timer.c.obj
                0x10001414                time_us_64
 .text.busy_wait_us
                0x10001424       0x14 CMakeFiles/audio_passthrough_tx.dir/C_/dev/pico-sdk/src/rp2_common/hardware_timer/timer.c.obj
                0x10001424                busy_wait_us
 .text.uart_unreset
                0x10001438       0x2c CMakeFiles/audio_passthrough_tx.dir/C_/dev/pico-sdk/src/rp2_common/hardware_uart/uart.c.obj
 .text.uart_disable_before_lcr_write
                0x10001464       0x40 CMakeFiles/audio_passthrough_tx.dir/C_/dev/pico-sdk/src/rp2_common/hardware_uart/uart.c.obj
 .text.uart_write_lcr_bits_masked
                0x100014a4       0x1c CMakeFiles/audio_passthrough_tx.dir/C_/dev/pico-sdk/src/rp2_common/hardware_uart/uart.c.obj
 .text.uart_set_baudrate
                0x100014c0       0x52 CMakeFiles/audio_passthrough_tx.dir/C_/dev/pico-sdk/src/rp2_common/hardware_uart/uart.c.obj
                0x100014c0                uart_set_baudrate
 .text.uart_set_format
                0x10001512       0x2c CMakeFiles/audio_passthrough_tx.dir/C_/dev/pico-sdk/src/rp2_common/hardware_uart/uart.c.obj
                0x10001512                uart_set_format
 .text.uart_set_fifo_enabled
                0x1000153e        0xe CMakeFiles/audio_passthrough_tx.dir/C_/dev/pico-sdk/src/rp2_common/hardware_uart/uart.c.obj
                0x1000153e                uart_set_fifo_enabled
 .text.uart_set_translate_crlf
                0x1000154c       0x24 CMakeFiles/audio_passthrough_tx.dir/C_/dev/pico-sdk/src/rp2_common/hardware_uart/uart.c.obj
                0x1000154c                uart_set_translate_crlf
 .text.uart_init
                0x10001570       0x5c CMakeFiles/audio_passthrough_tx.dir/C_/dev/pico-sdk/src/rp2_common/hardware_uart/uart.c.obj
                0x10001570                uart_init
 .text.clock_configure_internal
                0x100015cc       0xb8 CMakeFiles/audio_passthrough_tx.dir/C_/dev/pico-sdk/src/rp2_common/hardware_clocks/clocks.c.obj
 .text.clock_configure_undivided
                0x10001684       0x12 CMakeFiles/audio_passthrough_tx.dir/C_/dev/pico-sdk/src/rp2_common/hardware_clocks/clocks.c.obj
                0x10001684                clock_configure_undivided
 *fill*         0x10001696        0x2 
 .text.clock_get_hz
                0x10001698        0xc CMakeFiles/audio_passthrough_tx.dir/C_/dev/pico-sdk/src/rp2_common/hardware_clocks/clocks.c.obj
                0x10001698                clock_get_hz
 .text.pll_init
                0x100016a4      0x108 CMakeFiles/audio_passthrough_tx.dir/C_/dev/pico-sdk/src/rp2_common/hardware_pll/pll.c.obj
                0x100016a4                pll_init
 .text.tick_start
                0x100017ac       0x1c CMakeFiles/audio_passthrough_tx.dir/C_/dev/pico-sdk/src/rp2_common/hardware_ticks/ticks.c.obj
                0x100017ac                tick_start
 .text.rom_func_lookup
                0x100017c8       0x1e CMakeFiles/audio_passthrough_tx.dir/C_/dev/pico-sdk/src/rp2_common/pico_bootrom/bootrom.c.obj
                0x100017c8                rom_func_lookup
 *fill*         0x100017e6        0x2 
 .text.runtime_init_bootrom_locking_enable
                0x100017e8       0x14 CMakeFiles/audio_passthrough_tx.dir/C_/dev/pico-sdk/src/rp2_common/pico_bootrom/bootrom_lock.c.obj
                0x100017e8                runtime_init_bootrom_locking_enable
 .text.boot_locks_reset
                0x100017fc       0x20 CMakeFiles/audio_passthrough_tx.dir/C_/dev/pico-sdk/src/rp2_common/hardware_boot_lock/boot_lock.c.obj
                0x100017fc                boot_locks_reset
 .text.runtime_init_boot_locks_reset
                0x1000181c        0x8 CMakeFiles/audio_passthrough_tx.dir/C_/dev/pico-sdk/src/rp2_common/hardware_boot_lock/boot_lock.c.obj
                0x1000181c                runtime_init_boot_locks_reset
 .text.xosc_init
                0x10001824       0x28 CMakeFiles/audio_passthrough_tx.dir/C_/dev/pico-sdk/src/rp2_common/hardware_xosc/xosc.c.obj
                0x10001824                xosc_init
 .text.runtime_run_initializers_from
                0x1000184c       0x18 CMakeFiles/audio_passthrough_tx.dir/C_/dev/pico-sdk/src/rp2_common/pico_runtime/runtime.c.obj
 .text.first_per_core_initializer
                0x10001864        0x2 CMakeFiles/audio_passthrough_tx.dir/C_/dev/pico-sdk/src/rp2_common/pico_runtime/runtime.c.obj
 *fill*         0x10001866        0x2 
 .text.runtime_run_initializers
                0x10001868       0x10 CMakeFiles/audio_passthrough_tx.dir/C_/dev/pico-sdk/src/rp2_common/pico_runtime/runtime.c.obj
                0x10001868                runtime_run_initializers
 .text.runtime_init_early_resets
                0x10001878       0x2c CMakeFiles/audio_passthrough_tx.dir/C_/dev/pico-sdk/src/rp2_common/pico_runtime_init/runtime_init.c.obj
                0x10001878                runtime_init_early_resets
 .text.runtime_init_usb_power_down
                0x100018a4       0x20 CMakeFiles/audio_passthrough_tx.dir/C_/dev/pico-sdk/src/rp2_common/pico_runtime_init/runtime_init.c.obj
                0x100018a4                runtime_init_usb_power_down
 .text.runtime_init_per_core_enable_coprocessors
                0x100018c4       0x1c CMakeFiles/audio_passthrough_tx.dir/C_/dev/pico-sdk/src/rp2_common/pico_runtime_init/runtime_init.c.obj
                0x100018c4                runtime_init_per_core_enable_coprocessors
 .text.runtime_init_post_clock_resets
                0x100018e0       0x20 CMakeFiles/audio_passthrough_tx.dir/C_/dev/pico-sdk/src/rp2_common/pico_runtime_init/runtime_init.c.obj
                0x100018e0                runtime_init_post_clock_resets
 .text.runtime_init_bootrom_reset
                0x10001900       0x12 CMakeFiles/audio_passthrough_tx.dir/C_/dev/pico-sdk/src/rp2_common/pico_runtime_init/runtime_init.c.obj
                0x10001900                runtime_init_bootrom_reset
 .text.runtime_init_per_core_bootrom_reset
                0x10001912       0x12 CMakeFiles/audio_passthrough_tx.dir/C_/dev/pico-sdk/src/rp2_common/pico_runtime_init/runtime_init.c.obj
                0x10001912                runtime_init_per_core_bootrom_reset
 .text.runtime_init_spin_locks_reset
                0x10001924        0x8 CMakeFiles/audio_passthrough_tx.dir/C_/dev/pico-sdk/src/rp2_common/pico_runtime_init/runtime_init.c.obj
                0x10001924                runtime_init_spin_locks_reset
 .text.runtime_init_install_ram_vector_table
                0x1000192c       0x48 CMakeFiles/audio_passthrough_tx.dir/C_/dev/pico-sdk/src/rp2_common/pico_runtime_init/runtime_init.c.obj
                0x1000192c                runtime_init_install_ram_vector_table
 .text.start_all_ticks
                0x10001974       0x28 CMakeFiles/audio_passthrough_tx.dir/C_/dev/pico-sdk/src/rp2_common/pico_runtime_init/runtime_init_clocks.c.obj
 .text.runtime_init_clocks
                0x1000199c       0xc4 CMakeFiles/audio_passthrough_tx.dir/C_/dev/pico-sdk/src/rp2_common/pico_runtime_init/runtime_init_clocks.c.obj
                0x1000199c                runtime_init_clocks
 .text.__rp2350_dcp_engaged_state_save_restore
                0x10001a60       0x3a CMakeFiles/audio_passthrough_tx.dir/C_/dev/pico-sdk/src/rp2_common/pico_double/double_aeabi_dcp.S.obj
 *fill*         0x10001a9a        0x2 
 .text.__wrap___aeabi_dadd
                0x10001a9c       0x28 CMakeFiles/audio_passthrough_tx.dir/C_/dev/pico-sdk/src/rp2_common/pico_double/double_aeabi_dcp.S.obj
                0x10001aa4                __wrap___aeabi_dadd
 .text.__wrap___aeabi_dsub
                0x10001ac4       0x28 CMakeFiles/audio_passthrough_tx.dir/C_/dev/pico-sdk/src/rp2_common/pico_double/double_aeabi_dcp.S.obj
                0x10001acc                __wrap___aeabi_dsub
 .text.__wrap___aeabi_dmul
                0x10001aec       0x4c CMakeFiles/audio_passthrough_tx.dir/C_/dev/pico-sdk/src/rp2_common/pico_double/double_aeabi_dcp.S.obj
                0x10001af4                __wrap___aeabi_dmul
 .text.__wrap___aeabi_ddiv
                0x10001b38       0x9c CMakeFiles/audio_passthrough_tx.dir/C_/dev/pico-sdk/src/rp2_common/pico_double/double_aeabi_dcp.S.obj
                0x10001b40                __wrap___aeabi_ddiv
 .text.__wrap___aeabi_i2d
                0x10001bd4       0x24 CMakeFiles/audio_passthrough_tx.dir/C_/dev/pico-sdk/src/rp2_common/pico_double/double_aeabi_dcp.S.obj
                0x10001bdc                int2double
                0x10001bdc                __wrap___aeabi_i2d
 .text.__wrap___aeabi_ui2d
                0x10001bf8       0x24 CMakeFiles/audio_passthrough_tx.dir/C_/dev/pico-sdk/src/rp2_common/pico_double/double_aeabi_dcp.S.obj
                0x10001c00                uint2double
                0x10001c00                __wrap___aeabi_ui2d
 .text.__wrap___aeabi_d2iz
                0x10001c1c       0x24 CMakeFiles/audio_passthrough_tx.dir/C_/dev/pico-sdk/src/rp2_common/pico_double/double_aeabi_dcp.S.obj
                0x10001c24                double2int_z
                0x10001c24                __wrap___aeabi_d2iz
 .text.__wrap___aeabi_d2uiz
                0x10001c40       0x24 CMakeFiles/audio_passthrough_tx.dir/C_/dev/pico-sdk/src/rp2_common/pico_double/double_aeabi_dcp.S.obj
                0x10001c48                double2uint
                0x10001c48                __wrap___aeabi_d2uiz
                0x10001c48                double2uint_z
 .text.__wrap___aeabi_dcmpun
                0x10001c64       0x24 CMakeFiles/audio_passthrough_tx.dir/C_/dev/pico-sdk/src/rp2_common/pico_double/double_aeabi_dcp.S.obj
                0x10001c6c                __wrap___aeabi_dcmpun
 .text.__wrap___aeabi_dcmplt
                0x10001c88       0x28 CMakeFiles/audio_passthrough_tx.dir/C_/dev/pico-sdk/src/rp2_common/pico_double/double_aeabi_dcp.S.obj
                0x10001c90                __wrap___aeabi_dcmplt
 .text.__wrap___aeabi_dcmple
                0x10001cb0       0x28 CMakeFiles/audio_passthrough_tx.dir/C_/dev/pico-sdk/src/rp2_common/pico_double/double_aeabi_dcp.S.obj
                0x10001cb8                __wrap___aeabi_dcmple
 .text.__wrap___aeabi_dcmpge
                0x10001cd8       0x28 CMakeFiles/audio_passthrough_tx.dir/C_/dev/pico-sdk/src/rp2_common/pico_double/double_aeabi_dcp.S.obj
                0x10001ce0                __wrap___aeabi_dcmpge
 .text.__wrap___aeabi_dcmpgt
                0x10001d00       0x28 CMakeFiles/audio_passthrough_tx.dir/C_/dev/pico-sdk/src/rp2_common/pico_double/double_aeabi_dcp.S.obj
                0x10001d08                __wrap___aeabi_dcmpgt
 .text.check_alloc
                0x10001d28       0x20 CMakeFiles/audio_passthrough_tx.dir/C_/dev/pico-sdk/src/rp2_common/pico_malloc/malloc.c.obj
 .text.__wrap_calloc
                0x10001d48       0x18 CMakeFiles/audio_passthrough_tx.dir/C_/dev/pico-sdk/src/rp2_common/pico_malloc/malloc.c.obj
                0x10001d48                __wrap_calloc
 .text._out_null
                0x10001d60        0x2 CMakeFiles/audio_passthrough_tx.dir/C_/dev/pico-sdk/src/rp2_common/pico_printf/printf.c.obj
 .text._out_fct
                0x10001d62        0xe CMakeFiles/audio_passthrough_tx.dir/C_/dev/pico-sdk/src/rp2_common/pico_printf/printf.c.obj
 .text._atoi    0x10001d70       0x26 CMakeFiles/audio_passthrough_tx.dir/C_/dev/pico-sdk/src/rp2_common/pico_printf/printf.c.obj
 .text._out_rev
                0x10001d96       0x7e CMakeFiles/audio_passthrough_tx.dir/C_/dev/pico-sdk/src/rp2_common/pico_printf/printf.c.obj
 .text._ntoa_format
                0x10001e14      0x134 CMakeFiles/audio_passthrough_tx.dir/C_/dev/pico-sdk/src/rp2_common/pico_printf/printf.c.obj
 .text._ntoa_long
                0x10001f48       0x94 CMakeFiles/audio_passthrough_tx.dir/C_/dev/pico-sdk/src/rp2_common/pico_printf/printf.c.obj
 .text._ntoa_long_long
                0x10001fdc       0xc2 CMakeFiles/audio_passthrough_tx.dir/C_/dev/pico-sdk/src/rp2_common/pico_printf/printf.c.obj
 *fill*         0x1000209e        0x2 
 .text._etoa    0x100020a0      0x420 CMakeFiles/audio_passthrough_tx.dir/C_/dev/pico-sdk/src/rp2_common/pico_printf/printf.c.obj
 .text._ftoa    0x100024c0      0x398 CMakeFiles/audio_passthrough_tx.dir/C_/dev/pico-sdk/src/rp2_common/pico_printf/printf.c.obj
 .text._vsnprintf
                0x10002858      0x6d8 CMakeFiles/audio_passthrough_tx.dir/C_/dev/pico-sdk/src/rp2_common/pico_printf/printf.c.obj
 .text.vfctprintf
                0x10002f30       0x24 CMakeFiles/audio_passthrough_tx.dir/C_/dev/pico-sdk/src/rp2_common/pico_printf/printf.c.obj
                0x10002f30                vfctprintf
 .text._exit    0x10002f54        0x4 CMakeFiles/audio_passthrough_tx.dir/C_/dev/pico-sdk/src/rp2_common/pico_clib_interface/newlib_interface.c.obj
                0x10002f54                _exit
 .text._sbrk    0x10002f58       0x34 CMakeFiles/audio_passthrough_tx.dir/C_/dev/pico-sdk/src/rp2_common/pico_clib_interface/newlib_interface.c.obj
                0x10002f58                _sbrk
 .text.exit     0x10002f8c        0x6 CMakeFiles/audio_passthrough_tx.dir/C_/dev/pico-sdk/src/rp2_common/pico_clib_interface/newlib_interface.c.obj
                0x10002f8c                exit
 *fill*         0x10002f92        0x2 
 .text.__assert_func
                0x10002f94       0x34 CMakeFiles/audio_passthrough_tx.dir/C_/dev/pico-sdk/src/rp2_common/pico_clib_interface/newlib_interface.c.obj
                0x10002f94                __assert_func
 .text.runtime_init
                0x10002fc8       0x2c CMakeFiles/audio_passthrough_tx.dir/C_/dev/pico-sdk/src/rp2_common/pico_clib_interface/newlib_interface.c.obj
                0x10002fc8                runtime_init
 .text.stdio_out_chars_no_crlf
                0x10002ff4        0xe CMakeFiles/audio_passthrough_tx.dir/C_/dev/pico-sdk/src/rp2_common/pico_stdio/stdio.c.obj
 *fill*         0x10003002        0x2 
 .text.stdio_out_chars_crlf
                0x10003004       0x80 CMakeFiles/audio_passthrough_tx.dir/C_/dev/pico-sdk/src/rp2_common/pico_stdio/stdio.c.obj
 .text.stdio_stack_buffer_flush
                0x10003084       0x40 CMakeFiles/audio_passthrough_tx.dir/C_/dev/pico-sdk/src/rp2_common/pico_stdio/stdio.c.obj
 .text.stdio_buffered_printer
                0x100030c4       0x20 CMakeFiles/audio_passthrough_tx.dir/C_/dev/pico-sdk/src/rp2_common/pico_stdio/stdio.c.obj
 .text.stdout_serialize_begin
                0x100030e4       0x2c CMakeFiles/audio_passthrough_tx.dir/C_/dev/pico-sdk/src/rp2_common/pico_stdio/stdio.c.obj
                0x100030e4                stdout_serialize_begin
 .text.stdout_serialize_end
                0x10003110       0x10 CMakeFiles/audio_passthrough_tx.dir/C_/dev/pico-sdk/src/rp2_common/pico_stdio/stdio.c.obj
                0x10003110                stdout_serialize_end
 .text.stdio_put_string
                0x10003120       0x8c CMakeFiles/audio_passthrough_tx.dir/C_/dev/pico-sdk/src/rp2_common/pico_stdio/stdio.c.obj
                0x10003120                stdio_put_string
 .text.stdio_flush
                0x100031ac       0x1c CMakeFiles/audio_passthrough_tx.dir/C_/dev/pico-sdk/src/rp2_common/pico_stdio/stdio.c.obj
                0x100031ac                stdio_flush
 .text.stdio_init_all
                0x100031c8        0x4 CMakeFiles/audio_passthrough_tx.dir/C_/dev/pico-sdk/src/rp2_common/pico_stdio/stdio.c.obj
                0x100031c8                stdio_init_all
 .text.__wrap_puts
                0x100031cc       0x1e CMakeFiles/audio_passthrough_tx.dir/C_/dev/pico-sdk/src/rp2_common/pico_stdio/stdio.c.obj
                0x100031cc                stdio_puts
                0x100031cc                __wrap_puts
 *fill*         0x100031ea        0x2 
 .text.__wrap_vprintf
                0x100031ec       0x40 CMakeFiles/audio_passthrough_tx.dir/C_/dev/pico-sdk/src/rp2_common/pico_stdio/stdio.c.obj
                0x100031ec                stdio_vprintf
                0x100031ec                __wrap_vprintf
 .text.__wrap_printf
                0x1000322c       0x1c CMakeFiles/audio_passthrough_tx.dir/C_/dev/pico-sdk/src/rp2_common/pico_stdio/stdio.c.obj
                0x1000322c                __wrap_printf
                0x1000322c                stdio_printf
 .text.dma_claim_unused_channel
                0x10003248       0x24 CMakeFiles/audio_passthrough_tx.dir/C_/dev/pico-sdk/src/rp2_common/hardware_dma/dma.c.obj
                0x10003248                dma_claim_unused_channel
 .text.pio_get_default_sm_config
                0x1000326c       0x24 CMakeFiles/audio_passthrough_tx.dir/C_/dev/pico-sdk/src/rp2_common/hardware_pio/pio.c.obj
 .text.is_gpio_compatible
                0x10003290       0x22 CMakeFiles/audio_passthrough_tx.dir/C_/dev/pico-sdk/src/rp2_common/hardware_pio/pio.c.obj
 .text.is_program_gpio_compatible
                0x100032b2        0xa CMakeFiles/audio_passthrough_tx.dir/C_/dev/pico-sdk/src/rp2_common/hardware_pio/pio.c.obj
 .text.add_program_at_offset_check
                0x100032bc       0x54 CMakeFiles/audio_passthrough_tx.dir/C_/dev/pico-sdk/src/rp2_common/hardware_pio/pio.c.obj
 .text.add_program_at_offset
                0x10003310       0x60 CMakeFiles/audio_passthrough_tx.dir/C_/dev/pico-sdk/src/rp2_common/hardware_pio/pio.c.obj
 .text.find_offset_for_program
                0x10003370       0x78 CMakeFiles/audio_passthrough_tx.dir/C_/dev/pico-sdk/src/rp2_common/hardware_pio/pio.c.obj
 .text.pio_add_program
                0x100033e8       0x30 CMakeFiles/audio_passthrough_tx.dir/C_/dev/pico-sdk/src/rp2_common/hardware_pio/pio.c.obj
                0x100033e8                pio_add_program
 .text.pio_sm_set_consecutive_pindirs
                0x10003418       0x9e CMakeFiles/audio_passthrough_tx.dir/C_/dev/pico-sdk/src/rp2_common/hardware_pio/pio.c.obj
                0x10003418                pio_sm_set_consecutive_pindirs
 .text.pio_sm_init
                0x100034b6       0xac CMakeFiles/audio_passthrough_tx.dir/C_/dev/pico-sdk/src/rp2_common/hardware_pio/pio.c.obj
                0x100034b6                pio_sm_init
 *fill*         0x10003562        0x2 
 .text.calloc   0x10003564       0x10 C:/PROGRA~2/ARMGNU~1/14EFD8~1.2RE/bin/../lib/gcc/arm-none-eabi/14.2.1/thumb/v8-m.main+fp/softfp\libg.a(libc_a-calloc.o)
                0x10003564                calloc
 .text._calloc_r
                0x10003574       0x70 C:/PROGRA~2/ARMGNU~1/14EFD8~1.2RE/bin/../lib/gcc/arm-none-eabi/14.2.1/thumb/v8-m.main+fp/softfp\libg.a(libc_a-callocr.o)
                0x10003574                _calloc_r
 .text._malloc_r
                0x100035e4      0x578 C:/PROGRA~2/ARMGNU~1/14EFD8~1.2RE/bin/../lib/gcc/arm-none-eabi/14.2.1/thumb/v8-m.main+fp/softfp\libg.a(libc_a-mallocr.o)
                0x100035e4                _malloc_r
 .text.__malloc_lock
                0x10003b5c        0xc C:/PROGRA~2/ARMGNU~1/14EFD8~1.2RE/bin/../lib/gcc/arm-none-eabi/14.2.1/thumb/v8-m.main+fp/softfp\libg.a(libc_a-mlock.o)
                0x10003b5c                __malloc_lock
 .text.__malloc_unlock
                0x10003b68        0xc C:/PROGRA~2/ARMGNU~1/14EFD8~1.2RE/bin/../lib/gcc/arm-none-eabi/14.2.1/thumb/v8-m.main+fp/softfp\libg.a(libc_a-mlock.o)
                0x10003b68                __malloc_unlock
 .text.memset   0x10003b74       0x9c C:/PROGRA~2/ARMGNU~1/14EFD8~1.2RE/bin/../lib/gcc/arm-none-eabi/14.2.1/thumb/v8-m.main+fp/softfp\libg.a(libc_a-memset.o)
                0x10003b74                memset
 .text._sbrk_r  0x10003c10       0x24 C:/PROGRA~2/ARMGNU~1/14EFD8~1.2RE/bin/../lib/gcc/arm-none-eabi/14.2.1/thumb/v8-m.main+fp/softfp\libg.a(libc_a-sbrkr.o)
                0x10003c10                _sbrk_r
 .text.__errno  0x10003c34        0xc C:/PROGRA~2/ARMGNU~1/14EFD8~1.2RE/bin/../lib/gcc/arm-none-eabi/14.2.1/thumb/v8-m.main+fp/softfp\libg.a(libc_a-errno.o)
                0x10003c34                __errno
 .text.__retarget_lock_acquire_recursive
                0x10003c40        0x4 C:/PROGRA~2/ARMGNU~1/14EFD8~1.2RE/bin/../lib/gcc/arm-none-eabi/14.2.1/thumb/v8-m.main+fp/softfp\libg.a(libc_a-lock.o)
                0x10003c40                __retarget_lock_acquire_recursive
 .text.__retarget_lock_release_recursive
                0x10003c44        0x4 C:/PROGRA~2/ARMGNU~1/14EFD8~1.2RE/bin/../lib/gcc/arm-none-eabi/14.2.1/thumb/v8-m.main+fp/softfp\libg.a(libc_a-lock.o)
                0x10003c44                __retarget_lock_release_recursive
 .text.sysconf  0x10003c48       0x1c C:/PROGRA~2/ARMGNU~1/14EFD8~1.2RE/bin/../lib/gcc/arm-none-eabi/14.2.1/thumb/v8-m.main+fp/softfp\libg.a(libc_a-sysconf.o)
                0x10003c48                sysconf
 .text          0x10003c64       0xec C:/PROGRA~2/ARMGNU~1/14EFD8~1.2RE/bin/../lib/gcc/arm-none-eabi/14.2.1/thumb/v8-m.main+fp/softfp\libg.a(libc_a-memcpy.o)
                0x10003c64                memcpy
 .text.strlen   0x10003d50       0x5c C:/PROGRA~2/ARMGNU~1/14EFD8~1.2RE/bin/../lib/gcc/arm-none-eabi/14.2.1/thumb/v8-m.main+fp/softfp\libg.a(libc_a-strlen-stub.o)
                0x10003d50                strlen
 .text._malloc_trim_r
                0x10003dac       0xb8 C:/PROGRA~2/ARMGNU~1/14EFD8~1.2RE/bin/../lib/gcc/arm-none-eabi/14.2.1/thumb/v8-m.main+fp/softfp\libg.a(libc_a-freer.o)
                0x10003dac                _malloc_trim_r
 .text._free_r  0x10003e64      0x1e8 C:/PROGRA~2/ARMGNU~1/14EFD8~1.2RE/bin/../lib/gcc/arm-none-eabi/14.2.1/thumb/v8-m.main+fp/softfp\libg.a(libc_a-freer.o)
                0x10003e64                _free_r
 *(.fini)
 .fini          0x1000404c        0x4 C:/PROGRA~2/ARMGNU~1/14EFD8~1.2RE/bin/../lib/gcc/arm-none-eabi/14.2.1/thumb/v8-m.main+fp/softfp/crti.o
                0x1000404c                _fini
 .fini.__stub   0x10004050       0x18 linker stubs
 *crtbegin.o(.ctors)
 *crtbegin?.o(.ctors)
 *(EXCLUDE_FILE(*crtend.o *crtend?.o) .ctors)
 *(SORT_BY_NAME(.ctors.*))
 *(.ctors)
 *crtbegin.o(.dtors)
 *crtbegin?.o(.dtors)
 *(EXCLUDE_FILE(*crtend.o *crtend?.o) .dtors)
 *(SORT_BY_NAME(.dtors.*))
 *(.dtors)
                0x10004068                        . = ALIGN (0x4)
                0x10004068                        PROVIDE (__preinit_array_start = .)
 *(SORT_BY_NAME(.preinit_array.*))
 .preinit_array.00050
                0x10004068        0x4 CMakeFiles/audio_passthrough_tx.dir/C_/dev/pico-sdk/src/rp2_common/pico_runtime_init/runtime_init.c.obj
                0x10004068                __pre_init_runtime_init_bootrom_reset
 .preinit_array.00100
                0x1000406c        0x4 CMakeFiles/audio_passthrough_tx.dir/C_/dev/pico-sdk/src/rp2_common/pico_runtime_init/runtime_init.c.obj
                0x1000406c                __pre_init_runtime_init_early_resets
 .preinit_array.00101
                0x10004070        0x4 CMakeFiles/audio_passthrough_tx.dir/C_/dev/pico-sdk/src/rp2_common/pico_runtime_init/runtime_init.c.obj
                0x10004070                __pre_init_runtime_init_usb_power_down
 .preinit_array.00500
                0x10004074        0x4 CMakeFiles/audio_passthrough_tx.dir/C_/dev/pico-sdk/src/rp2_common/pico_runtime_init/runtime_init.c.obj
                0x10004074                __pre_init_runtime_init_clocks
 .preinit_array.00600
                0x10004078        0x4 CMakeFiles/audio_passthrough_tx.dir/C_/dev/pico-sdk/src/rp2_common/pico_runtime_init/runtime_init.c.obj
                0x10004078                __pre_init_runtime_init_post_clock_resets
 .preinit_array.01000
                0x1000407c        0x4 CMakeFiles/audio_passthrough_tx.dir/C_/dev/pico-sdk/src/rp2_common/hardware_boot_lock/boot_lock.c.obj
                0x1000407c                __pre_init_runtime_init_boot_locks_reset
 .preinit_array.01000
                0x10004080        0x4 CMakeFiles/audio_passthrough_tx.dir/C_/dev/pico-sdk/src/rp2_common/pico_runtime_init/runtime_init.c.obj
                0x10004080                __pre_init_runtime_init_spin_locks_reset
 .preinit_array.01010
                0x10004084        0x4 CMakeFiles/audio_passthrough_tx.dir/C_/dev/pico-sdk/src/rp2_common/pico_bootrom/bootrom_lock.c.obj
                0x10004084                __pre_init_runtime_init_bootrom_locking_enable
 .preinit_array.01100
                0x10004088        0x4 CMakeFiles/audio_passthrough_tx.dir/C_/dev/pico-sdk/src/common/pico_sync/mutex.c.obj
                0x10004088                __pre_init_runtime_init_mutex
 .preinit_array.10080
                0x1000408c        0x4 CMakeFiles/audio_passthrough_tx.dir/C_/dev/pico-sdk/src/rp2_common/pico_runtime_init/runtime_init.c.obj
                0x1000408c                __pre_init_runtime_init_install_ram_vector_table
 .preinit_array.11000
                0x10004090        0x4 CMakeFiles/audio_passthrough_tx.dir/C_/dev/pico-sdk/src/common/pico_time/time.c.obj
                0x10004090                __pre_init_runtime_init_default_alarm_pool
 .preinit_array.YYYYY
                0x10004094        0x4 CMakeFiles/audio_passthrough_tx.dir/C_/dev/pico-sdk/src/rp2_common/pico_runtime/runtime.c.obj
                0x10004094                __pre_init_first_per_core_initializer
 .preinit_array.ZZZZZ.00051
                0x10004098        0x4 CMakeFiles/audio_passthrough_tx.dir/C_/dev/pico-sdk/src/rp2_common/pico_runtime_init/runtime_init.c.obj
                0x10004098                __pre_init_runtime_init_per_core_bootrom_reset
 .preinit_array.ZZZZZ.00200
                0x1000409c        0x4 CMakeFiles/audio_passthrough_tx.dir/C_/dev/pico-sdk/src/rp2_common/pico_runtime_init/runtime_init.c.obj
                0x1000409c                __pre_init_runtime_init_per_core_enable_coprocessors
 .preinit_array.ZZZZZ.01000
                0x100040a0        0x4 CMakeFiles/audio_passthrough_tx.dir/C_/dev/pico-sdk/src/rp2_common/hardware_sync_spin_lock/sync_spin_lock.c.obj
                0x100040a0                __pre_init_spinlock_set_extexclall
 .preinit_array.ZZZZZ.01200
                0x100040a4        0x4 CMakeFiles/audio_passthrough_tx.dir/C_/dev/pico-sdk/src/rp2_common/hardware_irq/irq.c.obj
                0x100040a4                __pre_init_runtime_init_per_core_irq_priorities
 *(.preinit_array)
                0x100040a8                        PROVIDE (__preinit_array_end = .)
                0x100040a8                        . = ALIGN (0x4)
                0x100040a8                        PROVIDE (__init_array_start = .)
 *(SORT_BY_NAME(.init_array.*))
 *(.init_array)
 .init_array    0x100040a8        0x4 C:/PROGRA~2/ARMGNU~1/14EFD8~1.2RE/bin/../lib/gcc/arm-none-eabi/14.2.1/thumb/v8-m.main+fp/softfp/crtbegin.o
                0x100040ac                        PROVIDE (__init_array_end = .)
                0x100040ac                        . = ALIGN (0x4)
                [!provide]                        PROVIDE (__fini_array_start = .)
 *(SORT_BY_NAME(.fini_array.*))
 *(.fini_array)
                [!provide]                        PROVIDE (__fini_array_end = .)
 *(.eh_frame*)
 .eh_frame      0x100040ac        0x0 C:/PROGRA~2/ARMGNU~1/14EFD8~1.2RE/bin/../lib/gcc/arm-none-eabi/14.2.1/thumb/v8-m.main+fp/softfp/crtbegin.o
                0x100040ac                        . = ALIGN (0x4)

.glue_7         0x100040ac        0x0
 .glue_7        0x100040ac        0x0 linker stubs

.glue_7t        0x100040ac        0x0
 .glue_7t       0x100040ac        0x0 linker stubs

.vfp11_veneer   0x100040ac        0x0
 .vfp11_veneer  0x100040ac        0x0 linker stubs

.v4_bx          0x100040ac        0x0
 .v4_bx         0x100040ac        0x0 linker stubs

.iplt           0x100040ac        0x0
 .iplt          0x100040ac        0x0 C:/PROGRA~2/ARMGNU~1/14EFD8~1.2RE/bin/../lib/gcc/arm-none-eabi/14.2.1/thumb/v8-m.main+fp/softfp/crtbegin.o

.boot2          0x100040ac        0x0
                0x100040ac                        __boot2_start__ = .
 *(.boot2)
                0x100040ac                        __boot2_end__ = .
                0x00000001                        ASSERT (((__boot2_end__ - __boot2_start__) <= 0x100), ERROR: Pico second stage bootloader must be no more than 256 bytes in size)

.rodata         0x100040b0      0x65c
 *(EXCLUDE_FILE(*libm.a: *libc.a:*lib_a-mem*.o *libgcc.a:) .rodata*)
 .rodata.channel_config_set_chain_to.str1.4
                0x100040b0      0x48e CMakeFiles/audio_passthrough_tx.dir/main_passthrough_tx.c.obj
                                 0x63 (size before relaxing)
 .rodata.channel_config_set_dreq.str1.4
                0x1000453e       0x13 CMakeFiles/audio_passthrough_tx.dir/main_passthrough_tx.c.obj
 *fill*         0x1000453e        0x2 
 .rodata.__func__.0
                0x10004540       0x18 CMakeFiles/audio_passthrough_tx.dir/main_passthrough_tx.c.obj
 .rodata.__func__.3
                0x10004558       0x1c CMakeFiles/audio_passthrough_tx.dir/main_passthrough_tx.c.obj
 .rodata.i2s_rx_data_program
                0x10004574        0x8 CMakeFiles/audio_passthrough_tx.dir/main_passthrough_tx.c.obj
 .rodata.i2s_rx_data_program_instructions
                0x1000457c        0x6 CMakeFiles/audio_passthrough_tx.dir/main_passthrough_tx.c.obj
 *fill*         0x10004582        0x2 
 .rodata.lrck_from_bck_program
                0x10004584        0x8 CMakeFiles/audio_passthrough_tx.dir/main_passthrough_tx.c.obj
 .rodata.lrck_from_bck_program_instructions
                0x1000458c       0x14 CMakeFiles/audio_passthrough_tx.dir/main_passthrough_tx.c.obj
 .rodata.mclk_out_program
                0x100045a0        0x8 CMakeFiles/audio_passthrough_tx.dir/main_passthrough_tx.c.obj
 .rodata.mclk_out_program_instructions
                0x100045a8        0x4 CMakeFiles/audio_passthrough_tx.dir/main_passthrough_tx.c.obj
 .rodata.bck_out_program
                0x100045ac        0x8 CMakeFiles/audio_passthrough_tx.dir/main_passthrough_tx.c.obj
 .rodata.bck_out_program_instructions
                0x100045b4        0x4 CMakeFiles/audio_passthrough_tx.dir/main_passthrough_tx.c.obj
 .rodata.panic.str1.4
                0x100045b8       0x12 CMakeFiles/audio_passthrough_tx.dir/C_/dev/pico-sdk/src/rp2_common/pico_platform_panic/panic.c.obj
 .rodata.resolve_j_16.str1.4
                0x100045b8       0x4a CMakeFiles/audio_passthrough_tx.dir/C_/dev/pico-sdk/src/rp2_common/hardware_irq/irq.c.obj
 .rodata.irq_set_exclusive_handler.str1.4
                0x100045b8       0x36 CMakeFiles/audio_passthrough_tx.dir/C_/dev/pico-sdk/src/rp2_common/hardware_irq/irq.c.obj
 .rodata.__func__.6
                0x100045b8       0x1a CMakeFiles/audio_passthrough_tx.dir/C_/dev/pico-sdk/src/rp2_common/hardware_irq/irq.c.obj
 .rodata.runtime_init_mutex.str1.4
                0x100045d2       0x4d CMakeFiles/audio_passthrough_tx.dir/C_/dev/pico-sdk/src/common/pico_sync/mutex.c.obj
 .rodata.str1.4
                0x100045d2       0x51 CMakeFiles/audio_passthrough_tx.dir/C_/dev/pico-sdk/src/common/pico_sync/mutex.c.obj
 *fill*         0x100045d2        0x2 
 .rodata.__func__.1
                0x100045d4        0xb CMakeFiles/audio_passthrough_tx.dir/C_/dev/pico-sdk/src/common/pico_sync/mutex.c.obj
 *fill*         0x100045df        0x1 
 .rodata.__func__.3
                0x100045e0       0x18 CMakeFiles/audio_passthrough_tx.dir/C_/dev/pico-sdk/src/common/pico_sync/mutex.c.obj
 .rodata.__func__.6
                0x100045f8       0x13 CMakeFiles/audio_passthrough_tx.dir/C_/dev/pico-sdk/src/common/pico_sync/mutex.c.obj
 .rodata.alarm_pool_irq_handler.str1.4
                0x1000460b       0x58 CMakeFiles/audio_passthrough_tx.dir/C_/dev/pico-sdk/src/common/pico_time/time.c.obj
 .rodata.alarm_pool_get_default.str1.4
                0x1000460b       0x21 CMakeFiles/audio_passthrough_tx.dir/C_/dev/pico-sdk/src/common/pico_time/time.c.obj
 *fill*         0x1000460b        0x1 
 .rodata.__func__.1
                0x1000460c       0x17 CMakeFiles/audio_passthrough_tx.dir/C_/dev/pico-sdk/src/common/pico_time/time.c.obj
 *fill*         0x10004623        0x1 
 .rodata.__func__.2
                0x10004624       0x17 CMakeFiles/audio_passthrough_tx.dir/C_/dev/pico-sdk/src/common/pico_time/time.c.obj
 .rodata.timer_hardware_alarm_claim.str1.4
                0x1000463b       0x22 CMakeFiles/audio_passthrough_tx.dir/C_/dev/pico-sdk/src/rp2_common/hardware_timer/timer.c.obj
 .rodata.pll_init.str1.4
                0x1000463b      0x108 CMakeFiles/audio_passthrough_tx.dir/C_/dev/pico-sdk/src/rp2_common/hardware_pll/pll.c.obj
 *fill*         0x1000463b        0x1 
 .rodata.__func__.0
                0x1000463c        0x9 CMakeFiles/audio_passthrough_tx.dir/C_/dev/pico-sdk/src/rp2_common/hardware_pll/pll.c.obj
 .rodata.check_alloc.str1.4
                0x10004645        0xe CMakeFiles/audio_passthrough_tx.dir/C_/dev/pico-sdk/src/rp2_common/pico_malloc/malloc.c.obj
 .rodata.str1.4
                0x10004645       0x4c CMakeFiles/audio_passthrough_tx.dir/C_/dev/pico-sdk/src/rp2_common/pico_standard_binary_info/standard_binary_info.c.obj
 *fill*         0x10004645        0x3 
 .rodata.__bi_84
                0x10004648        0xc CMakeFiles/audio_passthrough_tx.dir/C_/dev/pico-sdk/src/rp2_common/pico_standard_binary_info/standard_binary_info.c.obj
 .rodata.__bi_78
                0x10004654        0xc CMakeFiles/audio_passthrough_tx.dir/C_/dev/pico-sdk/src/rp2_common/pico_standard_binary_info/standard_binary_info.c.obj
 .rodata.__bi_54
                0x10004660        0xc CMakeFiles/audio_passthrough_tx.dir/C_/dev/pico-sdk/src/rp2_common/pico_standard_binary_info/standard_binary_info.c.obj
 .rodata.__bi_48
                0x1000466c        0xc CMakeFiles/audio_passthrough_tx.dir/C_/dev/pico-sdk/src/rp2_common/pico_standard_binary_info/standard_binary_info.c.obj
 .rodata.__bi_42
                0x10004678        0xc CMakeFiles/audio_passthrough_tx.dir/C_/dev/pico-sdk/src/rp2_common/pico_standard_binary_info/standard_binary_info.c.obj
 .rodata.__bi_34
                0x10004684        0xc CMakeFiles/audio_passthrough_tx.dir/C_/dev/pico-sdk/src/rp2_common/pico_standard_binary_info/standard_binary_info.c.obj
 .rodata.__bi_26
                0x10004690        0xc CMakeFiles/audio_passthrough_tx.dir/C_/dev/pico-sdk/src/rp2_common/pico_standard_binary_info/standard_binary_info.c.obj
 .rodata._ftoa.str1.4
                0x1000469c       0x15 CMakeFiles/audio_passthrough_tx.dir/C_/dev/pico-sdk/src/rp2_common/pico_printf/printf.c.obj
 *fill*         0x1000469c        0x4 
 .rodata.pow10.0
                0x100046a0       0x50 CMakeFiles/audio_passthrough_tx.dir/C_/dev/pico-sdk/src/rp2_common/pico_printf/printf.c.obj
 .rodata.__assert_func.str1.4
                0x100046f0       0x43 CMakeFiles/audio_passthrough_tx.dir/C_/dev/pico-sdk/src/rp2_common/pico_clib_interface/newlib_interface.c.obj
 .rodata.crlf_str.0
                0x100046f0        0x2 CMakeFiles/audio_passthrough_tx.dir/C_/dev/pico-sdk/src/rp2_common/pico_stdio/stdio.c.obj
 .rodata.dma_claim_unused_channel.str1.4
                0x100046f2       0x1e CMakeFiles/audio_passthrough_tx.dir/C_/dev/pico-sdk/src/rp2_common/hardware_dma/dma.c.obj
 .rodata.find_offset_for_program.str1.4
                0x100046f2       0x5e CMakeFiles/audio_passthrough_tx.dir/C_/dev/pico-sdk/src/rp2_common/hardware_pio/pio.c.obj
 *fill*         0x100046f2        0x2 
 .rodata.__func__.1
                0x100046f4       0x18 CMakeFiles/audio_passthrough_tx.dir/C_/dev/pico-sdk/src/rp2_common/hardware_pio/pio.c.obj
 *(.srodata*)
                0x1000470c                        . = ALIGN (0x4)
 *(SORT_BY_ALIGNMENT(SORT_BY_NAME(.flashdata*)))
                0x1000470c                        . = ALIGN (0x4)

.ARM.extab
 *(.ARM.extab* .gnu.linkonce.armextab.*)
                0x1000470c                        __exidx_start = .

.ARM.exidx      0x1000470c        0x8
 *(.ARM.exidx* .gnu.linkonce.armexidx.*)
 .ARM.exidx     0x1000470c        0x8 C:/PROGRA~2/ARMGNU~1/14EFD8~1.2RE/bin/../lib/gcc/arm-none-eabi/14.2.1/thumb/v8-m.main+fp/softfp\libg.a(libc_a-memcpy.o)
 .ARM.exidx.text.__udivmoddi4
                0x10004714        0x0 C:/PROGRA~2/ARMGNU~1/14EFD8~1.2RE/bin/../lib/gcc/arm-none-eabi/14.2.1/thumb/v8-m.main+fp/softfp\libgcc.a(_udivmoddi4.o)
                                  0x8 (size before relaxing)
                0x10004714                        __exidx_end = .
                0x10004714                        . = ALIGN (0x4)
                0x10004714                        __binary_info_start = .

.binary_info    0x10004714       0x1c
 *(.binary_info.keep.*)
 .binary_info.keep.__bi_ptr84
                0x10004714        0x4 CMakeFiles/audio_passthrough_tx.dir/C_/dev/pico-sdk/src/rp2_common/pico_standard_binary_info/standard_binary_info.c.obj
 .binary_info.keep.__bi_ptr78
                0x10004718        0x4 CMakeFiles/audio_passthrough_tx.dir/C_/dev/pico-sdk/src/rp2_common/pico_standard_binary_info/standard_binary_info.c.obj
 .binary_info.keep.__bi_ptr54
                0x1000471c        0x4 CMakeFiles/audio_passthrough_tx.dir/C_/dev/pico-sdk/src/rp2_common/pico_standard_binary_info/standard_binary_info.c.obj
 .binary_info.keep.__bi_ptr48
                0x10004720        0x4 CMakeFiles/audio_passthrough_tx.dir/C_/dev/pico-sdk/src/rp2_common/pico_standard_binary_info/standard_binary_info.c.obj
 .binary_info.keep.__bi_ptr42
                0x10004724        0x4 CMakeFiles/audio_passthrough_tx.dir/C_/dev/pico-sdk/src/rp2_common/pico_standard_binary_info/standard_binary_info.c.obj
 .binary_info.keep.__bi_ptr34
                0x10004728        0x4 CMakeFiles/audio_passthrough_tx.dir/C_/dev/pico-sdk/src/rp2_common/pico_standard_binary_info/standard_binary_info.c.obj
 .binary_info.keep.__bi_ptr26
                0x1000472c        0x4 CMakeFiles/audio_passthrough_tx.dir/C_/dev/pico-sdk/src/rp2_common/pico_standard_binary_info/standard_binary_info.c.obj
 *(.binary_info.*)
                0x10004730                        __binary_info_end = .
                0x10004730                        . = ALIGN (0x4)

.ram_vector_table
                0x20000000      0x110
 *(.ram_vector_table)
 .ram_vector_table
                0x20000000      0x110 CMakeFiles/audio_passthrough_tx.dir/C_/dev/pico-sdk/src/rp2_common/pico_runtime_init/runtime_init.c.obj
                0x20000000                ram_vector_table

.uninitialized_data
                0x20000110        0x0
                0x20000110                        . = ALIGN (0x4)
 *(.uninitialized_data*)

.data           0x20000110      0xa78 load address 0x10004730
                0x20000110                        __data_start__ = .
 *(vtable)
 *(.time_critical*)
 .time_critical.mutex_try_enter
                0x20000110       0x58 CMakeFiles/audio_passthrough_tx.dir/C_/dev/pico-sdk/src/common/pico_sync/mutex.c.obj
                0x20000110                mutex_try_enter
 .time_critical.mutex_enter_block_until
                0x20000168       0x84 CMakeFiles/audio_passthrough_tx.dir/C_/dev/pico-sdk/src/common/pico_sync/mutex.c.obj
                0x20000168                mutex_enter_block_until
 .time_critical.mutex_try_enter_block_until
                0x200001ec       0x32 CMakeFiles/audio_passthrough_tx.dir/C_/dev/pico-sdk/src/common/pico_sync/mutex.c.obj
                0x200001ec                mutex_try_enter_block_until
 *fill*         0x2000021e        0x2 
 .time_critical.mutex_exit
                0x20000220       0x58 CMakeFiles/audio_passthrough_tx.dir/C_/dev/pico-sdk/src/common/pico_sync/mutex.c.obj
                0x20000220                mutex_exit
 *(.text*)
 .text          0x20000278       0x30 C:/PROGRA~2/ARMGNU~1/14EFD8~1.2RE/bin/../lib/gcc/arm-none-eabi/14.2.1/thumb/v8-m.main+fp/softfp\libgcc.a(_aeabi_uldivmod.o)
                0x20000278                __aeabi_uldivmod
 .text.__udivmoddi4
                0x200002a8      0x34c C:/PROGRA~2/ARMGNU~1/14EFD8~1.2RE/bin/../lib/gcc/arm-none-eabi/14.2.1/thumb/v8-m.main+fp/softfp\libgcc.a(_udivmoddi4.o)
                0x200002a8                __udivmoddi4
 .text          0x200005f4        0x4 C:/PROGRA~2/ARMGNU~1/14EFD8~1.2RE/bin/../lib/gcc/arm-none-eabi/14.2.1/thumb/v8-m.main+fp/softfp\libgcc.a(_dvmd_tls.o)
                0x200005f4                __aeabi_idiv0
                0x200005f4                __aeabi_ldiv0
 .text.__stub   0x200005f8       0x10 linker stubs
                0x20000608                        . = ALIGN (0x4)
 *(.rodata*)
                0x20000608                        . = ALIGN (0x4)
 *(.data*)
 .data.dma_chan_rx
                0x20000608        0x4 CMakeFiles/audio_passthrough_tx.dir/main_passthrough_tx.c.obj
 .data.striped_spin_lock_num
                0x2000060c        0x1 CMakeFiles/audio_passthrough_tx.dir/C_/dev/pico-sdk/src/rp2_common/hardware_sync/sync.c.obj
 *fill*         0x2000060d        0x3 
 .data.default_alarm_pool
                0x20000610       0x18 CMakeFiles/audio_passthrough_tx.dir/C_/dev/pico-sdk/src/common/pico_time/time.c.obj
 .data.__malloc_sbrk_base
                0x20000628        0x4 C:/PROGRA~2/ARMGNU~1/14EFD8~1.2RE/bin/../lib/gcc/arm-none-eabi/14.2.1/thumb/v8-m.main+fp/softfp\libg.a(libc_a-mallocr.o)
                0x20000628                __malloc_sbrk_base
 .data.__malloc_trim_threshold
                0x2000062c        0x4 C:/PROGRA~2/ARMGNU~1/14EFD8~1.2RE/bin/../lib/gcc/arm-none-eabi/14.2.1/thumb/v8-m.main+fp/softfp\libg.a(libc_a-mallocr.o)
                0x2000062c                __malloc_trim_threshold
 .data.__malloc_av_
                0x20000630      0x408 C:/PROGRA~2/ARMGNU~1/14EFD8~1.2RE/bin/../lib/gcc/arm-none-eabi/14.2.1/thumb/v8-m.main+fp/softfp\libg.a(libc_a-mallocr.o)
                0x20000630                __malloc_av_
 .data._impure_ptr
                0x20000a38        0x4 C:/PROGRA~2/ARMGNU~1/14EFD8~1.2RE/bin/../lib/gcc/arm-none-eabi/14.2.1/thumb/v8-m.main+fp/softfp\libg.a(libc_a-impure.o)
                0x20000a38                _impure_ptr
 *fill*         0x20000a3c        0x4 
 .data._impure_data
                0x20000a40      0x140 C:/PROGRA~2/ARMGNU~1/14EFD8~1.2RE/bin/../lib/gcc/arm-none-eabi/14.2.1/thumb/v8-m.main+fp/softfp\libg.a(libc_a-impure.o)
                0x20000a40                _impure_data
 *(.sdata*)
                0x20000b80                        . = ALIGN (0x4)
 *(.after_data.*)
                0x20000b80                        . = ALIGN (0x4)
                0x20000b80                        PROVIDE (__mutex_array_start = .)
 *(SORT_BY_NAME(.mutex_array.*))
 *(.mutex_array)
 .mutex_array   0x20000b80        0x8 CMakeFiles/audio_passthrough_tx.dir/C_/dev/pico-sdk/src/rp2_common/pico_stdio/stdio.c.obj
                0x20000b88                        PROVIDE (__mutex_array_end = .)
 *(.jcr)
                0x20000b88                        . = ALIGN (0x4)

.tm_clone_table
                0x20000b88        0x0 load address 0x100051a8
 .tm_clone_table
                0x20000b88        0x0 C:/PROGRA~2/ARMGNU~1/14EFD8~1.2RE/bin/../lib/gcc/arm-none-eabi/14.2.1/thumb/v8-m.main+fp/softfp/crtbegin.o
 .tm_clone_table
                0x20000b88        0x0 C:/PROGRA~2/ARMGNU~1/14EFD8~1.2RE/bin/../lib/gcc/arm-none-eabi/14.2.1/thumb/v8-m.main+fp/softfp/crtend.o

.igot.plt       0x20000b88        0x0 load address 0x100051a8
 .igot.plt      0x20000b88        0x0 C:/PROGRA~2/ARMGNU~1/14EFD8~1.2RE/bin/../lib/gcc/arm-none-eabi/14.2.1/thumb/v8-m.main+fp/softfp/crtbegin.o

.tdata          0x20000b88        0x0 load address 0x100051a8
                0x20000b88                        . = ALIGN (0x4)
 *(.tdata .tdata.* .gnu.linkonce.td.*)
                0x20000b88                        __tdata_end = .
                0x20000b88                        PROVIDE (__data_end__ = .)
                0x10004730                        __etext = LOADADDR (.data)

.tbss           0x20000b88        0x0 load address 0x100051a8
                0x20000b88                        . = ALIGN (0x4)
                0x20000b88                        __bss_start__ = .
                0x20000b88                        __tls_base = .
 *(.tbss .tbss.* .gnu.linkonce.tb.*)
 *(.tcommon)
                0x20000b88                        __tls_end = .

.bss            0x20000b88      0xba0 load address 0x100051a8
                0x20000b88                        . = ALIGN (0x4)
                0x20000b88                        __tbss_end = .
 *(SORT_BY_ALIGNMENT(SORT_BY_NAME(.bss*)))
 .bss.default_alarm_pool_entries
                0x20000b88      0x180 CMakeFiles/audio_passthrough_tx.dir/C_/dev/pico-sdk/src/common/pico_time/time.c.obj
 .bss.__lock___malloc_recursive_mutex
                0x20000d08        0x1 C:/PROGRA~2/ARMGNU~1/14EFD8~1.2RE/bin/../lib/gcc/arm-none-eabi/14.2.1/thumb/v8-m.main+fp/softfp\libg.a(libc_a-lock.o)
                0x20000d08                __lock___malloc_recursive_mutex
 *fill*         0x20000d09        0x3 
 .bss.__malloc_current_mallinfo
                0x20000d0c       0x28 C:/PROGRA~2/ARMGNU~1/14EFD8~1.2RE/bin/../lib/gcc/arm-none-eabi/14.2.1/thumb/v8-m.main+fp/softfp\libg.a(libc_a-mallocr.o)
                0x20000d0c                __malloc_current_mallinfo
 .bss.__malloc_max_sbrked_mem
                0x20000d34        0x4 C:/PROGRA~2/ARMGNU~1/14EFD8~1.2RE/bin/../lib/gcc/arm-none-eabi/14.2.1/thumb/v8-m.main+fp/softfp\libg.a(libc_a-mallocr.o)
                0x20000d34                __malloc_max_sbrked_mem
 .bss.__malloc_max_total_mem
                0x20000d38        0x4 C:/PROGRA~2/ARMGNU~1/14EFD8~1.2RE/bin/../lib/gcc/arm-none-eabi/14.2.1/thumb/v8-m.main+fp/softfp\libg.a(libc_a-mallocr.o)
                0x20000d38                __malloc_max_total_mem
 .bss.__malloc_top_pad
                0x20000d3c        0x4 C:/PROGRA~2/ARMGNU~1/14EFD8~1.2RE/bin/../lib/gcc/arm-none-eabi/14.2.1/thumb/v8-m.main+fp/softfp\libg.a(libc_a-mallocr.o)
                0x20000d3c                __malloc_top_pad
 .bss.__sf      0x20000d40      0x138 C:/PROGRA~2/ARMGNU~1/14EFD8~1.2RE/bin/../lib/gcc/arm-none-eabi/14.2.1/thumb/v8-m.main+fp/softfp\libg.a(libc_a-findfp.o)
                0x20000d40                __sf
 .bss._sw_spin_locks
                0x20000e78       0x20 CMakeFiles/audio_passthrough_tx.dir/C_/dev/pico-sdk/src/rp2_common/hardware_sync_spin_lock/sync_spin_lock.c.obj
                0x20000e78                _sw_spin_locks
 .bss._used_instruction_space
                0x20000e98        0xc CMakeFiles/audio_passthrough_tx.dir/C_/dev/pico-sdk/src/rp2_common/hardware_pio/pio.c.obj
 .bss.claimed   0x20000ea4        0x2 CMakeFiles/audio_passthrough_tx.dir/C_/dev/pico-sdk/src/rp2_common/hardware_timer/timer.c.obj
 *fill*         0x20000ea6        0x2 
 .bss.configured_freq
                0x20000ea8       0x28 CMakeFiles/audio_passthrough_tx.dir/C_/dev/pico-sdk/src/rp2_common/hardware_clocks/clocks.c.obj
 .bss.dma_block_ready
                0x20000ed0        0x2 CMakeFiles/audio_passthrough_tx.dir/main_passthrough_tx.c.obj
 *fill*         0x20000ed2        0x2 
 .bss.dma_rx_buffers
                0x20000ed4      0x800 CMakeFiles/audio_passthrough_tx.dir/main_passthrough_tx.c.obj
 .bss.drivers   0x200016d4        0x4 CMakeFiles/audio_passthrough_tx.dir/C_/dev/pico-sdk/src/rp2_common/pico_stdio/stdio.c.obj
 .bss.errno     0x200016d8        0x4 C:/PROGRA~2/ARMGNU~1/14EFD8~1.2RE/bin/../lib/gcc/arm-none-eabi/14.2.1/thumb/v8-m.main+fp/softfp\libg.a(libc_a-reent.o)
                0x200016d8                errno
 .bss.filter    0x200016dc        0x4 CMakeFiles/audio_passthrough_tx.dir/C_/dev/pico-sdk/src/rp2_common/pico_stdio/stdio.c.obj
 .bss.heap_end.0
                0x200016e0        0x4 CMakeFiles/audio_passthrough_tx.dir/C_/dev/pico-sdk/src/rp2_common/pico_clib_interface/newlib_interface.c.obj
 .bss.object.0  0x200016e4       0x18 C:/PROGRA~2/ARMGNU~1/14EFD8~1.2RE/bin/../lib/gcc/arm-none-eabi/14.2.1/thumb/v8-m.main+fp/softfp/crtbegin.o
 .bss.pools     0x200016fc       0x20 CMakeFiles/audio_passthrough_tx.dir/C_/dev/pico-sdk/src/common/pico_time/time.c.obj
 .bss.sleep_notifier
                0x2000171c        0x4 CMakeFiles/audio_passthrough_tx.dir/C_/dev/pico-sdk/src/common/pico_time/time.c.obj
 .bss.uart_char_to_line_feed
                0x20001720        0x4 CMakeFiles/audio_passthrough_tx.dir/C_/dev/pico-sdk/src/rp2_common/hardware_uart/uart.c.obj
                0x20001720                uart_char_to_line_feed
 .bss._claimed  0x20001724        0x2 CMakeFiles/audio_passthrough_tx.dir/C_/dev/pico-sdk/src/rp2_common/hardware_dma/dma.c.obj
 .bss.dma_active_write_idx
                0x20001726        0x1 CMakeFiles/audio_passthrough_tx.dir/main_passthrough_tx.c.obj
 *(COMMON)
                [!provide]                        PROVIDE (__global_pointer$ = (. + 0x800))
 *(.sbss*)
                0x20001728                        . = ALIGN (0x4)
 *fill*         0x20001727        0x1 
                0x20001728                        __bss_end__ = .

.heap           0x20001728      0x800 load address 0x100051a8
                0x20001728                        __end__ = .
                0x20001728                        end = __end__
 *(.heap*)
 .heap          0x20001728      0x800 CMakeFiles/audio_passthrough_tx.dir/C_/dev/pico-sdk/src/rp2_common/pico_crt0/crt0.S.obj
                0x20080000                        __HeapLimit = (ORIGIN (RAM) + LENGTH (RAM))

.scratch_x      0x20080000        0x0 load address 0x100051a8
                0x20080000                        __scratch_x_start__ = .
 *(.scratch_x.*)
                0x20080000                        . = ALIGN (0x4)
                0x20080000                        __scratch_x_end__ = .
                0x100051a8                        __scratch_x_source__ = LOADADDR (.scratch_x)

.scratch_y      0x20081000        0x0 load address 0x100051a8
                0x20081000                        __scratch_y_start__ = .
 *(.scratch_y.*)
                0x20081000                        . = ALIGN (0x4)
                0x20081000                        __scratch_y_end__ = .
                0x100051a8                        __scratch_y_source__ = LOADADDR (.scratch_y)

.stack1_dummy
 *(.stack1*)

.stack_dummy    0x20081000      0x800
 *(.stack*)
 .stack         0x20081000      0x800 CMakeFiles/audio_passthrough_tx.dir/C_/dev/pico-sdk/src/rp2_common/pico_crt0/crt0.S.obj

.flash_end      0x100051a8       0x14
 *(.embedded_end_block*)
 .embedded_end_block
                0x100051a8       0x14 CMakeFiles/audio_passthrough_tx.dir/C_/dev/pico-sdk/src/rp2_common/pico_crt0/crt0.S.obj
                0x100051bc                        PROVIDE (__flash_binary_end = .)
                0x20080000                        __StackLimit = (ORIGIN (RAM) + LENGTH (RAM))
                0x20081000                        __StackOneTop = (ORIGIN (SCRATCH_X) + LENGTH (SCRATCH_X))
                0x20082000                        __StackTop = (ORIGIN (SCRATCH_Y) + LENGTH (SCRATCH_Y))
                0x20081000                        __StackOneBottom = (__StackOneTop - SIZEOF (.stack1_dummy))
                0x20081800                        __StackBottom = (__StackTop - SIZEOF (.stack_dummy))
                0x20082000                        PROVIDE (__stack = __StackTop)
                [!provide]                        PROVIDE (__heap_start = __end__)
                [!provide]                        PROVIDE (__heap_end = __HeapLimit)
                [!provide]                        PROVIDE (__tls_align = MAX (ALIGNOF (.tdata), ALIGNOF (.tbss)))
                [!provide]                        PROVIDE (__tls_size_align = (((__tls_size + __tls_align) - 0x1) & ~ ((__tls_align - 0x1))))
                [!provide]                        PROVIDE (__arm32_tls_tcb_offset = MAX (0x8, __tls_align))
                [!provide]                        PROVIDE (_end = __end__)
                [!provide]                        PROVIDE (__llvm_libc_heap_limit = __HeapLimit)
                0x00000001                        ASSERT ((__StackLimit >= __HeapLimit), region RAM overflowed)
                0x00000001                        ASSERT (((__binary_info_header_end - __logical_binary_start) <= 0x400), Binary info must be in first 1024 bytes of the binary)
                0x00000001                        ASSERT (((__embedded_block_end - __logical_binary_start) <= 0x1000), Embedded block must be in first 4096 bytes of the binary)
LOAD CMakeFiles/audio_passthrough_tx.dir/main_passthrough_tx.c.obj
LOAD CMakeFiles/audio_passthrough_tx.dir/C_/dev/pico-sdk/src/rp2_common/pico_stdlib/stdlib.c.obj
LOAD CMakeFiles/audio_passthrough_tx.dir/C_/dev/pico-sdk/src/rp2_common/hardware_gpio/gpio.c.obj
LOAD CMakeFiles/audio_passthrough_tx.dir/C_/dev/pico-sdk/src/rp2350/pico_platform/platform.c.obj
LOAD CMakeFiles/audio_passthrough_tx.dir/C_/dev/pico-sdk/src/rp2_common/pico_platform_common/common.c.obj
LOAD CMakeFiles/audio_passthrough_tx.dir/C_/dev/pico-sdk/src/rp2_common/pico_platform_panic/panic.c.obj
LOAD CMakeFiles/audio_passthrough_tx.dir/C_/dev/pico-sdk/src/common/hardware_claim/claim.c.obj
LOAD CMakeFiles/audio_passthrough_tx.dir/C_/dev/pico-sdk/src/rp2_common/hardware_sync/sync.c.obj
LOAD CMakeFiles/audio_passthrough_tx.dir/C_/dev/pico-sdk/src/rp2_common/hardware_sync_spin_lock/sync_spin_lock.c.obj
LOAD CMakeFiles/audio_passthrough_tx.dir/C_/dev/pico-sdk/src/rp2_common/hardware_irq/irq.c.obj
LOAD CMakeFiles/audio_passthrough_tx.dir/C_/dev/pico-sdk/src/rp2_common/hardware_irq/irq_handler_chain.S.obj
LOAD CMakeFiles/audio_passthrough_tx.dir/C_/dev/pico-sdk/src/common/pico_sync/sem.c.obj
LOAD CMakeFiles/audio_passthrough_tx.dir/C_/dev/pico-sdk/src/common/pico_sync/lock_core.c.obj
LOAD CMakeFiles/audio_passthrough_tx.dir/C_/dev/pico-sdk/src/common/pico_sync/mutex.c.obj
LOAD CMakeFiles/audio_passthrough_tx.dir/C_/dev/pico-sdk/src/common/pico_sync/critical_section.c.obj
LOAD CMakeFiles/audio_passthrough_tx.dir/C_/dev/pico-sdk/src/common/pico_time/time.c.obj
LOAD CMakeFiles/audio_passthrough_tx.dir/C_/dev/pico-sdk/src/common/pico_time/timeout_helper.c.obj
LOAD CMakeFiles/audio_passthrough_tx.dir/C_/dev/pico-sdk/src/rp2_common/hardware_timer/timer.c.obj
LOAD CMakeFiles/audio_passthrough_tx.dir/C_/dev/pico-sdk/src/common/pico_util/datetime.c.obj
LOAD CMakeFiles/audio_passthrough_tx.dir/C_/dev/pico-sdk/src/common/pico_util/pheap.c.obj
LOAD CMakeFiles/audio_passthrough_tx.dir/C_/dev/pico-sdk/src/common/pico_util/queue.c.obj
LOAD CMakeFiles/audio_passthrough_tx.dir/C_/dev/pico-sdk/src/rp2_common/hardware_uart/uart.c.obj
LOAD CMakeFiles/audio_passthrough_tx.dir/C_/dev/pico-sdk/src/rp2_common/hardware_clocks/clocks.c.obj
LOAD CMakeFiles/audio_passthrough_tx.dir/C_/dev/pico-sdk/src/rp2_common/hardware_pll/pll.c.obj
LOAD CMakeFiles/audio_passthrough_tx.dir/C_/dev/pico-sdk/src/rp2_common/hardware_vreg/vreg.c.obj
LOAD CMakeFiles/audio_passthrough_tx.dir/C_/dev/pico-sdk/src/rp2_common/hardware_watchdog/watchdog.c.obj
LOAD CMakeFiles/audio_passthrough_tx.dir/C_/dev/pico-sdk/src/rp2_common/hardware_ticks/ticks.c.obj
LOAD CMakeFiles/audio_passthrough_tx.dir/C_/dev/pico-sdk/src/rp2_common/pico_bootrom/bootrom.c.obj
LOAD CMakeFiles/audio_passthrough_tx.dir/C_/dev/pico-sdk/src/rp2_common/pico_bootrom/bootrom_lock.c.obj
LOAD CMakeFiles/audio_passthrough_tx.dir/C_/dev/pico-sdk/src/rp2_common/hardware_boot_lock/boot_lock.c.obj
LOAD CMakeFiles/audio_passthrough_tx.dir/C_/dev/pico-sdk/src/rp2_common/pico_flash/flash.c.obj
LOAD CMakeFiles/audio_passthrough_tx.dir/C_/dev/pico-sdk/src/rp2_common/hardware_xosc/xosc.c.obj
LOAD CMakeFiles/audio_passthrough_tx.dir/C_/dev/pico-sdk/src/rp2_common/hardware_divider/divider.c.obj
LOAD CMakeFiles/audio_passthrough_tx.dir/C_/dev/pico-sdk/src/rp2_common/pico_runtime/runtime.c.obj
LOAD CMakeFiles/audio_passthrough_tx.dir/C_/dev/pico-sdk/src/rp2_common/pico_runtime_init/runtime_init.c.obj
LOAD CMakeFiles/audio_passthrough_tx.dir/C_/dev/pico-sdk/src/rp2_common/pico_runtime_init/runtime_init_clocks.c.obj
LOAD CMakeFiles/audio_passthrough_tx.dir/C_/dev/pico-sdk/src/rp2_common/pico_runtime_init/runtime_init_stack_guard.c.obj
LOAD CMakeFiles/audio_passthrough_tx.dir/C_/dev/pico-sdk/src/rp2_common/pico_bit_ops/bit_ops_aeabi.S.obj
LOAD CMakeFiles/audio_passthrough_tx.dir/C_/dev/pico-sdk/src/rp2_common/pico_divider/divider_compiler.c.obj
LOAD CMakeFiles/audio_passthrough_tx.dir/C_/dev/pico-sdk/src/rp2_common/pico_double/double_math.c.obj
LOAD CMakeFiles/audio_passthrough_tx.dir/C_/dev/pico-sdk/src/rp2_common/pico_double/double_aeabi_dcp.S.obj
LOAD CMakeFiles/audio_passthrough_tx.dir/C_/dev/pico-sdk/src/rp2_common/pico_double/double_fma_dcp.S.obj
LOAD CMakeFiles/audio_passthrough_tx.dir/C_/dev/pico-sdk/src/rp2_common/pico_double/double_sci_m33.S.obj
LOAD CMakeFiles/audio_passthrough_tx.dir/C_/dev/pico-sdk/src/rp2_common/pico_double/double_conv_m33.S.obj
LOAD CMakeFiles/audio_passthrough_tx.dir/C_/dev/pico-sdk/src/rp2_common/pico_float/float_math.c.obj
LOAD CMakeFiles/audio_passthrough_tx.dir/C_/dev/pico-sdk/src/rp2_common/pico_float/float_conv32_vfp.S.obj
LOAD CMakeFiles/audio_passthrough_tx.dir/C_/dev/pico-sdk/src/rp2_common/pico_float/float_common_m33.S.obj
LOAD CMakeFiles/audio_passthrough_tx.dir/C_/dev/pico-sdk/src/rp2_common/pico_float/float_sci_m33_vfp.S.obj
LOAD CMakeFiles/audio_passthrough_tx.dir/C_/dev/pico-sdk/src/rp2_common/pico_malloc/malloc.c.obj
LOAD CMakeFiles/audio_passthrough_tx.dir/C_/dev/pico-sdk/src/rp2_common/pico_atomic/atomic.c.obj
LOAD CMakeFiles/audio_passthrough_tx.dir/C_/dev/pico-sdk/src/rp2_common/pico_cxx_options/new_delete.cpp.obj
LOAD CMakeFiles/audio_passthrough_tx.dir/C_/dev/pico-sdk/src/rp2_common/pico_standard_binary_info/standard_binary_info.c.obj
LOAD CMakeFiles/audio_passthrough_tx.dir/C_/dev/pico-sdk/src/rp2_common/pico_printf/printf.c.obj
LOAD CMakeFiles/audio_passthrough_tx.dir/C_/dev/pico-sdk/src/rp2_common/pico_crt0/crt0.S.obj
LOAD CMakeFiles/audio_passthrough_tx.dir/C_/dev/pico-sdk/src/rp2_common/pico_clib_interface/newlib_interface.c.obj
LOAD CMakeFiles/audio_passthrough_tx.dir/C_/dev/pico-sdk/src/rp2_common/pico_stdio/stdio.c.obj
LOAD CMakeFiles/audio_passthrough_tx.dir/C_/dev/pico-sdk/src/rp2_common/hardware_dma/dma.c.obj
LOAD CMakeFiles/audio_passthrough_tx.dir/C_/dev/pico-sdk/src/rp2_common/hardware_pio/pio.c.obj
LOAD pico-sdk/src/rp2350/boot_stage2/CMakeFiles/bs2_default_library.dir/./bs2_default_padded_checksummed.S.obj
LOAD C:/PROGRA~2/ARMGNU~1/14EFD8~1.2RE/bin/../lib/gcc/arm-none-eabi/14.2.1/thumb/v8-m.main+fp/softfp\libstdc++.a
LOAD C:/PROGRA~2/ARMGNU~1/14EFD8~1.2RE/bin/../lib/gcc/arm-none-eabi/14.2.1/thumb/v8-m.main+fp/softfp\libm.a
START GROUP
LOAD C:/PROGRA~2/ARMGNU~1/14EFD8~1.2RE/bin/../lib/gcc/arm-none-eabi/14.2.1/thumb/v8-m.main+fp/softfp\libgcc.a
LOAD C:/PROGRA~2/ARMGNU~1/14EFD8~1.2RE/bin/../lib/gcc/arm-none-eabi/14.2.1/thumb/v8-m.main+fp/softfp\libg.a
LOAD C:/PROGRA~2/ARMGNU~1/14EFD8~1.2RE/bin/../lib/gcc/arm-none-eabi/14.2.1/thumb/v8-m.main+fp/softfp\libc.a
END GROUP
START GROUP
LOAD C:/PROGRA~2/ARMGNU~1/14EFD8~1.2RE/bin/../lib/gcc/arm-none-eabi/14.2.1/thumb/v8-m.main+fp/softfp\libgcc.a
LOAD C:/PROGRA~2/ARMGNU~1/14EFD8~1.2RE/bin/../lib/gcc/arm-none-eabi/14.2.1/thumb/v8-m.main+fp/softfp\libc.a
LOAD C:/PROGRA~2/ARMGNU~1/14EFD8~1.2RE/bin/../lib/gcc/arm-none-eabi/14.2.1/thumb/v8-m.main+fp/softfp\libnosys.a
END GROUP
LOAD C:/PROGRA~2/ARMGNU~1/14EFD8~1.2RE/bin/../lib/gcc/arm-none-eabi/14.2.1/thumb/v8-m.main+fp/softfp/crtend.o
LOAD C:/PROGRA~2/ARMGNU~1/14EFD8~1.2RE/bin/../lib/gcc/arm-none-eabi/14.2.1/thumb/v8-m.main+fp/softfp/crtn.o
OUTPUT(audio_passthrough_tx.elf elf32-littlearm)
LOAD linker stubs

.rel.dyn        0x100051bc        0x0
 .rel.iplt      0x100051bc        0x0 C:/PROGRA~2/ARMGNU~1/14EFD8~1.2RE/bin/../lib/gcc/arm-none-eabi/14.2.1/thumb/v8-m.main+fp/softfp/crtbegin.o

.ARM.attributes
                0x00000000       0x34
 .ARM.attributes
                0x00000000       0x26 C:/PROGRA~2/ARMGNU~1/14EFD8~1.2RE/bin/../lib/gcc/arm-none-eabi/14.2.1/thumb/v8-m.main+fp/softfp/crti.o
 .ARM.attributes
                0x00000026       0x36 C:/PROGRA~2/ARMGNU~1/14EFD8~1.2RE/bin/../lib/gcc/arm-none-eabi/14.2.1/thumb/v8-m.main+fp/softfp/crtbegin.o
 .ARM.attributes
                0x0000005c       0x38 CMakeFiles/audio_passthrough_tx.dir/main_passthrough_tx.c.obj
 .ARM.attributes
                0x00000094       0x38 CMakeFiles/audio_passthrough_tx.dir/C_/dev/pico-sdk/src/rp2_common/hardware_gpio/gpio.c.obj
 .ARM.attributes
                0x000000cc       0x38 CMakeFiles/audio_passthrough_tx.dir/C_/dev/pico-sdk/src/rp2_common/pico_platform_panic/panic.c.obj
 .ARM.attributes
                0x00000104       0x38 CMakeFiles/audio_passthrough_tx.dir/C_/dev/pico-sdk/src/common/hardware_claim/claim.c.obj
 .ARM.attributes
                0x0000013c       0x38 CMakeFiles/audio_passthrough_tx.dir/C_/dev/pico-sdk/src/rp2_common/hardware_sync/sync.c.obj
 .ARM.attributes
                0x00000174       0x38 CMakeFiles/audio_passthrough_tx.dir/C_/dev/pico-sdk/src/rp2_common/hardware_sync_spin_lock/sync_spin_lock.c.obj
 .ARM.attributes
                0x000001ac       0x38 CMakeFiles/audio_passthrough_tx.dir/C_/dev/pico-sdk/src/rp2_common/hardware_irq/irq.c.obj
 .ARM.attributes
                0x000001e4       0x38 CMakeFiles/audio_passthrough_tx.dir/C_/dev/pico-sdk/src/common/pico_sync/lock_core.c.obj
 .ARM.attributes
                0x0000021c       0x38 CMakeFiles/audio_passthrough_tx.dir/C_/dev/pico-sdk/src/common/pico_sync/mutex.c.obj
 .ARM.attributes
                0x00000254       0x38 CMakeFiles/audio_passthrough_tx.dir/C_/dev/pico-sdk/src/common/pico_time/time.c.obj
 .ARM.attributes
                0x0000028c       0x38 CMakeFiles/audio_passthrough_tx.dir/C_/dev/pico-sdk/src/rp2_common/hardware_timer/timer.c.obj
 .ARM.attributes
                0x000002c4       0x38 CMakeFiles/audio_passthrough_tx.dir/C_/dev/pico-sdk/src/rp2_common/hardware_uart/uart.c.obj
 .ARM.attributes
                0x000002fc       0x38 CMakeFiles/audio_passthrough_tx.dir/C_/dev/pico-sdk/src/rp2_common/hardware_clocks/clocks.c.obj
 .ARM.attributes
                0x00000334       0x38 CMakeFiles/audio_passthrough_tx.dir/C_/dev/pico-sdk/src/rp2_common/hardware_pll/pll.c.obj
 .ARM.attributes
                0x0000036c       0x38 CMakeFiles/audio_passthrough_tx.dir/C_/dev/pico-sdk/src/rp2_common/hardware_ticks/ticks.c.obj
 .ARM.attributes
                0x000003a4       0x38 CMakeFiles/audio_passthrough_tx.dir/C_/dev/pico-sdk/src/rp2_common/pico_bootrom/bootrom.c.obj
 .ARM.attributes
                0x000003dc       0x38 CMakeFiles/audio_passthrough_tx.dir/C_/dev/pico-sdk/src/rp2_common/pico_bootrom/bootrom_lock.c.obj
 .ARM.attributes
                0x00000414       0x38 CMakeFiles/audio_passthrough_tx.dir/C_/dev/pico-sdk/src/rp2_common/hardware_boot_lock/boot_lock.c.obj
 .ARM.attributes
                0x0000044c       0x38 CMakeFiles/audio_passthrough_tx.dir/C_/dev/pico-sdk/src/rp2_common/hardware_xosc/xosc.c.obj
 .ARM.attributes
                0x00000484       0x38 CMakeFiles/audio_passthrough_tx.dir/C_/dev/pico-sdk/src/rp2_common/pico_runtime/runtime.c.obj
 .ARM.attributes
                0x000004bc       0x38 CMakeFiles/audio_passthrough_tx.dir/C_/dev/pico-sdk/src/rp2_common/pico_runtime_init/runtime_init.c.obj
 .ARM.attributes
                0x000004f4       0x38 CMakeFiles/audio_passthrough_tx.dir/C_/dev/pico-sdk/src/rp2_common/pico_runtime_init/runtime_init_clocks.c.obj
 .ARM.attributes
                0x0000052c       0x28 CMakeFiles/audio_passthrough_tx.dir/C_/dev/pico-sdk/src/rp2_common/pico_double/double_aeabi_dcp.S.obj
 .ARM.attributes
                0x00000554       0x38 CMakeFiles/audio_passthrough_tx.dir/C_/dev/pico-sdk/src/rp2_common/pico_malloc/malloc.c.obj
 .ARM.attributes
                0x0000058c       0x38 CMakeFiles/audio_passthrough_tx.dir/C_/dev/pico-sdk/src/rp2_common/pico_standard_binary_info/standard_binary_info.c.obj
 .ARM.attributes
                0x000005c4       0x38 CMakeFiles/audio_passthrough_tx.dir/C_/dev/pico-sdk/src/rp2_common/pico_printf/printf.c.obj
 .ARM.attributes
                0x000005fc       0x28 CMakeFiles/audio_passthrough_tx.dir/C_/dev/pico-sdk/src/rp2_common/pico_crt0/crt0.S.obj
 .ARM.attributes
                0x00000624       0x38 CMakeFiles/audio_passthrough_tx.dir/C_/dev/pico-sdk/src/rp2_common/pico_clib_interface/newlib_interface.c.obj
 .ARM.attributes
                0x0000065c       0x38 CMakeFiles/audio_passthrough_tx.dir/C_/dev/pico-sdk/src/rp2_common/pico_stdio/stdio.c.obj
 .ARM.attributes
                0x00000694       0x38 CMakeFiles/audio_passthrough_tx.dir/C_/dev/pico-sdk/src/rp2_common/hardware_dma/dma.c.obj
 .ARM.attributes
                0x000006cc       0x38 CMakeFiles/audio_passthrough_tx.dir/C_/dev/pico-sdk/src/rp2_common/hardware_pio/pio.c.obj
 .ARM.attributes
                0x00000704       0x26 C:/PROGRA~2/ARMGNU~1/14EFD8~1.2RE/bin/../lib/gcc/arm-none-eabi/14.2.1/thumb/v8-m.main+fp/softfp\libgcc.a(_aeabi_uldivmod.o)
 .ARM.attributes
                0x0000072a       0x36 C:/PROGRA~2/ARMGNU~1/14EFD8~1.2RE/bin/../lib/gcc/arm-none-eabi/14.2.1/thumb/v8-m.main+fp/softfp\libgcc.a(_udivmoddi4.o)
 .ARM.attributes
                0x00000760       0x26 C:/PROGRA~2/ARMGNU~1/14EFD8~1.2RE/bin/../lib/gcc/arm-none-eabi/14.2.1/thumb/v8-m.main+fp/softfp\libgcc.a(_dvmd_tls.o)
 .ARM.attributes
                0x00000786       0x36 C:/PROGRA~2/ARMGNU~1/14EFD8~1.2RE/bin/../lib/gcc/arm-none-eabi/14.2.1/thumb/v8-m.main+fp/softfp\libg.a(libc_a-calloc.o)
 .ARM.attributes
                0x000007bc       0x36 C:/PROGRA~2/ARMGNU~1/14EFD8~1.2RE/bin/../lib/gcc/arm-none-eabi/14.2.1/thumb/v8-m.main+fp/softfp\libg.a(libc_a-callocr.o)
 .ARM.attributes
                0x000007f2       0x36 C:/PROGRA~2/ARMGNU~1/14EFD8~1.2RE/bin/../lib/gcc/arm-none-eabi/14.2.1/thumb/v8-m.main+fp/softfp\libg.a(libc_a-mallocr.o)
 .ARM.attributes
                0x00000828       0x36 C:/PROGRA~2/ARMGNU~1/14EFD8~1.2RE/bin/../lib/gcc/arm-none-eabi/14.2.1/thumb/v8-m.main+fp/softfp\libg.a(libc_a-mlock.o)
 .ARM.attributes
                0x0000085e       0x36 C:/PROGRA~2/ARMGNU~1/14EFD8~1.2RE/bin/../lib/gcc/arm-none-eabi/14.2.1/thumb/v8-m.main+fp/softfp\libg.a(libc_a-memset.o)
 .ARM.attributes
                0x00000894       0x36 C:/PROGRA~2/ARMGNU~1/14EFD8~1.2RE/bin/../lib/gcc/arm-none-eabi/14.2.1/thumb/v8-m.main+fp/softfp\libg.a(libc_a-impure.o)
 .ARM.attributes
                0x000008ca       0x36 C:/PROGRA~2/ARMGNU~1/14EFD8~1.2RE/bin/../lib/gcc/arm-none-eabi/14.2.1/thumb/v8-m.main+fp/softfp\libg.a(libc_a-sbrkr.o)
 .ARM.attributes
                0x00000900       0x36 C:/PROGRA~2/ARMGNU~1/14EFD8~1.2RE/bin/../lib/gcc/arm-none-eabi/14.2.1/thumb/v8-m.main+fp/softfp\libg.a(libc_a-errno.o)
 .ARM.attributes
                0x00000936       0x36 C:/PROGRA~2/ARMGNU~1/14EFD8~1.2RE/bin/../lib/gcc/arm-none-eabi/14.2.1/thumb/v8-m.main+fp/softfp\libg.a(libc_a-lock.o)
 .ARM.attributes
                0x0000096c       0x36 C:/PROGRA~2/ARMGNU~1/14EFD8~1.2RE/bin/../lib/gcc/arm-none-eabi/14.2.1/thumb/v8-m.main+fp/softfp\libg.a(libc_a-sysconf.o)
 .ARM.attributes
                0x000009a2       0x24 C:/PROGRA~2/ARMGNU~1/14EFD8~1.2RE/bin/../lib/gcc/arm-none-eabi/14.2.1/thumb/v8-m.main+fp/softfp\libg.a(libc_a-memcpy.o)
 .ARM.attributes
                0x000009c6       0x36 C:/PROGRA~2/ARMGNU~1/14EFD8~1.2RE/bin/../lib/gcc/arm-none-eabi/14.2.1/thumb/v8-m.main+fp/softfp\libg.a(libc_a-strlen-stub.o)
 .ARM.attributes
                0x000009fc       0x36 C:/PROGRA~2/ARMGNU~1/14EFD8~1.2RE/bin/../lib/gcc/arm-none-eabi/14.2.1/thumb/v8-m.main+fp/softfp\libg.a(libc_a-freer.o)
 .ARM.attributes
                0x00000a32       0x36 C:/PROGRA~2/ARMGNU~1/14EFD8~1.2RE/bin/../lib/gcc/arm-none-eabi/14.2.1/thumb/v8-m.main+fp/softfp\libg.a(libc_a-findfp.o)
 .ARM.attributes
                0x00000a68       0x36 C:/PROGRA~2/ARMGNU~1/14EFD8~1.2RE/bin/../lib/gcc/arm-none-eabi/14.2.1/thumb/v8-m.main+fp/softfp\libg.a(libc_a-reent.o)
 .ARM.attributes
                0x00000a9e       0x36 C:/PROGRA~2/ARMGNU~1/14EFD8~1.2RE/bin/../lib/gcc/arm-none-eabi/14.2.1/thumb/v8-m.main+fp/softfp/crtend.o

.comment        0x00000000       0x45
 .comment       0x00000000       0x45 CMakeFiles/audio_passthrough_tx.dir/main_passthrough_tx.c.obj
                                 0x46 (size before relaxing)
 .comment       0x00000045       0x46 CMakeFiles/audio_passthrough_tx.dir/C_/dev/pico-sdk/src/rp2_common/hardware_gpio/gpio.c.obj
 .comment       0x00000045       0x46 CMakeFiles/audio_passthrough_tx.dir/C_/dev/pico-sdk/src/rp2_common/pico_platform_panic/panic.c.obj
 .comment       0x00000045       0x46 CMakeFiles/audio_passthrough_tx.dir/C_/dev/pico-sdk/src/common/hardware_claim/claim.c.obj
 .comment       0x00000045       0x46 CMakeFiles/audio_passthrough_tx.dir/C_/dev/pico-sdk/src/rp2_common/hardware_sync/sync.c.obj
 .comment       0x00000045       0x46 CMakeFiles/audio_passthrough_tx.dir/C_/dev/pico-sdk/src/rp2_common/hardware_sync_spin_lock/sync_spin_lock.c.obj
 .comment       0x00000045       0x46 CMakeFiles/audio_passthrough_tx.dir/C_/dev/pico-sdk/src/rp2_common/hardware_irq/irq.c.obj
 .comment       0x00000045       0x46 CMakeFiles/audio_passthrough_tx.dir/C_/dev/pico-sdk/src/common/pico_sync/lock_core.c.obj
 .comment       0x00000045       0x46 CMakeFiles/audio_passthrough_tx.dir/C_/dev/pico-sdk/src/common/pico_sync/mutex.c.obj
 .comment       0x00000045       0x46 CMakeFiles/audio_passthrough_tx.dir/C_/dev/pico-sdk/src/common/pico_time/time.c.obj
 .comment       0x00000045       0x46 CMakeFiles/audio_passthrough_tx.dir/C_/dev/pico-sdk/src/rp2_common/hardware_timer/timer.c.obj
 .comment       0x00000045       0x46 CMakeFiles/audio_passthrough_tx.dir/C_/dev/pico-sdk/src/rp2_common/hardware_uart/uart.c.obj
 .comment       0x00000045       0x46 CMakeFiles/audio_passthrough_tx.dir/C_/dev/pico-sdk/src/rp2_common/hardware_clocks/clocks.c.obj
 .comment       0x00000045       0x46 CMakeFiles/audio_passthrough_tx.dir/C_/dev/pico-sdk/src/rp2_common/hardware_pll/pll.c.obj
 .comment       0x00000045       0x46 CMakeFiles/audio_passthrough_tx.dir/C_/dev/pico-sdk/src/rp2_common/hardware_ticks/ticks.c.obj
 .comment       0x00000045       0x46 CMakeFiles/audio_passthrough_tx.dir/C_/dev/pico-sdk/src/rp2_common/pico_bootrom/bootrom.c.obj
 .comment       0x00000045       0x46 CMakeFiles/audio_passthrough_tx.dir/C_/dev/pico-sdk/src/rp2_common/pico_bootrom/bootrom_lock.c.obj
 .comment       0x00000045       0x46 CMakeFiles/audio_passthrough_tx.dir/C_/dev/pico-sdk/src/rp2_common/hardware_boot_lock/boot_lock.c.obj
 .comment       0x00000045       0x46 CMakeFiles/audio_passthrough_tx.dir/C_/dev/pico-sdk/src/rp2_common/hardware_xosc/xosc.c.obj
 .comment       0x00000045       0x46 CMakeFiles/audio_passthrough_tx.dir/C_/dev/pico-sdk/src/rp2_common/pico_runtime/runtime.c.obj
 .comment       0x00000045       0x46 CMakeFiles/audio_passthrough_tx.dir/C_/dev/pico-sdk/src/rp2_common/pico_runtime_init/runtime_init.c.obj
 .comment       0x00000045       0x46 CMakeFiles/audio_passthrough_tx.dir/C_/dev/pico-sdk/src/rp2_common/pico_runtime_init/runtime_init_clocks.c.obj
 .comment       0x00000045       0x46 CMakeFiles/audio_passthrough_tx.dir/C_/dev/pico-sdk/src/rp2_common/pico_malloc/malloc.c.obj
 .comment       0x00000045       0x46 CMakeFiles/audio_passthrough_tx.dir/C_/dev/pico-sdk/src/rp2_common/pico_standard_binary_info/standard_binary_info.c.obj
 .comment       0x00000045       0x46 CMakeFiles/audio_passthrough_tx.dir/C_/dev/pico-sdk/src/rp2_common/pico_printf/printf.c.obj
 .comment       0x00000045       0x46 CMakeFiles/audio_passthrough_tx.dir/C_/dev/pico-sdk/src/rp2_common/pico_clib_interface/newlib_interface.c.obj
 .comment       0x00000045       0x46 CMakeFiles/audio_passthrough_tx.dir/C_/dev/pico-sdk/src/rp2_common/pico_stdio/stdio.c.obj
 .comment       0x00000045       0x46 CMakeFiles/audio_passthrough_tx.dir/C_/dev/pico-sdk/src/rp2_common/hardware_dma/dma.c.obj
 .comment       0x00000045       0x46 CMakeFiles/audio_passthrough_tx.dir/C_/dev/pico-sdk/src/rp2_common/hardware_pio/pio.c.obj

.debug_info     0x00000000    0x200b7
 .debug_info    0x00000000     0x3b40 CMakeFiles/audio_passthrough_tx.dir/main_passthrough_tx.c.obj
 .debug_info    0x00003b40     0x1c5b CMakeFiles/audio_passthrough_tx.dir/C_/dev/pico-sdk/src/rp2_common/hardware_gpio/gpio.c.obj
 .debug_info    0x0000579b      0x1b3 CMakeFiles/audio_passthrough_tx.dir/C_/dev/pico-sdk/src/rp2_common/pico_platform_panic/panic.c.obj
 .debug_info    0x0000594e      0x745 CMakeFiles/audio_passthrough_tx.dir/C_/dev/pico-sdk/src/common/hardware_claim/claim.c.obj
 .debug_info    0x00006093      0x47d CMakeFiles/audio_passthrough_tx.dir/C_/dev/pico-sdk/src/rp2_common/hardware_sync/sync.c.obj
 .debug_info    0x00006510     0x152a CMakeFiles/audio_passthrough_tx.dir/C_/dev/pico-sdk/src/rp2_common/hardware_sync_spin_lock/sync_spin_lock.c.obj
 .debug_info    0x00007a3a     0x2427 CMakeFiles/audio_passthrough_tx.dir/C_/dev/pico-sdk/src/rp2_common/hardware_irq/irq.c.obj
 .debug_info    0x00009e61      0x1cf CMakeFiles/audio_passthrough_tx.dir/C_/dev/pico-sdk/src/common/pico_sync/lock_core.c.obj
 .debug_info    0x0000a030     0x1f13 CMakeFiles/audio_passthrough_tx.dir/C_/dev/pico-sdk/src/common/pico_sync/mutex.c.obj
 .debug_info    0x0000bf43     0x3879 CMakeFiles/audio_passthrough_tx.dir/C_/dev/pico-sdk/src/common/pico_time/time.c.obj
 .debug_info    0x0000f7bc     0x1ea5 CMakeFiles/audio_passthrough_tx.dir/C_/dev/pico-sdk/src/rp2_common/hardware_timer/timer.c.obj
 .debug_info    0x00011661     0x13da CMakeFiles/audio_passthrough_tx.dir/C_/dev/pico-sdk/src/rp2_common/hardware_uart/uart.c.obj
 .debug_info    0x00012a3b     0x167c CMakeFiles/audio_passthrough_tx.dir/C_/dev/pico-sdk/src/rp2_common/hardware_clocks/clocks.c.obj
 .debug_info    0x000140b7      0x67c CMakeFiles/audio_passthrough_tx.dir/C_/dev/pico-sdk/src/rp2_common/hardware_pll/pll.c.obj
 .debug_info    0x00014733      0x2d6 CMakeFiles/audio_passthrough_tx.dir/C_/dev/pico-sdk/src/rp2_common/hardware_ticks/ticks.c.obj
 .debug_info    0x00014a09     0x1030 CMakeFiles/audio_passthrough_tx.dir/C_/dev/pico-sdk/src/rp2_common/pico_bootrom/bootrom.c.obj
 .debug_info    0x00015a39      0x1d5 CMakeFiles/audio_passthrough_tx.dir/C_/dev/pico-sdk/src/rp2_common/pico_bootrom/bootrom_lock.c.obj
 .debug_info    0x00015c0e      0x334 CMakeFiles/audio_passthrough_tx.dir/C_/dev/pico-sdk/src/rp2_common/hardware_boot_lock/boot_lock.c.obj
 .debug_info    0x00015f42      0x1b5 CMakeFiles/audio_passthrough_tx.dir/C_/dev/pico-sdk/src/rp2_common/hardware_xosc/xosc.c.obj
 .debug_info    0x000160f7      0x1bc CMakeFiles/audio_passthrough_tx.dir/C_/dev/pico-sdk/src/rp2_common/pico_runtime/runtime.c.obj
 .debug_info    0x000162b3     0x1c5d CMakeFiles/audio_passthrough_tx.dir/C_/dev/pico-sdk/src/rp2_common/pico_runtime_init/runtime_init.c.obj
 .debug_info    0x00017f10      0x7b0 CMakeFiles/audio_passthrough_tx.dir/C_/dev/pico-sdk/src/rp2_common/pico_runtime_init/runtime_init_clocks.c.obj
 .debug_info    0x000186c0       0x23 CMakeFiles/audio_passthrough_tx.dir/C_/dev/pico-sdk/src/rp2_common/pico_double/double_aeabi_dcp.S.obj
 .debug_info    0x000186e3      0x315 CMakeFiles/audio_passthrough_tx.dir/C_/dev/pico-sdk/src/rp2_common/pico_malloc/malloc.c.obj
 .debug_info    0x000189f8      0x2b8 CMakeFiles/audio_passthrough_tx.dir/C_/dev/pico-sdk/src/rp2_common/pico_standard_binary_info/standard_binary_info.c.obj
 .debug_info    0x00018cb0     0x1959 CMakeFiles/audio_passthrough_tx.dir/C_/dev/pico-sdk/src/rp2_common/pico_printf/printf.c.obj
 .debug_info    0x0001a609       0x23 CMakeFiles/audio_passthrough_tx.dir/C_/dev/pico-sdk/src/rp2_common/pico_crt0/crt0.S.obj
 .debug_info    0x0001a62c      0xcab CMakeFiles/audio_passthrough_tx.dir/C_/dev/pico-sdk/src/rp2_common/pico_clib_interface/newlib_interface.c.obj
 .debug_info    0x0001b2d7     0x146e CMakeFiles/audio_passthrough_tx.dir/C_/dev/pico-sdk/src/rp2_common/pico_stdio/stdio.c.obj
 .debug_info    0x0001c745      0xbe3 CMakeFiles/audio_passthrough_tx.dir/C_/dev/pico-sdk/src/rp2_common/hardware_dma/dma.c.obj
 .debug_info    0x0001d328     0x2d8f CMakeFiles/audio_passthrough_tx.dir/C_/dev/pico-sdk/src/rp2_common/hardware_pio/pio.c.obj

.debug_abbrev   0x00000000     0x5ac6
 .debug_abbrev  0x00000000      0x648 CMakeFiles/audio_passthrough_tx.dir/main_passthrough_tx.c.obj
 .debug_abbrev  0x00000648      0x48d CMakeFiles/audio_passthrough_tx.dir/C_/dev/pico-sdk/src/rp2_common/hardware_gpio/gpio.c.obj
 .debug_abbrev  0x00000ad5      0x12d CMakeFiles/audio_passthrough_tx.dir/C_/dev/pico-sdk/src/rp2_common/pico_platform_panic/panic.c.obj
 .debug_abbrev  0x00000c02      0x2c8 CMakeFiles/audio_passthrough_tx.dir/C_/dev/pico-sdk/src/common/hardware_claim/claim.c.obj
 .debug_abbrev  0x00000eca      0x1f8 CMakeFiles/audio_passthrough_tx.dir/C_/dev/pico-sdk/src/rp2_common/hardware_sync/sync.c.obj
 .debug_abbrev  0x000010c2      0x2a1 CMakeFiles/audio_passthrough_tx.dir/C_/dev/pico-sdk/src/rp2_common/hardware_sync_spin_lock/sync_spin_lock.c.obj
 .debug_abbrev  0x00001363      0x5d5 CMakeFiles/audio_passthrough_tx.dir/C_/dev/pico-sdk/src/rp2_common/hardware_irq/irq.c.obj
 .debug_abbrev  0x00001938      0x130 CMakeFiles/audio_passthrough_tx.dir/C_/dev/pico-sdk/src/common/pico_sync/lock_core.c.obj
 .debug_abbrev  0x00001a68      0x44b CMakeFiles/audio_passthrough_tx.dir/C_/dev/pico-sdk/src/common/pico_sync/mutex.c.obj
 .debug_abbrev  0x00001eb3      0x632 CMakeFiles/audio_passthrough_tx.dir/C_/dev/pico-sdk/src/common/pico_time/time.c.obj
 .debug_abbrev  0x000024e5      0x4b4 CMakeFiles/audio_passthrough_tx.dir/C_/dev/pico-sdk/src/rp2_common/hardware_timer/timer.c.obj
 .debug_abbrev  0x00002999      0x335 CMakeFiles/audio_passthrough_tx.dir/C_/dev/pico-sdk/src/rp2_common/hardware_uart/uart.c.obj
 .debug_abbrev  0x00002cce      0x477 CMakeFiles/audio_passthrough_tx.dir/C_/dev/pico-sdk/src/rp2_common/hardware_clocks/clocks.c.obj
 .debug_abbrev  0x00003145      0x1f8 CMakeFiles/audio_passthrough_tx.dir/C_/dev/pico-sdk/src/rp2_common/hardware_pll/pll.c.obj
 .debug_abbrev  0x0000333d      0x153 CMakeFiles/audio_passthrough_tx.dir/C_/dev/pico-sdk/src/rp2_common/hardware_ticks/ticks.c.obj